Command line invocation:
    /Applications/Xcode.app/Contents/Developer/usr/bin/xcodebuild -project Hither.xcodeproj -scheme Hither -destination "platform=iOS Simulator,name=iPhone 16" build

Resolve Package Graph


Resolved source packages:
  GTMSessionFetcher: https://github.com/google/gtm-session-fetcher.git @ 3.5.0
  InteropForGoogle: https://github.com/google/interop-ios-for-google-sdks.git @ 101.0.0
  GoogleAppMeasurement: https://github.com/google/GoogleAppMeasurement.git @ 12.0.0
  abseil: https://github.com/google/abseil-cpp-binary.git @ 1.2024072200.0
  Promises: https://github.com/google/promises.git @ 2.4.0
  GoogleUtilities: https://github.com/google/GoogleUtilities.git @ 8.1.0
  leveldb: https://github.com/firebase/leveldb.git @ 1.22.5
  SwiftProtobuf: https://github.com/apple/swift-protobuf.git @ 1.30.0
  Firebase: https://github.com/firebase/firebase-ios-sdk @ 12.0.0
  GoogleSignIn: https://github.com/google/GoogleSignIn-iOS @ 9.0.0
  AppCheck: https://github.com/google/app-check.git @ 11.2.0
  AppAuth: https://github.com/openid/AppAuth-iOS.git @ 2.0.0
  GoogleDataTransport: https://github.com/google/GoogleDataTransport.git @ 10.1.0
  nanopb: https://github.com/firebase/nanopb.git @ 2.30910.0
  GoogleAdsOnDeviceConversion: https://github.com/googleads/google-ads-on-device-conversion-ios-sdk @ 2.1.0
  GoogleMaps: https://github.com/googlemaps/ios-maps-sdk @ 10.1.0
  gRPC: https://github.com/google/grpc-binary.git @ 1.69.0
  GTMAppAuth: https://github.com/google/GTMAppAuth.git @ 5.0.0

--- xcodebuild: WARNING: Using the first of multiple matching destinations:
{ platform:iOS Simulator, arch:arm64, id:17BE971B-AC3B-49A1-B202-C6A8469DFF8D, OS:18.5, name:iPhone 16 }
{ platform:iOS Simulator, arch:x86_64, id:17BE971B-AC3B-49A1-B202-C6A8469DFF8D, OS:18.5, name:iPhone 16 }
ComputePackagePrebuildTargetDependencyGraph

Prepare packages

CreateBuildRequest

SendProjectDescription

CreateBuildOperation

ComputeTargetDependencyGraph
note: Building targets in dependency order
note: Target dependency graph (83 targets)
    Target 'Hither' in project 'Hither'
        ➜ Explicit dependency on target 'WidgetsExtension' in project 'Hither'
        ➜ Explicit dependency on target 'FirebaseCore' in project 'Firebase'
        ➜ Explicit dependency on target 'GoogleSignIn' in project 'GoogleSignIn'
        ➜ Explicit dependency on target 'GoogleMaps' in project 'GoogleMaps'
        ➜ Explicit dependency on target 'FirebaseAuth' in project 'Firebase'
        ➜ Explicit dependency on target 'FirebaseFirestore' in project 'Firebase'
    Target 'FirebaseFirestore' in project 'Firebase'
        ➜ Explicit dependency on target 'FirebaseFirestoreTarget' in project 'Firebase'
        ➜ Explicit dependency on target 'FirebaseFirestoreInternalWrapper' in project 'Firebase'
        ➜ Explicit dependency on target 'FirebaseAppCheckInterop' in project 'Firebase'
        ➜ Explicit dependency on target 'Firebase' in project 'Firebase'
        ➜ Explicit dependency on target 'FirebaseCoreInternal' in project 'Firebase'
        ➜ Explicit dependency on target 'FirebaseCore' in project 'Firebase'
        ➜ Explicit dependency on target 'FirebaseCoreExtension' in project 'Firebase'
        ➜ Explicit dependency on target 'FirebaseSharedSwift' in project 'Firebase'
        ➜ Explicit dependency on target 'FirebaseFirestore' in project 'Firebase'
        ➜ Explicit dependency on target 'GULNSData' in project 'GoogleUtilities'
        ➜ Explicit dependency on target 'GULEnvironment' in project 'GoogleUtilities'
        ➜ Explicit dependency on target 'GULLogger' in project 'GoogleUtilities'
        ➜ Explicit dependency on target 'abseil' in project 'abseil'
        ➜ Explicit dependency on target 'gRPC-C++' in project 'gRPC'
        ➜ Explicit dependency on target 'nanopb' in project 'nanopb'
        ➜ Explicit dependency on target 'leveldb' in project 'leveldb'
    Target 'FirebaseFirestoreTarget' in project 'Firebase'
        ➜ Explicit dependency on target 'FirebaseFirestoreInternalWrapper' in project 'Firebase'
        ➜ Explicit dependency on target 'FirebaseAppCheckInterop' in project 'Firebase'
        ➜ Explicit dependency on target 'Firebase' in project 'Firebase'
        ➜ Explicit dependency on target 'FirebaseCoreInternal' in project 'Firebase'
        ➜ Explicit dependency on target 'FirebaseCore' in project 'Firebase'
        ➜ Explicit dependency on target 'FirebaseCoreExtension' in project 'Firebase'
        ➜ Explicit dependency on target 'FirebaseSharedSwift' in project 'Firebase'
        ➜ Explicit dependency on target 'FirebaseFirestore' in project 'Firebase'
        ➜ Explicit dependency on target 'GULNSData' in project 'GoogleUtilities'
        ➜ Explicit dependency on target 'GULEnvironment' in project 'GoogleUtilities'
        ➜ Explicit dependency on target 'GULLogger' in project 'GoogleUtilities'
        ➜ Explicit dependency on target 'abseil' in project 'abseil'
        ➜ Explicit dependency on target 'gRPC-C++' in project 'gRPC'
        ➜ Explicit dependency on target 'nanopb' in project 'nanopb'
        ➜ Explicit dependency on target 'leveldb' in project 'leveldb'
    Target 'FirebaseFirestore' in project 'Firebase'
        ➜ Explicit dependency on target 'Firebase_FirebaseFirestore' in project 'Firebase'
        ➜ Explicit dependency on target 'FirebaseFirestoreInternalWrapper' in project 'Firebase'
        ➜ Explicit dependency on target 'FirebaseAppCheckInterop' in project 'Firebase'
        ➜ Explicit dependency on target 'Firebase' in project 'Firebase'
        ➜ Explicit dependency on target 'FirebaseCoreInternal' in project 'Firebase'
        ➜ Explicit dependency on target 'FirebaseCore' in project 'Firebase'
        ➜ Explicit dependency on target 'FirebaseCoreExtension' in project 'Firebase'
        ➜ Explicit dependency on target 'FirebaseSharedSwift' in project 'Firebase'
        ➜ Explicit dependency on target 'GULNSData' in project 'GoogleUtilities'
        ➜ Explicit dependency on target 'GULEnvironment' in project 'GoogleUtilities'
        ➜ Explicit dependency on target 'GULLogger' in project 'GoogleUtilities'
        ➜ Explicit dependency on target 'abseil' in project 'abseil'
        ➜ Explicit dependency on target 'gRPC-C++' in project 'gRPC'
        ➜ Explicit dependency on target 'nanopb' in project 'nanopb'
        ➜ Explicit dependency on target 'leveldb' in project 'leveldb'
    Target 'leveldb' in project 'leveldb'
        ➜ Explicit dependency on target 'leveldb' in project 'leveldb'
        ➜ Explicit dependency on target 'leveldb_leveldb' in project 'leveldb'
    Target 'leveldb' in project 'leveldb'
        ➜ Explicit dependency on target 'leveldb_leveldb' in project 'leveldb'
    Target 'leveldb_leveldb' in project 'leveldb' (no dependencies)
    Target 'nanopb' in project 'nanopb'
        ➜ Explicit dependency on target 'nanopb' in project 'nanopb'
        ➜ Explicit dependency on target 'nanopb_nanopb' in project 'nanopb'
    Target 'nanopb' in project 'nanopb'
        ➜ Explicit dependency on target 'nanopb_nanopb' in project 'nanopb'
    Target 'nanopb_nanopb' in project 'nanopb' (no dependencies)
    Target 'gRPC-C++' in project 'gRPC'
        ➜ Explicit dependency on target 'grpcppWrapper' in project 'gRPC'
        ➜ Explicit dependency on target 'gRPC_grpcppWrapper' in project 'gRPC'
        ➜ Explicit dependency on target 'grpcWrapper' in project 'gRPC'
        ➜ Explicit dependency on target 'opensslWrapper' in project 'gRPC'
        ➜ Explicit dependency on target 'abseil' in project 'abseil'
    Target 'grpcppWrapper' in project 'gRPC'
        ➜ Explicit dependency on target 'gRPC_grpcppWrapper' in project 'gRPC'
        ➜ Explicit dependency on target 'grpcWrapper' in project 'gRPC'
        ➜ Explicit dependency on target 'opensslWrapper' in project 'gRPC'
        ➜ Explicit dependency on target 'abseil' in project 'abseil'
    Target 'opensslWrapper' in project 'gRPC'
        ➜ Explicit dependency on target 'gRPC_opensslWrapper' in project 'gRPC'
    Target 'gRPC_opensslWrapper' in project 'gRPC' (no dependencies)
    Target 'grpcWrapper' in project 'gRPC'
        ➜ Explicit dependency on target 'gRPC_grpcWrapper' in project 'gRPC'
    Target 'gRPC_grpcWrapper' in project 'gRPC' (no dependencies)
    Target 'gRPC_grpcppWrapper' in project 'gRPC' (no dependencies)
    Target 'abseil' in project 'abseil'
        ➜ Explicit dependency on target 'abslWrapper' in project 'abseil'
        ➜ Explicit dependency on target 'abseil_abslWrapper' in project 'abseil'
    Target 'abslWrapper' in project 'abseil'
        ➜ Explicit dependency on target 'abseil_abslWrapper' in project 'abseil'
    Target 'abseil_abslWrapper' in project 'abseil' (no dependencies)
    Target 'Firebase_FirebaseFirestore' in project 'Firebase' (no dependencies)
    Target 'FirebaseSharedSwift' in project 'Firebase' (no dependencies)
    Target 'FirebaseFirestoreInternalWrapper' in project 'Firebase' (no dependencies)
    Target 'FirebaseAuth' in project 'Firebase'
        ➜ Explicit dependency on target 'FirebaseAuth' in project 'Firebase'
        ➜ Explicit dependency on target 'Firebase_FirebaseAuth' in project 'Firebase'
        ➜ Explicit dependency on target 'FirebaseAppCheckInterop' in project 'Firebase'
        ➜ Explicit dependency on target 'FirebaseAuthInterop' in project 'Firebase'
        ➜ Explicit dependency on target 'FirebaseAuthInternal' in project 'Firebase'
        ➜ Explicit dependency on target 'Firebase' in project 'Firebase'
        ➜ Explicit dependency on target 'FirebaseCoreInternal' in project 'Firebase'
        ➜ Explicit dependency on target 'FirebaseCore' in project 'Firebase'
        ➜ Explicit dependency on target 'FirebaseCoreExtension' in project 'Firebase'
        ➜ Explicit dependency on target 'RecaptchaInterop' in project 'InteropForGoogle'
        ➜ Explicit dependency on target 'GULNSData' in project 'GoogleUtilities'
        ➜ Explicit dependency on target 'GULEnvironment' in project 'GoogleUtilities'
        ➜ Explicit dependency on target 'GULLogger' in project 'GoogleUtilities'
        ➜ Explicit dependency on target 'GULAppDelegateSwizzler' in project 'GoogleUtilities'
        ➜ Explicit dependency on target 'GTMSessionFetcherCore' in project 'GTMSessionFetcher'
    Target 'FirebaseAuth' in project 'Firebase'
        ➜ Explicit dependency on target 'Firebase_FirebaseAuth' in project 'Firebase'
        ➜ Explicit dependency on target 'FirebaseAppCheckInterop' in project 'Firebase'
        ➜ Explicit dependency on target 'FirebaseAuthInterop' in project 'Firebase'
        ➜ Explicit dependency on target 'FirebaseAuthInternal' in project 'Firebase'
        ➜ Explicit dependency on target 'Firebase' in project 'Firebase'
        ➜ Explicit dependency on target 'FirebaseCoreInternal' in project 'Firebase'
        ➜ Explicit dependency on target 'FirebaseCore' in project 'Firebase'
        ➜ Explicit dependency on target 'FirebaseCoreExtension' in project 'Firebase'
        ➜ Explicit dependency on target 'RecaptchaInterop' in project 'InteropForGoogle'
        ➜ Explicit dependency on target 'GULNSData' in project 'GoogleUtilities'
        ➜ Explicit dependency on target 'GULEnvironment' in project 'GoogleUtilities'
        ➜ Explicit dependency on target 'GULLogger' in project 'GoogleUtilities'
        ➜ Explicit dependency on target 'GULAppDelegateSwizzler' in project 'GoogleUtilities'
        ➜ Explicit dependency on target 'GTMSessionFetcherCore' in project 'GTMSessionFetcher'
    Target 'GULAppDelegateSwizzler' in project 'GoogleUtilities'
        ➜ Explicit dependency on target 'GoogleUtilities-AppDelegateSwizzler' in project 'GoogleUtilities'
        ➜ Explicit dependency on target 'GoogleUtilities_GoogleUtilities-AppDelegateSwizzler' in project 'GoogleUtilities'
        ➜ Explicit dependency on target 'third-party-IsAppEncrypted' in project 'GoogleUtilities'
        ➜ Explicit dependency on target 'GoogleUtilities-Environment' in project 'GoogleUtilities'
        ➜ Explicit dependency on target 'GoogleUtilities-Logger' in project 'GoogleUtilities'
        ➜ Explicit dependency on target 'GoogleUtilities-NSData' in project 'GoogleUtilities'
        ➜ Explicit dependency on target 'GoogleUtilities-Reachability' in project 'GoogleUtilities'
        ➜ Explicit dependency on target 'GoogleUtilities-Network' in project 'GoogleUtilities'
    Target 'GoogleUtilities-AppDelegateSwizzler' in project 'GoogleUtilities'
        ➜ Explicit dependency on target 'GoogleUtilities_GoogleUtilities-AppDelegateSwizzler' in project 'GoogleUtilities'
        ➜ Explicit dependency on target 'third-party-IsAppEncrypted' in project 'GoogleUtilities'
        ➜ Explicit dependency on target 'GoogleUtilities-Environment' in project 'GoogleUtilities'
        ➜ Explicit dependency on target 'GoogleUtilities-Logger' in project 'GoogleUtilities'
        ➜ Explicit dependency on target 'GoogleUtilities-NSData' in project 'GoogleUtilities'
        ➜ Explicit dependency on target 'GoogleUtilities-Reachability' in project 'GoogleUtilities'
        ➜ Explicit dependency on target 'GoogleUtilities-Network' in project 'GoogleUtilities'
    Target 'GoogleUtilities-Network' in project 'GoogleUtilities'
        ➜ Explicit dependency on target 'GoogleUtilities_GoogleUtilities-Network' in project 'GoogleUtilities'
        ➜ Explicit dependency on target 'third-party-IsAppEncrypted' in project 'GoogleUtilities'
        ➜ Explicit dependency on target 'GoogleUtilities-Environment' in project 'GoogleUtilities'
        ➜ Explicit dependency on target 'GoogleUtilities-Logger' in project 'GoogleUtilities'
        ➜ Explicit dependency on target 'GoogleUtilities-NSData' in project 'GoogleUtilities'
        ➜ Explicit dependency on target 'GoogleUtilities-Reachability' in project 'GoogleUtilities'
    Target 'GoogleUtilities_GoogleUtilities-Network' in project 'GoogleUtilities' (no dependencies)
    Target 'GoogleUtilities-Reachability' in project 'GoogleUtilities'
        ➜ Explicit dependency on target 'GoogleUtilities_GoogleUtilities-Reachability' in project 'GoogleUtilities'
        ➜ Explicit dependency on target 'third-party-IsAppEncrypted' in project 'GoogleUtilities'
        ➜ Explicit dependency on target 'GoogleUtilities-Environment' in project 'GoogleUtilities'
        ➜ Explicit dependency on target 'GoogleUtilities-Logger' in project 'GoogleUtilities'
    Target 'GoogleUtilities_GoogleUtilities-Reachability' in project 'GoogleUtilities' (no dependencies)
    Target 'GoogleUtilities_GoogleUtilities-AppDelegateSwizzler' in project 'GoogleUtilities' (no dependencies)
    Target 'FirebaseCoreExtension' in project 'Firebase'
        ➜ Explicit dependency on target 'Firebase_FirebaseCoreExtension' in project 'Firebase'
    Target 'Firebase_FirebaseCoreExtension' in project 'Firebase' (no dependencies)
    Target 'FirebaseAuthInternal' in project 'Firebase'
        ➜ Explicit dependency on target 'RecaptchaInterop' in project 'InteropForGoogle'
    Target 'RecaptchaInterop' in project 'InteropForGoogle'
        ➜ Explicit dependency on target 'RecaptchaInterop' in project 'InteropForGoogle'
    Target 'RecaptchaInterop' in project 'InteropForGoogle' (no dependencies)
    Target 'FirebaseAuthInterop' in project 'Firebase' (no dependencies)
    Target 'FirebaseAppCheckInterop' in project 'Firebase' (no dependencies)
    Target 'Firebase_FirebaseAuth' in project 'Firebase' (no dependencies)
    Target 'GoogleMaps' in project 'GoogleMaps'
        ➜ Explicit dependency on target 'GoogleMapsTarget' in project 'GoogleMaps'
        ➜ Explicit dependency on target 'GoogleMaps_GoogleMapsTarget' in project 'GoogleMaps'
    Target 'GoogleMapsTarget' in project 'GoogleMaps'
        ➜ Explicit dependency on target 'GoogleMaps_GoogleMapsTarget' in project 'GoogleMaps'
    Target 'GoogleMaps_GoogleMapsTarget' in project 'GoogleMaps' (no dependencies)
    Target 'GoogleSignIn' in project 'GoogleSignIn'
        ➜ Explicit dependency on target 'GoogleSignIn' in project 'GoogleSignIn'
        ➜ Explicit dependency on target 'GoogleSignIn_GoogleSignIn' in project 'GoogleSignIn'
        ➜ Explicit dependency on target 'AppAuth' in project 'AppAuth'
        ➜ Explicit dependency on target 'AppAuthCore' in project 'AppAuth'
        ➜ Explicit dependency on target 'AppCheckCore' in project 'AppCheck'
        ➜ Explicit dependency on target 'GTMAppAuth' in project 'GTMAppAuth'
        ➜ Explicit dependency on target 'GTMSessionFetcherCore' in project 'GTMSessionFetcher'
    Target 'GoogleSignIn' in project 'GoogleSignIn'
        ➜ Explicit dependency on target 'GoogleSignIn_GoogleSignIn' in project 'GoogleSignIn'
        ➜ Explicit dependency on target 'AppAuth' in project 'AppAuth'
        ➜ Explicit dependency on target 'AppAuthCore' in project 'AppAuth'
        ➜ Explicit dependency on target 'AppCheckCore' in project 'AppCheck'
        ➜ Explicit dependency on target 'GTMAppAuth' in project 'GTMAppAuth'
        ➜ Explicit dependency on target 'GTMSessionFetcherCore' in project 'GTMSessionFetcher'
    Target 'GTMAppAuth' in project 'GTMAppAuth'
        ➜ Explicit dependency on target 'GTMAppAuth' in project 'GTMAppAuth'
        ➜ Explicit dependency on target 'GTMAppAuth_GTMAppAuth' in project 'GTMAppAuth'
        ➜ Explicit dependency on target 'GTMSessionFetcherCore' in project 'GTMSessionFetcher'
        ➜ Explicit dependency on target 'AppAuthCore' in project 'AppAuth'
    Target 'GTMAppAuth' in project 'GTMAppAuth'
        ➜ Explicit dependency on target 'GTMAppAuth_GTMAppAuth' in project 'GTMAppAuth'
        ➜ Explicit dependency on target 'GTMSessionFetcherCore' in project 'GTMSessionFetcher'
        ➜ Explicit dependency on target 'AppAuthCore' in project 'AppAuth'
    Target 'GTMSessionFetcherCore' in project 'GTMSessionFetcher'
        ➜ Explicit dependency on target 'GTMSessionFetcherCore' in project 'GTMSessionFetcher'
        ➜ Explicit dependency on target 'GTMSessionFetcher_GTMSessionFetcherCore' in project 'GTMSessionFetcher'
    Target 'GTMSessionFetcherCore' in project 'GTMSessionFetcher'
        ➜ Explicit dependency on target 'GTMSessionFetcher_GTMSessionFetcherCore' in project 'GTMSessionFetcher'
    Target 'GTMSessionFetcher_GTMSessionFetcherCore' in project 'GTMSessionFetcher' (no dependencies)
    Target 'GTMAppAuth_GTMAppAuth' in project 'GTMAppAuth' (no dependencies)
    Target 'AppCheckCore' in project 'AppCheck'
        ➜ Explicit dependency on target 'AppCheckCore' in project 'AppCheck'
        ➜ Explicit dependency on target 'FBLPromises' in project 'Promises'
        ➜ Explicit dependency on target 'GULEnvironment' in project 'GoogleUtilities'
        ➜ Explicit dependency on target 'GULUserDefaults' in project 'GoogleUtilities'
    Target 'AppCheckCore' in project 'AppCheck'
        ➜ Explicit dependency on target 'FBLPromises' in project 'Promises'
        ➜ Explicit dependency on target 'GULEnvironment' in project 'GoogleUtilities'
        ➜ Explicit dependency on target 'GULUserDefaults' in project 'GoogleUtilities'
    Target 'GULUserDefaults' in project 'GoogleUtilities'
        ➜ Explicit dependency on target 'GoogleUtilities-UserDefaults' in project 'GoogleUtilities'
        ➜ Explicit dependency on target 'GoogleUtilities_GoogleUtilities-UserDefaults' in project 'GoogleUtilities'
        ➜ Explicit dependency on target 'third-party-IsAppEncrypted' in project 'GoogleUtilities'
        ➜ Explicit dependency on target 'GoogleUtilities-Environment' in project 'GoogleUtilities'
        ➜ Explicit dependency on target 'GoogleUtilities-Logger' in project 'GoogleUtilities'
    Target 'GoogleUtilities-UserDefaults' in project 'GoogleUtilities'
        ➜ Explicit dependency on target 'GoogleUtilities_GoogleUtilities-UserDefaults' in project 'GoogleUtilities'
        ➜ Explicit dependency on target 'third-party-IsAppEncrypted' in project 'GoogleUtilities'
        ➜ Explicit dependency on target 'GoogleUtilities-Environment' in project 'GoogleUtilities'
        ➜ Explicit dependency on target 'GoogleUtilities-Logger' in project 'GoogleUtilities'
    Target 'GoogleUtilities_GoogleUtilities-UserDefaults' in project 'GoogleUtilities' (no dependencies)
    Target 'FBLPromises' in project 'Promises'
        ➜ Explicit dependency on target 'FBLPromises' in project 'Promises'
        ➜ Explicit dependency on target 'Promises_FBLPromises' in project 'Promises'
    Target 'FBLPromises' in project 'Promises'
        ➜ Explicit dependency on target 'Promises_FBLPromises' in project 'Promises'
    Target 'Promises_FBLPromises' in project 'Promises' (no dependencies)
    Target 'AppAuthCore' in project 'AppAuth'
        ➜ Explicit dependency on target 'AppAuthCore' in project 'AppAuth'
        ➜ Explicit dependency on target 'AppAuth_AppAuthCore' in project 'AppAuth'
    Target 'AppAuth' in project 'AppAuth'
        ➜ Explicit dependency on target 'AppAuth' in project 'AppAuth'
        ➜ Explicit dependency on target 'AppAuth_AppAuth' in project 'AppAuth'
        ➜ Explicit dependency on target 'AppAuthCore' in project 'AppAuth'
    Target 'AppAuth' in project 'AppAuth'
        ➜ Explicit dependency on target 'AppAuth_AppAuth' in project 'AppAuth'
        ➜ Explicit dependency on target 'AppAuthCore' in project 'AppAuth'
    Target 'AppAuthCore' in project 'AppAuth'
        ➜ Explicit dependency on target 'AppAuth_AppAuthCore' in project 'AppAuth'
    Target 'AppAuth_AppAuthCore' in project 'AppAuth' (no dependencies)
    Target 'AppAuth_AppAuth' in project 'AppAuth' (no dependencies)
    Target 'GoogleSignIn_GoogleSignIn' in project 'GoogleSignIn' (no dependencies)
    Target 'FirebaseCore' in project 'Firebase'
        ➜ Explicit dependency on target 'FirebaseCore' in project 'Firebase'
        ➜ Explicit dependency on target 'Firebase_FirebaseCore' in project 'Firebase'
        ➜ Explicit dependency on target 'Firebase' in project 'Firebase'
        ➜ Explicit dependency on target 'FirebaseCoreInternal' in project 'Firebase'
        ➜ Explicit dependency on target 'GULNSData' in project 'GoogleUtilities'
        ➜ Explicit dependency on target 'GULEnvironment' in project 'GoogleUtilities'
        ➜ Explicit dependency on target 'GULLogger' in project 'GoogleUtilities'
    Target 'FirebaseCore' in project 'Firebase'
        ➜ Explicit dependency on target 'Firebase_FirebaseCore' in project 'Firebase'
        ➜ Explicit dependency on target 'Firebase' in project 'Firebase'
        ➜ Explicit dependency on target 'FirebaseCoreInternal' in project 'Firebase'
        ➜ Explicit dependency on target 'GULNSData' in project 'GoogleUtilities'
        ➜ Explicit dependency on target 'GULEnvironment' in project 'GoogleUtilities'
        ➜ Explicit dependency on target 'GULLogger' in project 'GoogleUtilities'
    Target 'GULLogger' in project 'GoogleUtilities'
        ➜ Explicit dependency on target 'GoogleUtilities-Logger' in project 'GoogleUtilities'
        ➜ Explicit dependency on target 'GoogleUtilities_GoogleUtilities-Logger' in project 'GoogleUtilities'
        ➜ Explicit dependency on target 'third-party-IsAppEncrypted' in project 'GoogleUtilities'
        ➜ Explicit dependency on target 'GoogleUtilities-Environment' in project 'GoogleUtilities'
    Target 'GoogleUtilities-Logger' in project 'GoogleUtilities'
        ➜ Explicit dependency on target 'GoogleUtilities_GoogleUtilities-Logger' in project 'GoogleUtilities'
        ➜ Explicit dependency on target 'third-party-IsAppEncrypted' in project 'GoogleUtilities'
        ➜ Explicit dependency on target 'GoogleUtilities-Environment' in project 'GoogleUtilities'
    Target 'GoogleUtilities_GoogleUtilities-Logger' in project 'GoogleUtilities' (no dependencies)
    Target 'GULEnvironment' in project 'GoogleUtilities'
        ➜ Explicit dependency on target 'GoogleUtilities-Environment' in project 'GoogleUtilities'
        ➜ Explicit dependency on target 'GoogleUtilities_GoogleUtilities-Environment' in project 'GoogleUtilities'
        ➜ Explicit dependency on target 'third-party-IsAppEncrypted' in project 'GoogleUtilities'
    Target 'GoogleUtilities-Environment' in project 'GoogleUtilities'
        ➜ Explicit dependency on target 'GoogleUtilities_GoogleUtilities-Environment' in project 'GoogleUtilities'
        ➜ Explicit dependency on target 'third-party-IsAppEncrypted' in project 'GoogleUtilities'
    Target 'third-party-IsAppEncrypted' in project 'GoogleUtilities' (no dependencies)
    Target 'GoogleUtilities_GoogleUtilities-Environment' in project 'GoogleUtilities' (no dependencies)
    Target 'FirebaseCoreInternal' in project 'Firebase'
        ➜ Explicit dependency on target 'Firebase_FirebaseCoreInternal' in project 'Firebase'
        ➜ Explicit dependency on target 'GULNSData' in project 'GoogleUtilities'
    Target 'GULNSData' in project 'GoogleUtilities'
        ➜ Explicit dependency on target 'GoogleUtilities-NSData' in project 'GoogleUtilities'
        ➜ Explicit dependency on target 'GoogleUtilities_GoogleUtilities-NSData' in project 'GoogleUtilities'
    Target 'GoogleUtilities-NSData' in project 'GoogleUtilities'
        ➜ Explicit dependency on target 'GoogleUtilities_GoogleUtilities-NSData' in project 'GoogleUtilities'
    Target 'GoogleUtilities_GoogleUtilities-NSData' in project 'GoogleUtilities' (no dependencies)
    Target 'Firebase_FirebaseCoreInternal' in project 'Firebase' (no dependencies)
    Target 'Firebase' in project 'Firebase' (no dependencies)
    Target 'Firebase_FirebaseCore' in project 'Firebase' (no dependencies)
    Target 'WidgetsExtension' in project 'Hither' (no dependencies)

GatherProvisioningInputs

CreateBuildDescription

ExecuteExternalTool /Applications/Xcode.app/Contents/Developer/usr/bin/actool --version --output-format xml1

ExecuteExternalTool /Applications/Xcode.app/Contents/Developer/Toolchains/XcodeDefault.xctoolchain/usr/bin/clang -v -E -dM -arch arm64 -isysroot /Applications/Xcode.app/Contents/Developer/Platforms/iPhoneSimulator.platform/Developer/SDKs/iPhoneSimulator18.5.sdk -x objective-c -c /dev/null

ExecuteExternalTool /Applications/Xcode.app/Contents/Developer/Toolchains/XcodeDefault.xctoolchain/usr/bin/swiftc --version

ExecuteExternalTool /Applications/Xcode.app/Contents/Developer/usr/bin/actool --print-asset-tag-combinations --output-format xml1 /Users/dillion/Desktop/Hither/Hither/Assets.xcassets

ExecuteExternalTool /Applications/Xcode.app/Contents/Developer/Toolchains/XcodeDefault.xctoolchain/usr/bin/clang -v -E -dM -isysroot /Applications/Xcode.app/Contents/Developer/Platforms/iPhoneSimulator.platform/Developer/SDKs/iPhoneSimulator18.5.sdk -x c -c /dev/null

ExecuteExternalTool /Applications/Xcode.app/Contents/Developer/Toolchains/XcodeDefault.xctoolchain/usr/bin/ld -version_details

ExecuteExternalTool /Applications/Xcode.app/Contents/Developer/Toolchains/XcodeDefault.xctoolchain/usr/bin/clang -v -E -dM -arch arm64 -isysroot /Applications/Xcode.app/Contents/Developer/Platforms/iPhoneSimulator.platform/Developer/SDKs/iPhoneSimulator18.5.sdk -x c -c /dev/null

ExecuteExternalTool /Applications/Xcode.app/Contents/Developer/Toolchains/XcodeDefault.xctoolchain/usr/bin/clang -v -E -dM -arch arm64 -isysroot /Applications/Xcode.app/Contents/Developer/Platforms/iPhoneSimulator.platform/Developer/SDKs/iPhoneSimulator18.5.sdk -x c++ -c /dev/null

Build description signature: d8d0bced28ff334aca258422d9654837
Build description path: /Users/dillion/Library/Developer/Xcode/DerivedData/Hither-bjrqgrflacigtpguwzhgemabgmon/Build/Intermediates.noindex/XCBuildData/d8d0bced28ff334aca258422d9654837.xcbuilddata
ClangStatCache /Applications/Xcode.app/Contents/Developer/Toolchains/XcodeDefault.xctoolchain/usr/bin/clang-stat-cache /Applications/Xcode.app/Contents/Developer/Platforms/iPhoneSimulator.platform/Developer/SDKs/iPhoneSimulator18.5.sdk /Users/dillion/Library/Developer/Xcode/DerivedData/SDKStatCaches.noindex/iphonesimulator18.5-22F76-d5fc8ad4295d2ef488fb7d0f804ce0c4.sdkstatcache
    cd /Users/dillion/Desktop/Hither/Hither.xcodeproj
    /Applications/Xcode.app/Contents/Developer/Toolchains/XcodeDefault.xctoolchain/usr/bin/clang-stat-cache /Applications/Xcode.app/Contents/Developer/Platforms/iPhoneSimulator.platform/Developer/SDKs/iPhoneSimulator18.5.sdk -o /Users/dillion/Library/Developer/Xcode/DerivedData/SDKStatCaches.noindex/iphonesimulator18.5-22F76-d5fc8ad4295d2ef488fb7d0f804ce0c4.sdkstatcache

ProcessInfoPlistFile /Users/dillion/Library/Developer/Xcode/DerivedData/Hither-bjrqgrflacigtpguwzhgemabgmon/Build/Products/Debug-iphonesimulator/GoogleMaps_GoogleMapsTarget.bundle/Info.plist /Users/dillion/Library/Developer/Xcode/DerivedData/Hither-bjrqgrflacigtpguwzhgemabgmon/Build/Intermediates.noindex/GoogleMaps.build/Debug-iphonesimulator/GoogleMaps_GoogleMapsTarget.build/empty-GoogleMaps_GoogleMapsTarget.plist (in target 'GoogleMaps_GoogleMapsTarget' from project 'GoogleMaps')
    cd /Users/dillion/Library/Developer/Xcode/DerivedData/Hither-bjrqgrflacigtpguwzhgemabgmon/SourcePackages/checkouts/ios-maps-sdk
    builtin-infoPlistUtility /Users/dillion/Library/Developer/Xcode/DerivedData/Hither-bjrqgrflacigtpguwzhgemabgmon/Build/Intermediates.noindex/GoogleMaps.build/Debug-iphonesimulator/GoogleMaps_GoogleMapsTarget.build/empty-GoogleMaps_GoogleMapsTarget.plist -producttype com.apple.product-type.bundle -expandbuildsettings -format binary -platform iphonesimulator -o /Users/dillion/Library/Developer/Xcode/DerivedData/Hither-bjrqgrflacigtpguwzhgemabgmon/Build/Products/Debug-iphonesimulator/GoogleMaps_GoogleMapsTarget.bundle/Info.plist

ProcessInfoPlistFile /Users/dillion/Library/Developer/Xcode/DerivedData/Hither-bjrqgrflacigtpguwzhgemabgmon/Build/Products/Debug-iphonesimulator/GoogleUtilities_GoogleUtilities-Environment.bundle/Info.plist /Users/dillion/Library/Developer/Xcode/DerivedData/Hither-bjrqgrflacigtpguwzhgemabgmon/Build/Intermediates.noindex/GoogleUtilities.build/Debug-iphonesimulator/GoogleUtilities_GoogleUtilities-Environment.build/empty-GoogleUtilities_GoogleUtilities-Environment.plist (in target 'GoogleUtilities_GoogleUtilities-Environment' from project 'GoogleUtilities')
    cd /Users/dillion/Library/Developer/Xcode/DerivedData/Hither-bjrqgrflacigtpguwzhgemabgmon/SourcePackages/checkouts/GoogleUtilities
    builtin-infoPlistUtility /Users/dillion/Library/Developer/Xcode/DerivedData/Hither-bjrqgrflacigtpguwzhgemabgmon/Build/Intermediates.noindex/GoogleUtilities.build/Debug-iphonesimulator/GoogleUtilities_GoogleUtilities-Environment.build/empty-GoogleUtilities_GoogleUtilities-Environment.plist -producttype com.apple.product-type.bundle -expandbuildsettings -format binary -platform iphonesimulator -o /Users/dillion/Library/Developer/Xcode/DerivedData/Hither-bjrqgrflacigtpguwzhgemabgmon/Build/Products/Debug-iphonesimulator/GoogleUtilities_GoogleUtilities-Environment.bundle/Info.plist

ProcessInfoPlistFile /Users/dillion/Library/Developer/Xcode/DerivedData/Hither-bjrqgrflacigtpguwzhgemabgmon/Build/Products/Debug-iphonesimulator/GoogleUtilities_GoogleUtilities-NSData.bundle/Info.plist /Users/dillion/Library/Developer/Xcode/DerivedData/Hither-bjrqgrflacigtpguwzhgemabgmon/Build/Intermediates.noindex/GoogleUtilities.build/Debug-iphonesimulator/GoogleUtilities_GoogleUtilities-NSData.build/empty-GoogleUtilities_GoogleUtilities-NSData.plist (in target 'GoogleUtilities_GoogleUtilities-NSData' from project 'GoogleUtilities')
    cd /Users/dillion/Library/Developer/Xcode/DerivedData/Hither-bjrqgrflacigtpguwzhgemabgmon/SourcePackages/checkouts/GoogleUtilities
    builtin-infoPlistUtility /Users/dillion/Library/Developer/Xcode/DerivedData/Hither-bjrqgrflacigtpguwzhgemabgmon/Build/Intermediates.noindex/GoogleUtilities.build/Debug-iphonesimulator/GoogleUtilities_GoogleUtilities-NSData.build/empty-GoogleUtilities_GoogleUtilities-NSData.plist -producttype com.apple.product-type.bundle -expandbuildsettings -format binary -platform iphonesimulator -o /Users/dillion/Library/Developer/Xcode/DerivedData/Hither-bjrqgrflacigtpguwzhgemabgmon/Build/Products/Debug-iphonesimulator/GoogleUtilities_GoogleUtilities-NSData.bundle/Info.plist

ProcessInfoPlistFile /Users/dillion/Library/Developer/Xcode/DerivedData/Hither-bjrqgrflacigtpguwzhgemabgmon/Build/Products/Debug-iphonesimulator/Firebase_FirebaseCoreInternal.bundle/Info.plist /Users/dillion/Library/Developer/Xcode/DerivedData/Hither-bjrqgrflacigtpguwzhgemabgmon/Build/Intermediates.noindex/Firebase.build/Debug-iphonesimulator/Firebase_FirebaseCoreInternal.build/empty-Firebase_FirebaseCoreInternal.plist (in target 'Firebase_FirebaseCoreInternal' from project 'Firebase')
    cd /Users/dillion/Library/Developer/Xcode/DerivedData/Hither-bjrqgrflacigtpguwzhgemabgmon/SourcePackages/checkouts/firebase-ios-sdk
    builtin-infoPlistUtility /Users/dillion/Library/Developer/Xcode/DerivedData/Hither-bjrqgrflacigtpguwzhgemabgmon/Build/Intermediates.noindex/Firebase.build/Debug-iphonesimulator/Firebase_FirebaseCoreInternal.build/empty-Firebase_FirebaseCoreInternal.plist -producttype com.apple.product-type.bundle -expandbuildsettings -format binary -platform iphonesimulator -o /Users/dillion/Library/Developer/Xcode/DerivedData/Hither-bjrqgrflacigtpguwzhgemabgmon/Build/Products/Debug-iphonesimulator/Firebase_FirebaseCoreInternal.bundle/Info.plist

ProcessInfoPlistFile /Users/dillion/Library/Developer/Xcode/DerivedData/Hither-bjrqgrflacigtpguwzhgemabgmon/Build/Products/Debug-iphonesimulator/GTMSessionFetcher_GTMSessionFetcherCore.bundle/Info.plist /Users/dillion/Library/Developer/Xcode/DerivedData/Hither-bjrqgrflacigtpguwzhgemabgmon/Build/Intermediates.noindex/GTMSessionFetcher.build/Debug-iphonesimulator/GTMSessionFetcher_GTMSessionFetcherCore.build/empty-GTMSessionFetcher_GTMSessionFetcherCore.plist (in target 'GTMSessionFetcher_GTMSessionFetcherCore' from project 'GTMSessionFetcher')
    cd /Users/dillion/Library/Developer/Xcode/DerivedData/Hither-bjrqgrflacigtpguwzhgemabgmon/SourcePackages/checkouts/gtm-session-fetcher
    builtin-infoPlistUtility /Users/dillion/Library/Developer/Xcode/DerivedData/Hither-bjrqgrflacigtpguwzhgemabgmon/Build/Intermediates.noindex/GTMSessionFetcher.build/Debug-iphonesimulator/GTMSessionFetcher_GTMSessionFetcherCore.build/empty-GTMSessionFetcher_GTMSessionFetcherCore.plist -producttype com.apple.product-type.bundle -expandbuildsettings -format binary -platform iphonesimulator -o /Users/dillion/Library/Developer/Xcode/DerivedData/Hither-bjrqgrflacigtpguwzhgemabgmon/Build/Products/Debug-iphonesimulator/GTMSessionFetcher_GTMSessionFetcherCore.bundle/Info.plist

WriteAuxiliaryFile /Users/dillion/Library/Developer/Xcode/DerivedData/Hither-bjrqgrflacigtpguwzhgemabgmon/Build/Intermediates.noindex/Hither.build/Debug-iphonesimulator/WidgetsExtension.build/Objects-normal/arm64/WidgetsExtension.SwiftFileList (in target 'WidgetsExtension' from project 'Hither')
    cd /Users/dillion/Desktop/Hither
    write-file /Users/dillion/Library/Developer/Xcode/DerivedData/Hither-bjrqgrflacigtpguwzhgemabgmon/Build/Intermediates.noindex/Hither.build/Debug-iphonesimulator/WidgetsExtension.build/Objects-normal/arm64/WidgetsExtension.SwiftFileList

WriteAuxiliaryFile /Users/dillion/Library/Developer/Xcode/DerivedData/Hither-bjrqgrflacigtpguwzhgemabgmon/Build/Intermediates.noindex/Hither.build/Debug-iphonesimulator/WidgetsExtension.build/Objects-normal/arm64/WidgetsExtension.SwiftConstValuesFileList (in target 'WidgetsExtension' from project 'Hither')
    cd /Users/dillion/Desktop/Hither
    write-file /Users/dillion/Library/Developer/Xcode/DerivedData/Hither-bjrqgrflacigtpguwzhgemabgmon/Build/Intermediates.noindex/Hither.build/Debug-iphonesimulator/WidgetsExtension.build/Objects-normal/arm64/WidgetsExtension.SwiftConstValuesFileList

WriteAuxiliaryFile /Users/dillion/Library/Developer/Xcode/DerivedData/Hither-bjrqgrflacigtpguwzhgemabgmon/Build/Intermediates.noindex/Hither.build/Debug-iphonesimulator/WidgetsExtension.build/Objects-normal/arm64/WidgetsExtension.LinkFileList (in target 'WidgetsExtension' from project 'Hither')
    cd /Users/dillion/Desktop/Hither
    write-file /Users/dillion/Library/Developer/Xcode/DerivedData/Hither-bjrqgrflacigtpguwzhgemabgmon/Build/Intermediates.noindex/Hither.build/Debug-iphonesimulator/WidgetsExtension.build/Objects-normal/arm64/WidgetsExtension.LinkFileList

WriteAuxiliaryFile /Users/dillion/Library/Developer/Xcode/DerivedData/Hither-bjrqgrflacigtpguwzhgemabgmon/Build/Intermediates.noindex/Hither.build/Debug-iphonesimulator/Hither.build/Objects-normal/arm64/Hither.LinkFileList (in target 'Hither' from project 'Hither')
    cd /Users/dillion/Desktop/Hither
    write-file /Users/dillion/Library/Developer/Xcode/DerivedData/Hither-bjrqgrflacigtpguwzhgemabgmon/Build/Intermediates.noindex/Hither.build/Debug-iphonesimulator/Hither.build/Objects-normal/arm64/Hither.LinkFileList

WriteAuxiliaryFile /Users/dillion/Library/Developer/Xcode/DerivedData/Hither-bjrqgrflacigtpguwzhgemabgmon/Build/Intermediates.noindex/Hither.build/Debug-iphonesimulator/Hither.build/Objects-normal/arm64/Hither.SwiftConstValuesFileList (in target 'Hither' from project 'Hither')
    cd /Users/dillion/Desktop/Hither
    write-file /Users/dillion/Library/Developer/Xcode/DerivedData/Hither-bjrqgrflacigtpguwzhgemabgmon/Build/Intermediates.noindex/Hither.build/Debug-iphonesimulator/Hither.build/Objects-normal/arm64/Hither.SwiftConstValuesFileList

WriteAuxiliaryFile /Users/dillion/Library/Developer/Xcode/DerivedData/Hither-bjrqgrflacigtpguwzhgemabgmon/Build/Intermediates.noindex/Hither.build/Debug-iphonesimulator/Hither.build/Objects-normal/arm64/Hither.SwiftFileList (in target 'Hither' from project 'Hither')
    cd /Users/dillion/Desktop/Hither
    write-file /Users/dillion/Library/Developer/Xcode/DerivedData/Hither-bjrqgrflacigtpguwzhgemabgmon/Build/Intermediates.noindex/Hither.build/Debug-iphonesimulator/Hither.build/Objects-normal/arm64/Hither.SwiftFileList

ProcessInfoPlistFile /Users/dillion/Library/Developer/Xcode/DerivedData/Hither-bjrqgrflacigtpguwzhgemabgmon/Build/Products/Debug-iphonesimulator/leveldb_leveldb.bundle/Info.plist /Users/dillion/Library/Developer/Xcode/DerivedData/Hither-bjrqgrflacigtpguwzhgemabgmon/Build/Intermediates.noindex/leveldb.build/Debug-iphonesimulator/leveldb_leveldb.build/empty-leveldb_leveldb.plist (in target 'leveldb_leveldb' from project 'leveldb')
    cd /Users/dillion/Library/Developer/Xcode/DerivedData/Hither-bjrqgrflacigtpguwzhgemabgmon/SourcePackages/checkouts/leveldb
    builtin-infoPlistUtility /Users/dillion/Library/Developer/Xcode/DerivedData/Hither-bjrqgrflacigtpguwzhgemabgmon/Build/Intermediates.noindex/leveldb.build/Debug-iphonesimulator/leveldb_leveldb.build/empty-leveldb_leveldb.plist -producttype com.apple.product-type.bundle -expandbuildsettings -format binary -platform iphonesimulator -o /Users/dillion/Library/Developer/Xcode/DerivedData/Hither-bjrqgrflacigtpguwzhgemabgmon/Build/Products/Debug-iphonesimulator/leveldb_leveldb.bundle/Info.plist

ProcessInfoPlistFile /Users/dillion/Library/Developer/Xcode/DerivedData/Hither-bjrqgrflacigtpguwzhgemabgmon/Build/Products/Debug-iphonesimulator/Promises_FBLPromises.bundle/Info.plist /Users/dillion/Library/Developer/Xcode/DerivedData/Hither-bjrqgrflacigtpguwzhgemabgmon/Build/Intermediates.noindex/Promises.build/Debug-iphonesimulator/Promises_FBLPromises.build/empty-Promises_FBLPromises.plist (in target 'Promises_FBLPromises' from project 'Promises')
    cd /Users/dillion/Library/Developer/Xcode/DerivedData/Hither-bjrqgrflacigtpguwzhgemabgmon/SourcePackages/checkouts/promises
    builtin-infoPlistUtility /Users/dillion/Library/Developer/Xcode/DerivedData/Hither-bjrqgrflacigtpguwzhgemabgmon/Build/Intermediates.noindex/Promises.build/Debug-iphonesimulator/Promises_FBLPromises.build/empty-Promises_FBLPromises.plist -producttype com.apple.product-type.bundle -expandbuildsettings -format binary -platform iphonesimulator -o /Users/dillion/Library/Developer/Xcode/DerivedData/Hither-bjrqgrflacigtpguwzhgemabgmon/Build/Products/Debug-iphonesimulator/Promises_FBLPromises.bundle/Info.plist

ProcessInfoPlistFile /Users/dillion/Library/Developer/Xcode/DerivedData/Hither-bjrqgrflacigtpguwzhgemabgmon/Build/Products/Debug-iphonesimulator/GoogleUtilities_GoogleUtilities-Logger.bundle/Info.plist /Users/dillion/Library/Developer/Xcode/DerivedData/Hither-bjrqgrflacigtpguwzhgemabgmon/Build/Intermediates.noindex/GoogleUtilities.build/Debug-iphonesimulator/GoogleUtilities_GoogleUtilities-Logger.build/empty-GoogleUtilities_GoogleUtilities-Logger.plist (in target 'GoogleUtilities_GoogleUtilities-Logger' from project 'GoogleUtilities')
    cd /Users/dillion/Library/Developer/Xcode/DerivedData/Hither-bjrqgrflacigtpguwzhgemabgmon/SourcePackages/checkouts/GoogleUtilities
    builtin-infoPlistUtility /Users/dillion/Library/Developer/Xcode/DerivedData/Hither-bjrqgrflacigtpguwzhgemabgmon/Build/Intermediates.noindex/GoogleUtilities.build/Debug-iphonesimulator/GoogleUtilities_GoogleUtilities-Logger.build/empty-GoogleUtilities_GoogleUtilities-Logger.plist -producttype com.apple.product-type.bundle -expandbuildsettings -format binary -platform iphonesimulator -o /Users/dillion/Library/Developer/Xcode/DerivedData/Hither-bjrqgrflacigtpguwzhgemabgmon/Build/Products/Debug-iphonesimulator/GoogleUtilities_GoogleUtilities-Logger.bundle/Info.plist

ProcessInfoPlistFile /Users/dillion/Library/Developer/Xcode/DerivedData/Hither-bjrqgrflacigtpguwzhgemabgmon/Build/Products/Debug-iphonesimulator/GoogleUtilities_GoogleUtilities-Reachability.bundle/Info.plist /Users/dillion/Library/Developer/Xcode/DerivedData/Hither-bjrqgrflacigtpguwzhgemabgmon/Build/Intermediates.noindex/GoogleUtilities.build/Debug-iphonesimulator/GoogleUtilities_GoogleUtilities-Reachability.build/empty-GoogleUtilities_GoogleUtilities-Reachability.plist (in target 'GoogleUtilities_GoogleUtilities-Reachability' from project 'GoogleUtilities')
    cd /Users/dillion/Library/Developer/Xcode/DerivedData/Hither-bjrqgrflacigtpguwzhgemabgmon/SourcePackages/checkouts/GoogleUtilities
    builtin-infoPlistUtility /Users/dillion/Library/Developer/Xcode/DerivedData/Hither-bjrqgrflacigtpguwzhgemabgmon/Build/Intermediates.noindex/GoogleUtilities.build/Debug-iphonesimulator/GoogleUtilities_GoogleUtilities-Reachability.build/empty-GoogleUtilities_GoogleUtilities-Reachability.plist -producttype com.apple.product-type.bundle -expandbuildsettings -format binary -platform iphonesimulator -o /Users/dillion/Library/Developer/Xcode/DerivedData/Hither-bjrqgrflacigtpguwzhgemabgmon/Build/Products/Debug-iphonesimulator/GoogleUtilities_GoogleUtilities-Reachability.bundle/Info.plist

ProcessInfoPlistFile /Users/dillion/Library/Developer/Xcode/DerivedData/Hither-bjrqgrflacigtpguwzhgemabgmon/Build/Products/Debug-iphonesimulator/nanopb_nanopb.bundle/Info.plist /Users/dillion/Library/Developer/Xcode/DerivedData/Hither-bjrqgrflacigtpguwzhgemabgmon/Build/Intermediates.noindex/nanopb.build/Debug-iphonesimulator/nanopb_nanopb.build/empty-nanopb_nanopb.plist (in target 'nanopb_nanopb' from project 'nanopb')
    cd /Users/dillion/Library/Developer/Xcode/DerivedData/Hither-bjrqgrflacigtpguwzhgemabgmon/SourcePackages/checkouts/nanopb
    builtin-infoPlistUtility /Users/dillion/Library/Developer/Xcode/DerivedData/Hither-bjrqgrflacigtpguwzhgemabgmon/Build/Intermediates.noindex/nanopb.build/Debug-iphonesimulator/nanopb_nanopb.build/empty-nanopb_nanopb.plist -producttype com.apple.product-type.bundle -expandbuildsettings -format binary -platform iphonesimulator -o /Users/dillion/Library/Developer/Xcode/DerivedData/Hither-bjrqgrflacigtpguwzhgemabgmon/Build/Products/Debug-iphonesimulator/nanopb_nanopb.bundle/Info.plist

ProcessInfoPlistFile /Users/dillion/Library/Developer/Xcode/DerivedData/Hither-bjrqgrflacigtpguwzhgemabgmon/Build/Products/Debug-iphonesimulator/GoogleUtilities_GoogleUtilities-UserDefaults.bundle/Info.plist /Users/dillion/Library/Developer/Xcode/DerivedData/Hither-bjrqgrflacigtpguwzhgemabgmon/Build/Intermediates.noindex/GoogleUtilities.build/Debug-iphonesimulator/GoogleUtilities_GoogleUtilities-UserDefaults.build/empty-GoogleUtilities_GoogleUtilities-UserDefaults.plist (in target 'GoogleUtilities_GoogleUtilities-UserDefaults' from project 'GoogleUtilities')
    cd /Users/dillion/Library/Developer/Xcode/DerivedData/Hither-bjrqgrflacigtpguwzhgemabgmon/SourcePackages/checkouts/GoogleUtilities
    builtin-infoPlistUtility /Users/dillion/Library/Developer/Xcode/DerivedData/Hither-bjrqgrflacigtpguwzhgemabgmon/Build/Intermediates.noindex/GoogleUtilities.build/Debug-iphonesimulator/GoogleUtilities_GoogleUtilities-UserDefaults.build/empty-GoogleUtilities_GoogleUtilities-UserDefaults.plist -producttype com.apple.product-type.bundle -expandbuildsettings -format binary -platform iphonesimulator -o /Users/dillion/Library/Developer/Xcode/DerivedData/Hither-bjrqgrflacigtpguwzhgemabgmon/Build/Products/Debug-iphonesimulator/GoogleUtilities_GoogleUtilities-UserDefaults.bundle/Info.plist

ProcessInfoPlistFile /Users/dillion/Library/Developer/Xcode/DerivedData/Hither-bjrqgrflacigtpguwzhgemabgmon/Build/Products/Debug-iphonesimulator/gRPC_grpcWrapper.bundle/Info.plist /Users/dillion/Library/Developer/Xcode/DerivedData/Hither-bjrqgrflacigtpguwzhgemabgmon/Build/Intermediates.noindex/gRPC.build/Debug-iphonesimulator/gRPC_grpcWrapper.build/empty-gRPC_grpcWrapper.plist (in target 'gRPC_grpcWrapper' from project 'gRPC')
    cd /Users/dillion/Library/Developer/Xcode/DerivedData/Hither-bjrqgrflacigtpguwzhgemabgmon/SourcePackages/checkouts/grpc-binary
    builtin-infoPlistUtility /Users/dillion/Library/Developer/Xcode/DerivedData/Hither-bjrqgrflacigtpguwzhgemabgmon/Build/Intermediates.noindex/gRPC.build/Debug-iphonesimulator/gRPC_grpcWrapper.build/empty-gRPC_grpcWrapper.plist -producttype com.apple.product-type.bundle -expandbuildsettings -format binary -platform iphonesimulator -o /Users/dillion/Library/Developer/Xcode/DerivedData/Hither-bjrqgrflacigtpguwzhgemabgmon/Build/Products/Debug-iphonesimulator/gRPC_grpcWrapper.bundle/Info.plist

ProcessInfoPlistFile /Users/dillion/Library/Developer/Xcode/DerivedData/Hither-bjrqgrflacigtpguwzhgemabgmon/Build/Products/Debug-iphonesimulator/gRPC_opensslWrapper.bundle/Info.plist /Users/dillion/Library/Developer/Xcode/DerivedData/Hither-bjrqgrflacigtpguwzhgemabgmon/Build/Intermediates.noindex/gRPC.build/Debug-iphonesimulator/gRPC_opensslWrapper.build/empty-gRPC_opensslWrapper.plist (in target 'gRPC_opensslWrapper' from project 'gRPC')
    cd /Users/dillion/Library/Developer/Xcode/DerivedData/Hither-bjrqgrflacigtpguwzhgemabgmon/SourcePackages/checkouts/grpc-binary
    builtin-infoPlistUtility /Users/dillion/Library/Developer/Xcode/DerivedData/Hither-bjrqgrflacigtpguwzhgemabgmon/Build/Intermediates.noindex/gRPC.build/Debug-iphonesimulator/gRPC_opensslWrapper.build/empty-gRPC_opensslWrapper.plist -producttype com.apple.product-type.bundle -expandbuildsettings -format binary -platform iphonesimulator -o /Users/dillion/Library/Developer/Xcode/DerivedData/Hither-bjrqgrflacigtpguwzhgemabgmon/Build/Products/Debug-iphonesimulator/gRPC_opensslWrapper.bundle/Info.plist

SwiftDriver WidgetsExtension normal arm64 com.apple.xcode.tools.swift.compiler (in target 'WidgetsExtension' from project 'Hither')
    cd /Users/dillion/Desktop/Hither
    builtin-SwiftDriver -- /Applications/Xcode.app/Contents/Developer/Toolchains/XcodeDefault.xctoolchain/usr/bin/swiftc -module-name WidgetsExtension -Onone -enforce-exclusivity\=checked @/Users/dillion/Library/Developer/Xcode/DerivedData/Hither-bjrqgrflacigtpguwzhgemabgmon/Build/Intermediates.noindex/Hither.build/Debug-iphonesimulator/WidgetsExtension.build/Objects-normal/arm64/WidgetsExtension.SwiftFileList -DDEBUG -enable-bare-slash-regex -enable-experimental-feature DebugDescriptionMacro -sdk /Applications/Xcode.app/Contents/Developer/Platforms/iPhoneSimulator.platform/Developer/SDKs/iPhoneSimulator18.5.sdk -target arm64-apple-ios18.5-simulator -g -module-cache-path /Users/dillion/Library/Developer/Xcode/DerivedData/ModuleCache.noindex -Xfrontend -serialize-debugging-options -application-extension -profile-coverage-mapping -profile-generate -enable-testing -index-store-path /Users/dillion/Library/Developer/Xcode/DerivedData/Hither-bjrqgrflacigtpguwzhgemabgmon/Index.noindex/DataStore -swift-version 5 -I /Users/dillion/Library/Developer/Xcode/DerivedData/Hither-bjrqgrflacigtpguwzhgemabgmon/Build/Products/Debug-iphonesimulator -F /Users/dillion/Library/Developer/Xcode/DerivedData/Hither-bjrqgrflacigtpguwzhgemabgmon/Build/Products/Debug-iphonesimulator -emit-localized-strings -emit-localized-strings-path /Users/dillion/Library/Developer/Xcode/DerivedData/Hither-bjrqgrflacigtpguwzhgemabgmon/Build/Intermediates.noindex/Hither.build/Debug-iphonesimulator/WidgetsExtension.build/Objects-normal/arm64 -c -j8 -enable-batch-mode -incremental -Xcc -ivfsstatcache -Xcc /Users/dillion/Library/Developer/Xcode/DerivedData/SDKStatCaches.noindex/iphonesimulator18.5-22F76-d5fc8ad4295d2ef488fb7d0f804ce0c4.sdkstatcache -output-file-map /Users/dillion/Library/Developer/Xcode/DerivedData/Hither-bjrqgrflacigtpguwzhgemabgmon/Build/Intermediates.noindex/Hither.build/Debug-iphonesimulator/WidgetsExtension.build/Objects-normal/arm64/WidgetsExtension-OutputFileMap.json -use-frontend-parseable-output -save-temps -no-color-diagnostics -serialize-diagnostics -emit-dependencies -emit-module -emit-module-path /Users/dillion/Library/Developer/Xcode/DerivedData/Hither-bjrqgrflacigtpguwzhgemabgmon/Build/Intermediates.noindex/Hither.build/Debug-iphonesimulator/WidgetsExtension.build/Objects-normal/arm64/WidgetsExtension.swiftmodule -validate-clang-modules-once -clang-build-session-file /Users/dillion/Library/Developer/Xcode/DerivedData/ModuleCache.noindex/Session.modulevalidation -Xcc -I/Users/dillion/Library/Developer/Xcode/DerivedData/Hither-bjrqgrflacigtpguwzhgemabgmon/Build/Intermediates.noindex/Hither.build/Debug-iphonesimulator/WidgetsExtension.build/swift-overrides.hmap -emit-const-values -Xfrontend -const-gather-protocols-file -Xfrontend /Users/dillion/Library/Developer/Xcode/DerivedData/Hither-bjrqgrflacigtpguwzhgemabgmon/Build/Intermediates.noindex/Hither.build/Debug-iphonesimulator/WidgetsExtension.build/Objects-normal/arm64/WidgetsExtension_const_extract_protocols.json -Xcc -iquote -Xcc /Users/dillion/Library/Developer/Xcode/DerivedData/Hither-bjrqgrflacigtpguwzhgemabgmon/Build/Intermediates.noindex/Hither.build/Debug-iphonesimulator/WidgetsExtension.build/WidgetsExtension-generated-files.hmap -Xcc -I/Users/dillion/Library/Developer/Xcode/DerivedData/Hither-bjrqgrflacigtpguwzhgemabgmon/Build/Intermediates.noindex/Hither.build/Debug-iphonesimulator/WidgetsExtension.build/WidgetsExtension-own-target-headers.hmap -Xcc -I/Users/dillion/Library/Developer/Xcode/DerivedData/Hither-bjrqgrflacigtpguwzhgemabgmon/Build/Intermediates.noindex/Hither.build/Debug-iphonesimulator/WidgetsExtension.build/WidgetsExtension-all-non-framework-target-headers.hmap -Xcc -ivfsoverlay -Xcc /Users/dillion/Library/Developer/Xcode/DerivedData/Hither-bjrqgrflacigtpguwzhgemabgmon/Build/Intermediates.noindex/Hither.build/Debug-iphonesimulator/Hither-ecfb13dc523557e1f837c334d236a518-VFS-iphonesimulator/all-product-headers.yaml -Xcc -iquote -Xcc /Users/dillion/Library/Developer/Xcode/DerivedData/Hither-bjrqgrflacigtpguwzhgemabgmon/Build/Intermediates.noindex/Hither.build/Debug-iphonesimulator/WidgetsExtension.build/WidgetsExtension-project-headers.hmap -Xcc -I/Users/dillion/Library/Developer/Xcode/DerivedData/Hither-bjrqgrflacigtpguwzhgemabgmon/Build/Products/Debug-iphonesimulator/include -Xcc -I/Users/dillion/Library/Developer/Xcode/DerivedData/Hither-bjrqgrflacigtpguwzhgemabgmon/Build/Intermediates.noindex/Hither.build/Debug-iphonesimulator/WidgetsExtension.build/DerivedSources-normal/arm64 -Xcc -I/Users/dillion/Library/Developer/Xcode/DerivedData/Hither-bjrqgrflacigtpguwzhgemabgmon/Build/Intermediates.noindex/Hither.build/Debug-iphonesimulator/WidgetsExtension.build/DerivedSources/arm64 -Xcc -I/Users/dillion/Library/Developer/Xcode/DerivedData/Hither-bjrqgrflacigtpguwzhgemabgmon/Build/Intermediates.noindex/Hither.build/Debug-iphonesimulator/WidgetsExtension.build/DerivedSources -Xcc -DDEBUG\=1 -emit-objc-header -emit-objc-header-path /Users/dillion/Library/Developer/Xcode/DerivedData/Hither-bjrqgrflacigtpguwzhgemabgmon/Build/Intermediates.noindex/Hither.build/Debug-iphonesimulator/WidgetsExtension.build/Objects-normal/arm64/WidgetsExtension-Swift.h -working-directory /Users/dillion/Desktop/Hither -experimental-emit-module-separately -disable-cmo

ProcessInfoPlistFile /Users/dillion/Library/Developer/Xcode/DerivedData/Hither-bjrqgrflacigtpguwzhgemabgmon/Build/Products/Debug-iphonesimulator/abseil_abslWrapper.bundle/Info.plist /Users/dillion/Library/Developer/Xcode/DerivedData/Hither-bjrqgrflacigtpguwzhgemabgmon/Build/Intermediates.noindex/abseil.build/Debug-iphonesimulator/abseil_abslWrapper.build/empty-abseil_abslWrapper.plist (in target 'abseil_abslWrapper' from project 'abseil')
    cd /Users/dillion/Library/Developer/Xcode/DerivedData/Hither-bjrqgrflacigtpguwzhgemabgmon/SourcePackages/checkouts/abseil-cpp-binary
    builtin-infoPlistUtility /Users/dillion/Library/Developer/Xcode/DerivedData/Hither-bjrqgrflacigtpguwzhgemabgmon/Build/Intermediates.noindex/abseil.build/Debug-iphonesimulator/abseil_abslWrapper.build/empty-abseil_abslWrapper.plist -producttype com.apple.product-type.bundle -expandbuildsettings -format binary -platform iphonesimulator -o /Users/dillion/Library/Developer/Xcode/DerivedData/Hither-bjrqgrflacigtpguwzhgemabgmon/Build/Products/Debug-iphonesimulator/abseil_abslWrapper.bundle/Info.plist

ProcessInfoPlistFile /Users/dillion/Library/Developer/Xcode/DerivedData/Hither-bjrqgrflacigtpguwzhgemabgmon/Build/Products/Debug-iphonesimulator/WidgetsExtension.appex/Info.plist /Users/dillion/Desktop/Hither/Widgets/Info.plist (in target 'WidgetsExtension' from project 'Hither')
    cd /Users/dillion/Desktop/Hither
    builtin-infoPlistUtility /Users/dillion/Desktop/Hither/Widgets/Info.plist -producttype com.apple.product-type.app-extension -expandbuildsettings -format binary -platform iphonesimulator -additionalcontentfile /Users/dillion/Library/Developer/Xcode/DerivedData/Hither-bjrqgrflacigtpguwzhgemabgmon/Build/Intermediates.noindex/Hither.build/Debug-iphonesimulator/WidgetsExtension.build/assetcatalog_generated_info.plist -o /Users/dillion/Library/Developer/Xcode/DerivedData/Hither-bjrqgrflacigtpguwzhgemabgmon/Build/Products/Debug-iphonesimulator/WidgetsExtension.appex/Info.plist

ProcessInfoPlistFile /Users/dillion/Library/Developer/Xcode/DerivedData/Hither-bjrqgrflacigtpguwzhgemabgmon/Build/Products/Debug-iphonesimulator/GTMAppAuth_GTMAppAuth.bundle/Info.plist /Users/dillion/Library/Developer/Xcode/DerivedData/Hither-bjrqgrflacigtpguwzhgemabgmon/Build/Intermediates.noindex/GTMAppAuth.build/Debug-iphonesimulator/GTMAppAuth_GTMAppAuth.build/empty-GTMAppAuth_GTMAppAuth.plist (in target 'GTMAppAuth_GTMAppAuth' from project 'GTMAppAuth')
    cd /Users/dillion/Library/Developer/Xcode/DerivedData/Hither-bjrqgrflacigtpguwzhgemabgmon/SourcePackages/checkouts/GTMAppAuth
    builtin-infoPlistUtility /Users/dillion/Library/Developer/Xcode/DerivedData/Hither-bjrqgrflacigtpguwzhgemabgmon/Build/Intermediates.noindex/GTMAppAuth.build/Debug-iphonesimulator/GTMAppAuth_GTMAppAuth.build/empty-GTMAppAuth_GTMAppAuth.plist -producttype com.apple.product-type.bundle -expandbuildsettings -format binary -platform iphonesimulator -o /Users/dillion/Library/Developer/Xcode/DerivedData/Hither-bjrqgrflacigtpguwzhgemabgmon/Build/Products/Debug-iphonesimulator/GTMAppAuth_GTMAppAuth.bundle/Info.plist

ProcessInfoPlistFile /Users/dillion/Library/Developer/Xcode/DerivedData/Hither-bjrqgrflacigtpguwzhgemabgmon/Build/Products/Debug-iphonesimulator/Firebase_FirebaseCoreExtension.bundle/Info.plist /Users/dillion/Library/Developer/Xcode/DerivedData/Hither-bjrqgrflacigtpguwzhgemabgmon/Build/Intermediates.noindex/Firebase.build/Debug-iphonesimulator/Firebase_FirebaseCoreExtension.build/empty-Firebase_FirebaseCoreExtension.plist (in target 'Firebase_FirebaseCoreExtension' from project 'Firebase')
    cd /Users/dillion/Library/Developer/Xcode/DerivedData/Hither-bjrqgrflacigtpguwzhgemabgmon/SourcePackages/checkouts/firebase-ios-sdk
    builtin-infoPlistUtility /Users/dillion/Library/Developer/Xcode/DerivedData/Hither-bjrqgrflacigtpguwzhgemabgmon/Build/Intermediates.noindex/Firebase.build/Debug-iphonesimulator/Firebase_FirebaseCoreExtension.build/empty-Firebase_FirebaseCoreExtension.plist -producttype com.apple.product-type.bundle -expandbuildsettings -format binary -platform iphonesimulator -o /Users/dillion/Library/Developer/Xcode/DerivedData/Hither-bjrqgrflacigtpguwzhgemabgmon/Build/Products/Debug-iphonesimulator/Firebase_FirebaseCoreExtension.bundle/Info.plist

ProcessInfoPlistFile /Users/dillion/Library/Developer/Xcode/DerivedData/Hither-bjrqgrflacigtpguwzhgemabgmon/Build/Products/Debug-iphonesimulator/AppAuth_AppAuthCore.bundle/Info.plist /Users/dillion/Library/Developer/Xcode/DerivedData/Hither-bjrqgrflacigtpguwzhgemabgmon/Build/Intermediates.noindex/AppAuth.build/Debug-iphonesimulator/AppAuth_AppAuthCore.build/empty-AppAuth_AppAuthCore.plist (in target 'AppAuth_AppAuthCore' from project 'AppAuth')
    cd /Users/dillion/Library/Developer/Xcode/DerivedData/Hither-bjrqgrflacigtpguwzhgemabgmon/SourcePackages/checkouts/AppAuth-iOS
    builtin-infoPlistUtility /Users/dillion/Library/Developer/Xcode/DerivedData/Hither-bjrqgrflacigtpguwzhgemabgmon/Build/Intermediates.noindex/AppAuth.build/Debug-iphonesimulator/AppAuth_AppAuthCore.build/empty-AppAuth_AppAuthCore.plist -producttype com.apple.product-type.bundle -expandbuildsettings -format binary -platform iphonesimulator -o /Users/dillion/Library/Developer/Xcode/DerivedData/Hither-bjrqgrflacigtpguwzhgemabgmon/Build/Products/Debug-iphonesimulator/AppAuth_AppAuthCore.bundle/Info.plist

ProcessInfoPlistFile /Users/dillion/Library/Developer/Xcode/DerivedData/Hither-bjrqgrflacigtpguwzhgemabgmon/Build/Products/Debug-iphonesimulator/AppAuth_AppAuth.bundle/Info.plist /Users/dillion/Library/Developer/Xcode/DerivedData/Hither-bjrqgrflacigtpguwzhgemabgmon/Build/Intermediates.noindex/AppAuth.build/Debug-iphonesimulator/AppAuth_AppAuth.build/empty-AppAuth_AppAuth.plist (in target 'AppAuth_AppAuth' from project 'AppAuth')
    cd /Users/dillion/Library/Developer/Xcode/DerivedData/Hither-bjrqgrflacigtpguwzhgemabgmon/SourcePackages/checkouts/AppAuth-iOS
    builtin-infoPlistUtility /Users/dillion/Library/Developer/Xcode/DerivedData/Hither-bjrqgrflacigtpguwzhgemabgmon/Build/Intermediates.noindex/AppAuth.build/Debug-iphonesimulator/AppAuth_AppAuth.build/empty-AppAuth_AppAuth.plist -producttype com.apple.product-type.bundle -expandbuildsettings -format binary -platform iphonesimulator -o /Users/dillion/Library/Developer/Xcode/DerivedData/Hither-bjrqgrflacigtpguwzhgemabgmon/Build/Products/Debug-iphonesimulator/AppAuth_AppAuth.bundle/Info.plist

ProcessInfoPlistFile /Users/dillion/Library/Developer/Xcode/DerivedData/Hither-bjrqgrflacigtpguwzhgemabgmon/Build/Products/Debug-iphonesimulator/Firebase_FirebaseCore.bundle/Info.plist /Users/dillion/Library/Developer/Xcode/DerivedData/Hither-bjrqgrflacigtpguwzhgemabgmon/Build/Intermediates.noindex/Firebase.build/Debug-iphonesimulator/Firebase_FirebaseCore.build/empty-Firebase_FirebaseCore.plist (in target 'Firebase_FirebaseCore' from project 'Firebase')
    cd /Users/dillion/Library/Developer/Xcode/DerivedData/Hither-bjrqgrflacigtpguwzhgemabgmon/SourcePackages/checkouts/firebase-ios-sdk
    builtin-infoPlistUtility /Users/dillion/Library/Developer/Xcode/DerivedData/Hither-bjrqgrflacigtpguwzhgemabgmon/Build/Intermediates.noindex/Firebase.build/Debug-iphonesimulator/Firebase_FirebaseCore.build/empty-Firebase_FirebaseCore.plist -producttype com.apple.product-type.bundle -expandbuildsettings -format binary -platform iphonesimulator -o /Users/dillion/Library/Developer/Xcode/DerivedData/Hither-bjrqgrflacigtpguwzhgemabgmon/Build/Products/Debug-iphonesimulator/Firebase_FirebaseCore.bundle/Info.plist

ProcessInfoPlistFile /Users/dillion/Library/Developer/Xcode/DerivedData/Hither-bjrqgrflacigtpguwzhgemabgmon/Build/Products/Debug-iphonesimulator/gRPC_grpcppWrapper.bundle/Info.plist /Users/dillion/Library/Developer/Xcode/DerivedData/Hither-bjrqgrflacigtpguwzhgemabgmon/Build/Intermediates.noindex/gRPC.build/Debug-iphonesimulator/gRPC_grpcppWrapper.build/empty-gRPC_grpcppWrapper.plist (in target 'gRPC_grpcppWrapper' from project 'gRPC')
    cd /Users/dillion/Library/Developer/Xcode/DerivedData/Hither-bjrqgrflacigtpguwzhgemabgmon/SourcePackages/checkouts/grpc-binary
    builtin-infoPlistUtility /Users/dillion/Library/Developer/Xcode/DerivedData/Hither-bjrqgrflacigtpguwzhgemabgmon/Build/Intermediates.noindex/gRPC.build/Debug-iphonesimulator/gRPC_grpcppWrapper.build/empty-gRPC_grpcppWrapper.plist -producttype com.apple.product-type.bundle -expandbuildsettings -format binary -platform iphonesimulator -o /Users/dillion/Library/Developer/Xcode/DerivedData/Hither-bjrqgrflacigtpguwzhgemabgmon/Build/Products/Debug-iphonesimulator/gRPC_grpcppWrapper.bundle/Info.plist

ProcessInfoPlistFile /Users/dillion/Library/Developer/Xcode/DerivedData/Hither-bjrqgrflacigtpguwzhgemabgmon/Build/Products/Debug-iphonesimulator/GoogleUtilities_GoogleUtilities-Network.bundle/Info.plist /Users/dillion/Library/Developer/Xcode/DerivedData/Hither-bjrqgrflacigtpguwzhgemabgmon/Build/Intermediates.noindex/GoogleUtilities.build/Debug-iphonesimulator/GoogleUtilities_GoogleUtilities-Network.build/empty-GoogleUtilities_GoogleUtilities-Network.plist (in target 'GoogleUtilities_GoogleUtilities-Network' from project 'GoogleUtilities')
    cd /Users/dillion/Library/Developer/Xcode/DerivedData/Hither-bjrqgrflacigtpguwzhgemabgmon/SourcePackages/checkouts/GoogleUtilities
    builtin-infoPlistUtility /Users/dillion/Library/Developer/Xcode/DerivedData/Hither-bjrqgrflacigtpguwzhgemabgmon/Build/Intermediates.noindex/GoogleUtilities.build/Debug-iphonesimulator/GoogleUtilities_GoogleUtilities-Network.build/empty-GoogleUtilities_GoogleUtilities-Network.plist -producttype com.apple.product-type.bundle -expandbuildsettings -format binary -platform iphonesimulator -o /Users/dillion/Library/Developer/Xcode/DerivedData/Hither-bjrqgrflacigtpguwzhgemabgmon/Build/Products/Debug-iphonesimulator/GoogleUtilities_GoogleUtilities-Network.bundle/Info.plist

ProcessInfoPlistFile /Users/dillion/Library/Developer/Xcode/DerivedData/Hither-bjrqgrflacigtpguwzhgemabgmon/Build/Products/Debug-iphonesimulator/GoogleSignIn_GoogleSignIn.bundle/Info.plist /Users/dillion/Library/Developer/Xcode/DerivedData/Hither-bjrqgrflacigtpguwzhgemabgmon/Build/Intermediates.noindex/GoogleSignIn.build/Debug-iphonesimulator/GoogleSignIn_GoogleSignIn.build/empty-GoogleSignIn_GoogleSignIn.plist (in target 'GoogleSignIn_GoogleSignIn' from project 'GoogleSignIn')
    cd /Users/dillion/Library/Developer/Xcode/DerivedData/Hither-bjrqgrflacigtpguwzhgemabgmon/SourcePackages/checkouts/GoogleSignIn-iOS
    builtin-infoPlistUtility /Users/dillion/Library/Developer/Xcode/DerivedData/Hither-bjrqgrflacigtpguwzhgemabgmon/Build/Intermediates.noindex/GoogleSignIn.build/Debug-iphonesimulator/GoogleSignIn_GoogleSignIn.build/empty-GoogleSignIn_GoogleSignIn.plist -producttype com.apple.product-type.bundle -expandbuildsettings -format binary -platform iphonesimulator -o /Users/dillion/Library/Developer/Xcode/DerivedData/Hither-bjrqgrflacigtpguwzhgemabgmon/Build/Products/Debug-iphonesimulator/GoogleSignIn_GoogleSignIn.bundle/Info.plist

ProcessInfoPlistFile /Users/dillion/Library/Developer/Xcode/DerivedData/Hither-bjrqgrflacigtpguwzhgemabgmon/Build/Products/Debug-iphonesimulator/GoogleUtilities_GoogleUtilities-AppDelegateSwizzler.bundle/Info.plist /Users/dillion/Library/Developer/Xcode/DerivedData/Hither-bjrqgrflacigtpguwzhgemabgmon/Build/Intermediates.noindex/GoogleUtilities.build/Debug-iphonesimulator/GoogleUtilities_GoogleUtilities-AppDelegateSwizzler.build/empty-GoogleUtilities_GoogleUtilities-AppDelegateSwizzler.plist (in target 'GoogleUtilities_GoogleUtilities-AppDelegateSwizzler' from project 'GoogleUtilities')
    cd /Users/dillion/Library/Developer/Xcode/DerivedData/Hither-bjrqgrflacigtpguwzhgemabgmon/SourcePackages/checkouts/GoogleUtilities
    builtin-infoPlistUtility /Users/dillion/Library/Developer/Xcode/DerivedData/Hither-bjrqgrflacigtpguwzhgemabgmon/Build/Intermediates.noindex/GoogleUtilities.build/Debug-iphonesimulator/GoogleUtilities_GoogleUtilities-AppDelegateSwizzler.build/empty-GoogleUtilities_GoogleUtilities-AppDelegateSwizzler.plist -producttype com.apple.product-type.bundle -expandbuildsettings -format binary -platform iphonesimulator -o /Users/dillion/Library/Developer/Xcode/DerivedData/Hither-bjrqgrflacigtpguwzhgemabgmon/Build/Products/Debug-iphonesimulator/GoogleUtilities_GoogleUtilities-AppDelegateSwizzler.bundle/Info.plist

ProcessInfoPlistFile /Users/dillion/Library/Developer/Xcode/DerivedData/Hither-bjrqgrflacigtpguwzhgemabgmon/Build/Products/Debug-iphonesimulator/Firebase_FirebaseFirestore.bundle/Info.plist /Users/dillion/Library/Developer/Xcode/DerivedData/Hither-bjrqgrflacigtpguwzhgemabgmon/Build/Intermediates.noindex/Firebase.build/Debug-iphonesimulator/Firebase_FirebaseFirestore.build/empty-Firebase_FirebaseFirestore.plist (in target 'Firebase_FirebaseFirestore' from project 'Firebase')
    cd /Users/dillion/Library/Developer/Xcode/DerivedData/Hither-bjrqgrflacigtpguwzhgemabgmon/SourcePackages/checkouts/firebase-ios-sdk
    builtin-infoPlistUtility /Users/dillion/Library/Developer/Xcode/DerivedData/Hither-bjrqgrflacigtpguwzhgemabgmon/Build/Intermediates.noindex/Firebase.build/Debug-iphonesimulator/Firebase_FirebaseFirestore.build/empty-Firebase_FirebaseFirestore.plist -producttype com.apple.product-type.bundle -expandbuildsettings -format binary -platform iphonesimulator -o /Users/dillion/Library/Developer/Xcode/DerivedData/Hither-bjrqgrflacigtpguwzhgemabgmon/Build/Products/Debug-iphonesimulator/Firebase_FirebaseFirestore.bundle/Info.plist

ProcessInfoPlistFile /Users/dillion/Library/Developer/Xcode/DerivedData/Hither-bjrqgrflacigtpguwzhgemabgmon/Build/Products/Debug-iphonesimulator/Firebase_FirebaseAuth.bundle/Info.plist /Users/dillion/Library/Developer/Xcode/DerivedData/Hither-bjrqgrflacigtpguwzhgemabgmon/Build/Intermediates.noindex/Firebase.build/Debug-iphonesimulator/Firebase_FirebaseAuth.build/empty-Firebase_FirebaseAuth.plist (in target 'Firebase_FirebaseAuth' from project 'Firebase')
    cd /Users/dillion/Library/Developer/Xcode/DerivedData/Hither-bjrqgrflacigtpguwzhgemabgmon/SourcePackages/checkouts/firebase-ios-sdk
    builtin-infoPlistUtility /Users/dillion/Library/Developer/Xcode/DerivedData/Hither-bjrqgrflacigtpguwzhgemabgmon/Build/Intermediates.noindex/Firebase.build/Debug-iphonesimulator/Firebase_FirebaseAuth.build/empty-Firebase_FirebaseAuth.plist -producttype com.apple.product-type.bundle -expandbuildsettings -format binary -platform iphonesimulator -o /Users/dillion/Library/Developer/Xcode/DerivedData/Hither-bjrqgrflacigtpguwzhgemabgmon/Build/Products/Debug-iphonesimulator/Firebase_FirebaseAuth.bundle/Info.plist

SwiftDriver\ Compilation\ Requirements WidgetsExtension normal arm64 com.apple.xcode.tools.swift.compiler (in target 'WidgetsExtension' from project 'Hither')
    cd /Users/dillion/Desktop/Hither
    builtin-Swift-Compilation-Requirements -- /Applications/Xcode.app/Contents/Developer/Toolchains/XcodeDefault.xctoolchain/usr/bin/swiftc -module-name WidgetsExtension -Onone -enforce-exclusivity\=checked @/Users/dillion/Library/Developer/Xcode/DerivedData/Hither-bjrqgrflacigtpguwzhgemabgmon/Build/Intermediates.noindex/Hither.build/Debug-iphonesimulator/WidgetsExtension.build/Objects-normal/arm64/WidgetsExtension.SwiftFileList -DDEBUG -enable-bare-slash-regex -enable-experimental-feature DebugDescriptionMacro -sdk /Applications/Xcode.app/Contents/Developer/Platforms/iPhoneSimulator.platform/Developer/SDKs/iPhoneSimulator18.5.sdk -target arm64-apple-ios18.5-simulator -g -module-cache-path /Users/dillion/Library/Developer/Xcode/DerivedData/ModuleCache.noindex -Xfrontend -serialize-debugging-options -application-extension -profile-coverage-mapping -profile-generate -enable-testing -index-store-path /Users/dillion/Library/Developer/Xcode/DerivedData/Hither-bjrqgrflacigtpguwzhgemabgmon/Index.noindex/DataStore -swift-version 5 -I /Users/dillion/Library/Developer/Xcode/DerivedData/Hither-bjrqgrflacigtpguwzhgemabgmon/Build/Products/Debug-iphonesimulator -F /Users/dillion/Library/Developer/Xcode/DerivedData/Hither-bjrqgrflacigtpguwzhgemabgmon/Build/Products/Debug-iphonesimulator -emit-localized-strings -emit-localized-strings-path /Users/dillion/Library/Developer/Xcode/DerivedData/Hither-bjrqgrflacigtpguwzhgemabgmon/Build/Intermediates.noindex/Hither.build/Debug-iphonesimulator/WidgetsExtension.build/Objects-normal/arm64 -c -j8 -enable-batch-mode -incremental -Xcc -ivfsstatcache -Xcc /Users/dillion/Library/Developer/Xcode/DerivedData/SDKStatCaches.noindex/iphonesimulator18.5-22F76-d5fc8ad4295d2ef488fb7d0f804ce0c4.sdkstatcache -output-file-map /Users/dillion/Library/Developer/Xcode/DerivedData/Hither-bjrqgrflacigtpguwzhgemabgmon/Build/Intermediates.noindex/Hither.build/Debug-iphonesimulator/WidgetsExtension.build/Objects-normal/arm64/WidgetsExtension-OutputFileMap.json -use-frontend-parseable-output -save-temps -no-color-diagnostics -serialize-diagnostics -emit-dependencies -emit-module -emit-module-path /Users/dillion/Library/Developer/Xcode/DerivedData/Hither-bjrqgrflacigtpguwzhgemabgmon/Build/Intermediates.noindex/Hither.build/Debug-iphonesimulator/WidgetsExtension.build/Objects-normal/arm64/WidgetsExtension.swiftmodule -validate-clang-modules-once -clang-build-session-file /Users/dillion/Library/Developer/Xcode/DerivedData/ModuleCache.noindex/Session.modulevalidation -Xcc -I/Users/dillion/Library/Developer/Xcode/DerivedData/Hither-bjrqgrflacigtpguwzhgemabgmon/Build/Intermediates.noindex/Hither.build/Debug-iphonesimulator/WidgetsExtension.build/swift-overrides.hmap -emit-const-values -Xfrontend -const-gather-protocols-file -Xfrontend /Users/dillion/Library/Developer/Xcode/DerivedData/Hither-bjrqgrflacigtpguwzhgemabgmon/Build/Intermediates.noindex/Hither.build/Debug-iphonesimulator/WidgetsExtension.build/Objects-normal/arm64/WidgetsExtension_const_extract_protocols.json -Xcc -iquote -Xcc /Users/dillion/Library/Developer/Xcode/DerivedData/Hither-bjrqgrflacigtpguwzhgemabgmon/Build/Intermediates.noindex/Hither.build/Debug-iphonesimulator/WidgetsExtension.build/WidgetsExtension-generated-files.hmap -Xcc -I/Users/dillion/Library/Developer/Xcode/DerivedData/Hither-bjrqgrflacigtpguwzhgemabgmon/Build/Intermediates.noindex/Hither.build/Debug-iphonesimulator/WidgetsExtension.build/WidgetsExtension-own-target-headers.hmap -Xcc -I/Users/dillion/Library/Developer/Xcode/DerivedData/Hither-bjrqgrflacigtpguwzhgemabgmon/Build/Intermediates.noindex/Hither.build/Debug-iphonesimulator/WidgetsExtension.build/WidgetsExtension-all-non-framework-target-headers.hmap -Xcc -ivfsoverlay -Xcc /Users/dillion/Library/Developer/Xcode/DerivedData/Hither-bjrqgrflacigtpguwzhgemabgmon/Build/Intermediates.noindex/Hither.build/Debug-iphonesimulator/Hither-ecfb13dc523557e1f837c334d236a518-VFS-iphonesimulator/all-product-headers.yaml -Xcc -iquote -Xcc /Users/dillion/Library/Developer/Xcode/DerivedData/Hither-bjrqgrflacigtpguwzhgemabgmon/Build/Intermediates.noindex/Hither.build/Debug-iphonesimulator/WidgetsExtension.build/WidgetsExtension-project-headers.hmap -Xcc -I/Users/dillion/Library/Developer/Xcode/DerivedData/Hither-bjrqgrflacigtpguwzhgemabgmon/Build/Products/Debug-iphonesimulator/include -Xcc -I/Users/dillion/Library/Developer/Xcode/DerivedData/Hither-bjrqgrflacigtpguwzhgemabgmon/Build/Intermediates.noindex/Hither.build/Debug-iphonesimulator/WidgetsExtension.build/DerivedSources-normal/arm64 -Xcc -I/Users/dillion/Library/Developer/Xcode/DerivedData/Hither-bjrqgrflacigtpguwzhgemabgmon/Build/Intermediates.noindex/Hither.build/Debug-iphonesimulator/WidgetsExtension.build/DerivedSources/arm64 -Xcc -I/Users/dillion/Library/Developer/Xcode/DerivedData/Hither-bjrqgrflacigtpguwzhgemabgmon/Build/Intermediates.noindex/Hither.build/Debug-iphonesimulator/WidgetsExtension.build/DerivedSources -Xcc -DDEBUG\=1 -emit-objc-header -emit-objc-header-path /Users/dillion/Library/Developer/Xcode/DerivedData/Hither-bjrqgrflacigtpguwzhgemabgmon/Build/Intermediates.noindex/Hither.build/Debug-iphonesimulator/WidgetsExtension.build/Objects-normal/arm64/WidgetsExtension-Swift.h -working-directory /Users/dillion/Desktop/Hither -experimental-emit-module-separately -disable-cmo

SwiftDriver\ Compilation WidgetsExtension normal arm64 com.apple.xcode.tools.swift.compiler (in target 'WidgetsExtension' from project 'Hither')
    cd /Users/dillion/Desktop/Hither
    builtin-Swift-Compilation -- /Applications/Xcode.app/Contents/Developer/Toolchains/XcodeDefault.xctoolchain/usr/bin/swiftc -module-name WidgetsExtension -Onone -enforce-exclusivity\=checked @/Users/dillion/Library/Developer/Xcode/DerivedData/Hither-bjrqgrflacigtpguwzhgemabgmon/Build/Intermediates.noindex/Hither.build/Debug-iphonesimulator/WidgetsExtension.build/Objects-normal/arm64/WidgetsExtension.SwiftFileList -DDEBUG -enable-bare-slash-regex -enable-experimental-feature DebugDescriptionMacro -sdk /Applications/Xcode.app/Contents/Developer/Platforms/iPhoneSimulator.platform/Developer/SDKs/iPhoneSimulator18.5.sdk -target arm64-apple-ios18.5-simulator -g -module-cache-path /Users/dillion/Library/Developer/Xcode/DerivedData/ModuleCache.noindex -Xfrontend -serialize-debugging-options -application-extension -profile-coverage-mapping -profile-generate -enable-testing -index-store-path /Users/dillion/Library/Developer/Xcode/DerivedData/Hither-bjrqgrflacigtpguwzhgemabgmon/Index.noindex/DataStore -swift-version 5 -I /Users/dillion/Library/Developer/Xcode/DerivedData/Hither-bjrqgrflacigtpguwzhgemabgmon/Build/Products/Debug-iphonesimulator -F /Users/dillion/Library/Developer/Xcode/DerivedData/Hither-bjrqgrflacigtpguwzhgemabgmon/Build/Products/Debug-iphonesimulator -emit-localized-strings -emit-localized-strings-path /Users/dillion/Library/Developer/Xcode/DerivedData/Hither-bjrqgrflacigtpguwzhgemabgmon/Build/Intermediates.noindex/Hither.build/Debug-iphonesimulator/WidgetsExtension.build/Objects-normal/arm64 -c -j8 -enable-batch-mode -incremental -Xcc -ivfsstatcache -Xcc /Users/dillion/Library/Developer/Xcode/DerivedData/SDKStatCaches.noindex/iphonesimulator18.5-22F76-d5fc8ad4295d2ef488fb7d0f804ce0c4.sdkstatcache -output-file-map /Users/dillion/Library/Developer/Xcode/DerivedData/Hither-bjrqgrflacigtpguwzhgemabgmon/Build/Intermediates.noindex/Hither.build/Debug-iphonesimulator/WidgetsExtension.build/Objects-normal/arm64/WidgetsExtension-OutputFileMap.json -use-frontend-parseable-output -save-temps -no-color-diagnostics -serialize-diagnostics -emit-dependencies -emit-module -emit-module-path /Users/dillion/Library/Developer/Xcode/DerivedData/Hither-bjrqgrflacigtpguwzhgemabgmon/Build/Intermediates.noindex/Hither.build/Debug-iphonesimulator/WidgetsExtension.build/Objects-normal/arm64/WidgetsExtension.swiftmodule -validate-clang-modules-once -clang-build-session-file /Users/dillion/Library/Developer/Xcode/DerivedData/ModuleCache.noindex/Session.modulevalidation -Xcc -I/Users/dillion/Library/Developer/Xcode/DerivedData/Hither-bjrqgrflacigtpguwzhgemabgmon/Build/Intermediates.noindex/Hither.build/Debug-iphonesimulator/WidgetsExtension.build/swift-overrides.hmap -emit-const-values -Xfrontend -const-gather-protocols-file -Xfrontend /Users/dillion/Library/Developer/Xcode/DerivedData/Hither-bjrqgrflacigtpguwzhgemabgmon/Build/Intermediates.noindex/Hither.build/Debug-iphonesimulator/WidgetsExtension.build/Objects-normal/arm64/WidgetsExtension_const_extract_protocols.json -Xcc -iquote -Xcc /Users/dillion/Library/Developer/Xcode/DerivedData/Hither-bjrqgrflacigtpguwzhgemabgmon/Build/Intermediates.noindex/Hither.build/Debug-iphonesimulator/WidgetsExtension.build/WidgetsExtension-generated-files.hmap -Xcc -I/Users/dillion/Library/Developer/Xcode/DerivedData/Hither-bjrqgrflacigtpguwzhgemabgmon/Build/Intermediates.noindex/Hither.build/Debug-iphonesimulator/WidgetsExtension.build/WidgetsExtension-own-target-headers.hmap -Xcc -I/Users/dillion/Library/Developer/Xcode/DerivedData/Hither-bjrqgrflacigtpguwzhgemabgmon/Build/Intermediates.noindex/Hither.build/Debug-iphonesimulator/WidgetsExtension.build/WidgetsExtension-all-non-framework-target-headers.hmap -Xcc -ivfsoverlay -Xcc /Users/dillion/Library/Developer/Xcode/DerivedData/Hither-bjrqgrflacigtpguwzhgemabgmon/Build/Intermediates.noindex/Hither.build/Debug-iphonesimulator/Hither-ecfb13dc523557e1f837c334d236a518-VFS-iphonesimulator/all-product-headers.yaml -Xcc -iquote -Xcc /Users/dillion/Library/Developer/Xcode/DerivedData/Hither-bjrqgrflacigtpguwzhgemabgmon/Build/Intermediates.noindex/Hither.build/Debug-iphonesimulator/WidgetsExtension.build/WidgetsExtension-project-headers.hmap -Xcc -I/Users/dillion/Library/Developer/Xcode/DerivedData/Hither-bjrqgrflacigtpguwzhgemabgmon/Build/Products/Debug-iphonesimulator/include -Xcc -I/Users/dillion/Library/Developer/Xcode/DerivedData/Hither-bjrqgrflacigtpguwzhgemabgmon/Build/Intermediates.noindex/Hither.build/Debug-iphonesimulator/WidgetsExtension.build/DerivedSources-normal/arm64 -Xcc -I/Users/dillion/Library/Developer/Xcode/DerivedData/Hither-bjrqgrflacigtpguwzhgemabgmon/Build/Intermediates.noindex/Hither.build/Debug-iphonesimulator/WidgetsExtension.build/DerivedSources/arm64 -Xcc -I/Users/dillion/Library/Developer/Xcode/DerivedData/Hither-bjrqgrflacigtpguwzhgemabgmon/Build/Intermediates.noindex/Hither.build/Debug-iphonesimulator/WidgetsExtension.build/DerivedSources -Xcc -DDEBUG\=1 -emit-objc-header -emit-objc-header-path /Users/dillion/Library/Developer/Xcode/DerivedData/Hither-bjrqgrflacigtpguwzhgemabgmon/Build/Intermediates.noindex/Hither.build/Debug-iphonesimulator/WidgetsExtension.build/Objects-normal/arm64/WidgetsExtension-Swift.h -working-directory /Users/dillion/Desktop/Hither -experimental-emit-module-separately -disable-cmo

SwiftDriver Hither normal arm64 com.apple.xcode.tools.swift.compiler (in target 'Hither' from project 'Hither')
    cd /Users/dillion/Desktop/Hither
    builtin-SwiftDriver -- /Applications/Xcode.app/Contents/Developer/Toolchains/XcodeDefault.xctoolchain/usr/bin/swiftc -module-name Hither -Onone -enforce-exclusivity\=checked @/Users/dillion/Library/Developer/Xcode/DerivedData/Hither-bjrqgrflacigtpguwzhgemabgmon/Build/Intermediates.noindex/Hither.build/Debug-iphonesimulator/Hither.build/Objects-normal/arm64/Hither.SwiftFileList -DDEBUG -Xcc -fmodule-map-file\=/Users/dillion/Library/Developer/Xcode/DerivedData/Hither-bjrqgrflacigtpguwzhgemabgmon/Build/Intermediates.noindex/GeneratedModuleMaps-iphonesimulator/AppAuth.modulemap -Xcc -fmodule-map-file\=/Users/dillion/Library/Developer/Xcode/DerivedData/Hither-bjrqgrflacigtpguwzhgemabgmon/Build/Intermediates.noindex/GeneratedModuleMaps-iphonesimulator/AppAuthCore.modulemap -Xcc -fmodule-map-file\=/Users/dillion/Library/Developer/Xcode/DerivedData/Hither-bjrqgrflacigtpguwzhgemabgmon/Build/Intermediates.noindex/GeneratedModuleMaps-iphonesimulator/GoogleUtilities-UserDefaults.modulemap -Xcc -fmodule-map-file\=/Users/dillion/Library/Developer/Xcode/DerivedData/Hither-bjrqgrflacigtpguwzhgemabgmon/Build/Intermediates.noindex/GeneratedModuleMaps-iphonesimulator/AppCheckCore.modulemap -Xcc -fmodule-map-file\=/Users/dillion/Library/Developer/Xcode/DerivedData/Hither-bjrqgrflacigtpguwzhgemabgmon/Build/Intermediates.noindex/GeneratedModuleMaps-iphonesimulator/GoogleSignIn.modulemap -Xcc -fmodule-map-file\=/Users/dillion/Library/Developer/Xcode/DerivedData/Hither-bjrqgrflacigtpguwzhgemabgmon/Build/Intermediates.noindex/GeneratedModuleMaps-iphonesimulator/GoogleMapsTarget.modulemap -Xcc -fmodule-map-file\=/Users/dillion/Library/Developer/Xcode/DerivedData/Hither-bjrqgrflacigtpguwzhgemabgmon/Build/Intermediates.noindex/GeneratedModuleMaps-iphonesimulator/RecaptchaInterop.modulemap -Xcc -fmodule-map-file\=/Users/dillion/Library/Developer/Xcode/DerivedData/Hither-bjrqgrflacigtpguwzhgemabgmon/Build/Intermediates.noindex/GeneratedModuleMaps-iphonesimulator/GoogleUtilities-Network.modulemap -Xcc -fmodule-map-file\=/Users/dillion/Library/Developer/Xcode/DerivedData/Hither-bjrqgrflacigtpguwzhgemabgmon/Build/Intermediates.noindex/GeneratedModuleMaps-iphonesimulator/GoogleUtilities-Reachability.modulemap -Xcc -fmodule-map-file\=/Users/dillion/Library/Developer/Xcode/DerivedData/Hither-bjrqgrflacigtpguwzhgemabgmon/Build/Intermediates.noindex/GeneratedModuleMaps-iphonesimulator/GoogleUtilities-AppDelegateSwizzler.modulemap -Xcc -fmodule-map-file\=/Users/dillion/Library/Developer/Xcode/DerivedData/Hither-bjrqgrflacigtpguwzhgemabgmon/Build/Intermediates.noindex/GeneratedModuleMaps-iphonesimulator/GTMSessionFetcherCore.modulemap -Xcc -fmodule-map-file\=/Users/dillion/Library/Developer/Xcode/DerivedData/Hither-bjrqgrflacigtpguwzhgemabgmon/Build/Intermediates.noindex/GeneratedModuleMaps-iphonesimulator/FirebaseAuthInternal.modulemap -Xcc -fmodule-map-file\=/Users/dillion/Library/Developer/Xcode/DerivedData/Hither-bjrqgrflacigtpguwzhgemabgmon/Build/Intermediates.noindex/GeneratedModuleMaps-iphonesimulator/FirebaseAuthInterop.modulemap -Xcc -fmodule-map-file\=/Users/dillion/Library/Developer/Xcode/DerivedData/Hither-bjrqgrflacigtpguwzhgemabgmon/Build/Intermediates.noindex/GeneratedModuleMaps-iphonesimulator/GoogleUtilities-NSData.modulemap -Xcc -fmodule-map-file\=/Users/dillion/Library/Developer/Xcode/DerivedData/Hither-bjrqgrflacigtpguwzhgemabgmon/Build/Intermediates.noindex/GeneratedModuleMaps-iphonesimulator/GoogleUtilities-Environment.modulemap -Xcc -fmodule-map-file\=/Users/dillion/Library/Developer/Xcode/DerivedData/Hither-bjrqgrflacigtpguwzhgemabgmon/Build/Intermediates.noindex/GeneratedModuleMaps-iphonesimulator/third-party-IsAppEncrypted.modulemap -Xcc -fmodule-map-file\=/Users/dillion/Library/Developer/Xcode/DerivedData/Hither-bjrqgrflacigtpguwzhgemabgmon/Build/Intermediates.noindex/GeneratedModuleMaps-iphonesimulator/GoogleUtilities-Logger.modulemap -Xcc -fmodule-map-file\=/Users/dillion/Library/Developer/Xcode/DerivedData/Hither-bjrqgrflacigtpguwzhgemabgmon/Build/Intermediates.noindex/GeneratedModuleMaps-iphonesimulator/abslWrapper.modulemap -Xcc -fmodule-map-file\=/Users/dillion/Library/Developer/Xcode/DerivedData/Hither-bjrqgrflacigtpguwzhgemabgmon/Build/Intermediates.noindex/GeneratedModuleMaps-iphonesimulator/opensslWrapper.modulemap -Xcc -fmodule-map-file\=/Users/dillion/Library/Developer/Xcode/DerivedData/Hither-bjrqgrflacigtpguwzhgemabgmon/Build/Intermediates.noindex/GeneratedModuleMaps-iphonesimulator/grpcWrapper.modulemap -Xcc -fmodule-map-file\=/Users/dillion/Library/Developer/Xcode/DerivedData/Hither-bjrqgrflacigtpguwzhgemabgmon/Build/Intermediates.noindex/GeneratedModuleMaps-iphonesimulator/grpcppWrapper.modulemap -Xcc -fmodule-map-file\=/Users/dillion/Library/Developer/Xcode/DerivedData/Hither-bjrqgrflacigtpguwzhgemabgmon/Build/Intermediates.noindex/GeneratedModuleMaps-iphonesimulator/nanopb.modulemap -Xcc -fmodule-map-file\=/Users/dillion/Library/Developer/Xcode/DerivedData/Hither-bjrqgrflacigtpguwzhgemabgmon/Build/Intermediates.noindex/GeneratedModuleMaps-iphonesimulator/leveldb.modulemap -Xcc -fmodule-map-file\=/Users/dillion/Library/Developer/Xcode/DerivedData/Hither-bjrqgrflacigtpguwzhgemabgmon/Build/Intermediates.noindex/GeneratedModuleMaps-iphonesimulator/FirebaseCoreExtension.modulemap -Xcc -fmodule-map-file\=/Users/dillion/Library/Developer/Xcode/DerivedData/Hither-bjrqgrflacigtpguwzhgemabgmon/Build/Intermediates.noindex/GeneratedModuleMaps-iphonesimulator/FirebaseCore.modulemap -Xcc -fmodule-map-file\=/Users/dillion/Library/Developer/Xcode/DerivedData/Hither-bjrqgrflacigtpguwzhgemabgmon/Build/Intermediates.noindex/GeneratedModuleMaps-iphonesimulator/FirebaseAppCheckInterop.modulemap -Xcc -fmodule-map-file\=/Users/dillion/Library/Developer/Xcode/DerivedData/Hither-bjrqgrflacigtpguwzhgemabgmon/Build/Intermediates.noindex/GeneratedModuleMaps-iphonesimulator/FirebaseFirestoreInternalWrapper.modulemap -Xcc -fmodule-map-file\=/Users/dillion/Library/Developer/Xcode/DerivedData/Hither-bjrqgrflacigtpguwzhgemabgmon/Build/Intermediates.noindex/GeneratedModuleMaps-iphonesimulator/FirebaseFirestoreTarget.modulemap -enable-bare-slash-regex -enable-experimental-feature DebugDescriptionMacro -sdk /Applications/Xcode.app/Contents/Developer/Platforms/iPhoneSimulator.platform/Developer/SDKs/iPhoneSimulator18.5.sdk -target arm64-apple-ios18.5-simulator -g -module-cache-path /Users/dillion/Library/Developer/Xcode/DerivedData/ModuleCache.noindex -Xfrontend -serialize-debugging-options -profile-coverage-mapping -profile-generate -enable-testing -index-store-path /Users/dillion/Library/Developer/Xcode/DerivedData/Hither-bjrqgrflacigtpguwzhgemabgmon/Index.noindex/DataStore -swift-version 5 -I /Users/dillion/Library/Developer/Xcode/DerivedData/Hither-bjrqgrflacigtpguwzhgemabgmon/Build/Products/Debug-iphonesimulator -F /Users/dillion/Library/Developer/Xcode/DerivedData/Hither-bjrqgrflacigtpguwzhgemabgmon/Build/Products/Debug-iphonesimulator/PackageFrameworks -F /Users/dillion/Library/Developer/Xcode/DerivedData/Hither-bjrqgrflacigtpguwzhgemabgmon/Build/Products/Debug-iphonesimulator/PackageFrameworks -F /Users/dillion/Library/Developer/Xcode/DerivedData/Hither-bjrqgrflacigtpguwzhgemabgmon/Build/Products/Debug-iphonesimulator/PackageFrameworks -F /Users/dillion/Library/Developer/Xcode/DerivedData/Hither-bjrqgrflacigtpguwzhgemabgmon/Build/Products/Debug-iphonesimulator/PackageFrameworks -F /Users/dillion/Library/Developer/Xcode/DerivedData/Hither-bjrqgrflacigtpguwzhgemabgmon/Build/Products/Debug-iphonesimulator/PackageFrameworks -F /Users/dillion/Library/Developer/Xcode/DerivedData/Hither-bjrqgrflacigtpguwzhgemabgmon/Build/Products/Debug-iphonesimulator/PackageFrameworks -F /Users/dillion/Library/Developer/Xcode/DerivedData/Hither-bjrqgrflacigtpguwzhgemabgmon/Build/Products/Debug-iphonesimulator/PackageFrameworks -F /Users/dillion/Library/Developer/Xcode/DerivedData/Hither-bjrqgrflacigtpguwzhgemabgmon/Build/Products/Debug-iphonesimulator/PackageFrameworks -F /Users/dillion/Library/Developer/Xcode/DerivedData/Hither-bjrqgrflacigtpguwzhgemabgmon/Build/Products/Debug-iphonesimulator/PackageFrameworks -F /Users/dillion/Library/Developer/Xcode/DerivedData/Hither-bjrqgrflacigtpguwzhgemabgmon/Build/Products/Debug-iphonesimulator/PackageFrameworks -F /Users/dillion/Library/Developer/Xcode/DerivedData/Hither-bjrqgrflacigtpguwzhgemabgmon/Build/Products/Debug-iphonesimulator/PackageFrameworks -F /Users/dillion/Library/Developer/Xcode/DerivedData/Hither-bjrqgrflacigtpguwzhgemabgmon/Build/Products/Debug-iphonesimulator/PackageFrameworks -F /Users/dillion/Library/Developer/Xcode/DerivedData/Hither-bjrqgrflacigtpguwzhgemabgmon/Build/Products/Debug-iphonesimulator/PackageFrameworks -F /Users/dillion/Library/Developer/Xcode/DerivedData/Hither-bjrqgrflacigtpguwzhgemabgmon/Build/Products/Debug-iphonesimulator/PackageFrameworks -F /Users/dillion/Library/Developer/Xcode/DerivedData/Hither-bjrqgrflacigtpguwzhgemabgmon/Build/Products/Debug-iphonesimulator/PackageFrameworks -F /Users/dillion/Library/Developer/Xcode/DerivedData/Hither-bjrqgrflacigtpguwzhgemabgmon/Build/Products/Debug-iphonesimulator/PackageFrameworks -F /Users/dillion/Library/Developer/Xcode/DerivedData/Hither-bjrqgrflacigtpguwzhgemabgmon/Build/Products/Debug-iphonesimulator/PackageFrameworks -F /Users/dillion/Library/Developer/Xcode/DerivedData/Hither-bjrqgrflacigtpguwzhgemabgmon/Build/Products/Debug-iphonesimulator/PackageFrameworks -F /Users/dillion/Library/Developer/Xcode/DerivedData/Hither-bjrqgrflacigtpguwzhgemabgmon/Build/Products/Debug-iphonesimulator/PackageFrameworks -F /Users/dillion/Library/Developer/Xcode/DerivedData/Hither-bjrqgrflacigtpguwzhgemabgmon/Build/Products/Debug-iphonesimulator/PackageFrameworks -F /Users/dillion/Library/Developer/Xcode/DerivedData/Hither-bjrqgrflacigtpguwzhgemabgmon/Build/Products/Debug-iphonesimulator/PackageFrameworks -F /Users/dillion/Library/Developer/Xcode/DerivedData/Hither-bjrqgrflacigtpguwzhgemabgmon/Build/Products/Debug-iphonesimulator/PackageFrameworks -F /Users/dillion/Library/Developer/Xcode/DerivedData/Hither-bjrqgrflacigtpguwzhgemabgmon/Build/Products/Debug-iphonesimulator/PackageFrameworks -F /Users/dillion/Library/Developer/Xcode/DerivedData/Hither-bjrqgrflacigtpguwzhgemabgmon/Build/Products/Debug-iphonesimulator/PackageFrameworks -F /Users/dillion/Library/Developer/Xcode/DerivedData/Hither-bjrqgrflacigtpguwzhgemabgmon/Build/Products/Debug-iphonesimulator/PackageFrameworks -F /Users/dillion/Library/Developer/Xcode/DerivedData/Hither-bjrqgrflacigtpguwzhgemabgmon/Build/Products/Debug-iphonesimulator/PackageFrameworks -F /Users/dillion/Library/Developer/Xcode/DerivedData/Hither-bjrqgrflacigtpguwzhgemabgmon/Build/Products/Debug-iphonesimulator/PackageFrameworks -F /Users/dillion/Library/Developer/Xcode/DerivedData/Hither-bjrqgrflacigtpguwzhgemabgmon/Build/Products/Debug-iphonesimulator/PackageFrameworks -F /Users/dillion/Library/Developer/Xcode/DerivedData/Hither-bjrqgrflacigtpguwzhgemabgmon/Build/Products/Debug-iphonesimulator/PackageFrameworks -F /Users/dillion/Library/Developer/Xcode/DerivedData/Hither-bjrqgrflacigtpguwzhgemabgmon/Build/Products/Debug-iphonesimulator/PackageFrameworks -F /Users/dillion/Library/Developer/Xcode/DerivedData/Hither-bjrqgrflacigtpguwzhgemabgmon/Build/Products/Debug-iphonesimulator/PackageFrameworks -F /Users/dillion/Library/Developer/Xcode/DerivedData/Hither-bjrqgrflacigtpguwzhgemabgmon/Build/Products/Debug-iphonesimulator/PackageFrameworks -F /Users/dillion/Library/Developer/Xcode/DerivedData/Hither-bjrqgrflacigtpguwzhgemabgmon/Build/Products/Debug-iphonesimulator/PackageFrameworks -F /Users/dillion/Library/Developer/Xcode/DerivedData/Hither-bjrqgrflacigtpguwzhgemabgmon/Build/Products/Debug-iphonesimulator/PackageFrameworks -F /Users/dillion/Library/Developer/Xcode/DerivedData/Hither-bjrqgrflacigtpguwzhgemabgmon/Build/Products/Debug-iphonesimulator/PackageFrameworks -F /Users/dillion/Library/Developer/Xcode/DerivedData/Hither-bjrqgrflacigtpguwzhgemabgmon/Build/Products/Debug-iphonesimulator -emit-localized-strings -emit-localized-strings-path /Users/dillion/Library/Developer/Xcode/DerivedData/Hither-bjrqgrflacigtpguwzhgemabgmon/Build/Intermediates.noindex/Hither.build/Debug-iphonesimulator/Hither.build/Objects-normal/arm64 -c -j8 -enable-batch-mode -incremental -Xcc -ivfsstatcache -Xcc /Users/dillion/Library/Developer/Xcode/DerivedData/SDKStatCaches.noindex/iphonesimulator18.5-22F76-d5fc8ad4295d2ef488fb7d0f804ce0c4.sdkstatcache -output-file-map /Users/dillion/Library/Developer/Xcode/DerivedData/Hither-bjrqgrflacigtpguwzhgemabgmon/Build/Intermediates.noindex/Hither.build/Debug-iphonesimulator/Hither.build/Objects-normal/arm64/Hither-OutputFileMap.json -use-frontend-parseable-output -save-temps -no-color-diagnostics -serialize-diagnostics -emit-dependencies -emit-module -emit-module-path /Users/dillion/Library/Developer/Xcode/DerivedData/Hither-bjrqgrflacigtpguwzhgemabgmon/Build/Intermediates.noindex/Hither.build/Debug-iphonesimulator/Hither.build/Objects-normal/arm64/Hither.swiftmodule -validate-clang-modules-once -clang-build-session-file /Users/dillion/Library/Developer/Xcode/DerivedData/ModuleCache.noindex/Session.modulevalidation -Xcc -I/Users/dillion/Library/Developer/Xcode/DerivedData/Hither-bjrqgrflacigtpguwzhgemabgmon/Build/Intermediates.noindex/Hither.build/Debug-iphonesimulator/Hither.build/swift-overrides.hmap -emit-const-values -Xfrontend -const-gather-protocols-file -Xfrontend /Users/dillion/Library/Developer/Xcode/DerivedData/Hither-bjrqgrflacigtpguwzhgemabgmon/Build/Intermediates.noindex/Hither.build/Debug-iphonesimulator/Hither.build/Objects-normal/arm64/Hither_const_extract_protocols.json -Xcc -iquote -Xcc /Users/dillion/Library/Developer/Xcode/DerivedData/Hither-bjrqgrflacigtpguwzhgemabgmon/Build/Intermediates.noindex/Hither.build/Debug-iphonesimulator/Hither.build/Hither-generated-files.hmap -Xcc -I/Users/dillion/Library/Developer/Xcode/DerivedData/Hither-bjrqgrflacigtpguwzhgemabgmon/Build/Intermediates.noindex/Hither.build/Debug-iphonesimulator/Hither.build/Hither-own-target-headers.hmap -Xcc -I/Users/dillion/Library/Developer/Xcode/DerivedData/Hither-bjrqgrflacigtpguwzhgemabgmon/Build/Intermediates.noindex/Hither.build/Debug-iphonesimulator/Hither.build/Hither-all-non-framework-target-headers.hmap -Xcc -ivfsoverlay -Xcc /Users/dillion/Library/Developer/Xcode/DerivedData/Hither-bjrqgrflacigtpguwzhgemabgmon/Build/Intermediates.noindex/Hither.build/Debug-iphonesimulator/Hither-ecfb13dc523557e1f837c334d236a518-VFS-iphonesimulator/all-product-headers.yaml -Xcc -iquote -Xcc /Users/dillion/Library/Developer/Xcode/DerivedData/Hither-bjrqgrflacigtpguwzhgemabgmon/Build/Intermediates.noindex/Hither.build/Debug-iphonesimulator/Hither.build/Hither-project-headers.hmap -Xcc -I/Users/dillion/Library/Developer/Xcode/DerivedData/Hither-bjrqgrflacigtpguwzhgemabgmon/SourcePackages/checkouts/AppAuth-iOS/Sources/AppAuth -Xcc -I/Users/dillion/Library/Developer/Xcode/DerivedData/Hither-bjrqgrflacigtpguwzhgemabgmon/SourcePackages/checkouts/AppAuth-iOS/Sources/AppAuthCore -Xcc -I/Users/dillion/Library/Developer/Xcode/DerivedData/Hither-bjrqgrflacigtpguwzhgemabgmon/SourcePackages/checkouts/promises/Sources/FBLPromises/include -Xcc -I/Users/dillion/Library/Developer/Xcode/DerivedData/Hither-bjrqgrflacigtpguwzhgemabgmon/SourcePackages/checkouts/GoogleUtilities/GoogleUtilities/UserDefaults/Public -Xcc -I/Users/dillion/Library/Developer/Xcode/DerivedData/Hither-bjrqgrflacigtpguwzhgemabgmon/SourcePackages/checkouts/app-check/AppCheckCore/Sources/Public -Xcc -I/Users/dillion/Library/Developer/Xcode/DerivedData/Hither-bjrqgrflacigtpguwzhgemabgmon/SourcePackages/checkouts/GoogleSignIn-iOS/GoogleSignIn/Sources/Public -Xcc -I/Users/dillion/Library/Developer/Xcode/DerivedData/Hither-bjrqgrflacigtpguwzhgemabgmon/SourcePackages/checkouts/ios-maps-sdk/Maps/Sources -Xcc -I/Users/dillion/Library/Developer/Xcode/DerivedData/Hither-bjrqgrflacigtpguwzhgemabgmon/SourcePackages/checkouts/interop-ios-for-google-sdks/RecaptchaEnterprise/RecaptchaInterop/Public -Xcc -I/Users/dillion/Library/Developer/Xcode/DerivedData/Hither-bjrqgrflacigtpguwzhgemabgmon/SourcePackages/checkouts/GoogleUtilities/GoogleUtilities/Network/Public -Xcc -I/Users/dillion/Library/Developer/Xcode/DerivedData/Hither-bjrqgrflacigtpguwzhgemabgmon/SourcePackages/checkouts/GoogleUtilities/GoogleUtilities/Reachability/Public -Xcc -I/Users/dillion/Library/Developer/Xcode/DerivedData/Hither-bjrqgrflacigtpguwzhgemabgmon/SourcePackages/checkouts/GoogleUtilities/GoogleUtilities/AppDelegateSwizzler/Public -Xcc -I/Users/dillion/Library/Developer/Xcode/DerivedData/Hither-bjrqgrflacigtpguwzhgemabgmon/SourcePackages/checkouts/gtm-session-fetcher/Sources/Core/Public -Xcc -I/Users/dillion/Library/Developer/Xcode/DerivedData/Hither-bjrqgrflacigtpguwzhgemabgmon/SourcePackages/checkouts/firebase-ios-sdk/FirebaseAuth/Sources/Public -Xcc -I/Users/dillion/Library/Developer/Xcode/DerivedData/Hither-bjrqgrflacigtpguwzhgemabgmon/SourcePackages/checkouts/firebase-ios-sdk/FirebaseAuth/Interop/Public -Xcc -I/Users/dillion/Library/Developer/Xcode/DerivedData/Hither-bjrqgrflacigtpguwzhgemabgmon/SourcePackages/checkouts/GoogleUtilities/GoogleUtilities/NSData+zlib/Public -Xcc -I/Users/dillion/Library/Developer/Xcode/DerivedData/Hither-bjrqgrflacigtpguwzhgemabgmon/SourcePackages/checkouts/GoogleUtilities/GoogleUtilities/Environment/Public -Xcc -I/Users/dillion/Library/Developer/Xcode/DerivedData/Hither-bjrqgrflacigtpguwzhgemabgmon/SourcePackages/checkouts/GoogleUtilities/third_party/IsAppEncrypted/Public -Xcc -I/Users/dillion/Library/Developer/Xcode/DerivedData/Hither-bjrqgrflacigtpguwzhgemabgmon/SourcePackages/checkouts/GoogleUtilities/GoogleUtilities/Logger/Public -Xcc -I/Users/dillion/Library/Developer/Xcode/DerivedData/Hither-bjrqgrflacigtpguwzhgemabgmon/SourcePackages/checkouts/abseil-cpp-binary/absl-Wrapper/include -Xcc -I/Users/dillion/Library/Developer/Xcode/DerivedData/Hither-bjrqgrflacigtpguwzhgemabgmon/SourcePackages/checkouts/grpc-binary/openssl-grpc-Wrapper/include -Xcc -I/Users/dillion/Library/Developer/Xcode/DerivedData/Hither-bjrqgrflacigtpguwzhgemabgmon/SourcePackages/checkouts/grpc-binary/grpc-Wrapper/include -Xcc -I/Users/dillion/Library/Developer/Xcode/DerivedData/Hither-bjrqgrflacigtpguwzhgemabgmon/SourcePackages/checkouts/grpc-binary/grpcpp-Wrapper/include -Xcc -I/Users/dillion/Library/Developer/Xcode/DerivedData/Hither-bjrqgrflacigtpguwzhgemabgmon/SourcePackages/checkouts/nanopb/spm_headers -Xcc -I/Users/dillion/Library/Developer/Xcode/DerivedData/Hither-bjrqgrflacigtpguwzhgemabgmon/SourcePackages/checkouts/leveldb/include -Xcc -I/Users/dillion/Library/Developer/Xcode/DerivedData/Hither-bjrqgrflacigtpguwzhgemabgmon/SourcePackages/checkouts/firebase-ios-sdk/FirebaseCore/Extension -Xcc -I/Users/dillion/Library/Developer/Xcode/DerivedData/Hither-bjrqgrflacigtpguwzhgemabgmon/SourcePackages/checkouts/firebase-ios-sdk/FirebaseCore/Sources/Public -Xcc -I/Users/dillion/Library/Developer/Xcode/DerivedData/Hither-bjrqgrflacigtpguwzhgemabgmon/SourcePackages/checkouts/firebase-ios-sdk/CoreOnly/Sources -Xcc -I/Users/dillion/Library/Developer/Xcode/DerivedData/Hither-bjrqgrflacigtpguwzhgemabgmon/SourcePackages/checkouts/firebase-ios-sdk/FirebaseAppCheck/Interop/Public -Xcc -I/Users/dillion/Library/Developer/Xcode/DerivedData/Hither-bjrqgrflacigtpguwzhgemabgmon/SourcePackages/checkouts/firebase-ios-sdk/FirebaseFirestoreInternal -Xcc -I/Users/dillion/Library/Developer/Xcode/DerivedData/Hither-bjrqgrflacigtpguwzhgemabgmon/SourcePackages/checkouts/firebase-ios-sdk/SwiftPM-PlatformExclude/FirebaseFirestoreWrap/include -Xcc -I/Users/dillion/Library/Developer/Xcode/DerivedData/Hither-bjrqgrflacigtpguwzhgemabgmon/Build/Products/Debug-iphonesimulator/include -Xcc -I/Users/dillion/Library/Developer/Xcode/DerivedData/Hither-bjrqgrflacigtpguwzhgemabgmon/Build/Intermediates.noindex/Hither.build/Debug-iphonesimulator/Hither.build/DerivedSources-normal/arm64 -Xcc -I/Users/dillion/Library/Developer/Xcode/DerivedData/Hither-bjrqgrflacigtpguwzhgemabgmon/Build/Intermediates.noindex/Hither.build/Debug-iphonesimulator/Hither.build/DerivedSources/arm64 -Xcc -I/Users/dillion/Library/Developer/Xcode/DerivedData/Hither-bjrqgrflacigtpguwzhgemabgmon/Build/Intermediates.noindex/Hither.build/Debug-iphonesimulator/Hither.build/DerivedSources -Xcc -DDEBUG\=1 -emit-objc-header -emit-objc-header-path /Users/dillion/Library/Developer/Xcode/DerivedData/Hither-bjrqgrflacigtpguwzhgemabgmon/Build/Intermediates.noindex/Hither.build/Debug-iphonesimulator/Hither.build/Objects-normal/arm64/Hither-Swift.h -working-directory /Users/dillion/Desktop/Hither -experimental-emit-module-separately -disable-cmo

Ld /Users/dillion/Library/Developer/Xcode/DerivedData/Hither-bjrqgrflacigtpguwzhgemabgmon/Build/Products/Debug-iphonesimulator/WidgetsExtension.appex/WidgetsExtension.debug.dylib normal (in target 'WidgetsExtension' from project 'Hither')
    cd /Users/dillion/Desktop/Hither
    /Applications/Xcode.app/Contents/Developer/Toolchains/XcodeDefault.xctoolchain/usr/bin/clang -Xlinker -reproducible -target arm64-apple-ios18.5-simulator -dynamiclib -isysroot /Applications/Xcode.app/Contents/Developer/Platforms/iPhoneSimulator.platform/Developer/SDKs/iPhoneSimulator18.5.sdk -O0 -L/Users/dillion/Library/Developer/Xcode/DerivedData/Hither-bjrqgrflacigtpguwzhgemabgmon/Build/Intermediates.noindex/EagerLinkingTBDs/Debug-iphonesimulator -L/Users/dillion/Library/Developer/Xcode/DerivedData/Hither-bjrqgrflacigtpguwzhgemabgmon/Build/Products/Debug-iphonesimulator -F/Users/dillion/Library/Developer/Xcode/DerivedData/Hither-bjrqgrflacigtpguwzhgemabgmon/Build/Intermediates.noindex/EagerLinkingTBDs/Debug-iphonesimulator -F/Users/dillion/Library/Developer/Xcode/DerivedData/Hither-bjrqgrflacigtpguwzhgemabgmon/Build/Products/Debug-iphonesimulator -filelist /Users/dillion/Library/Developer/Xcode/DerivedData/Hither-bjrqgrflacigtpguwzhgemabgmon/Build/Intermediates.noindex/Hither.build/Debug-iphonesimulator/WidgetsExtension.build/Objects-normal/arm64/WidgetsExtension.LinkFileList -install_name @rpath/WidgetsExtension.debug.dylib -Xlinker -rpath -Xlinker @executable_path/Frameworks -Xlinker -rpath -Xlinker @executable_path/../../Frameworks -dead_strip -Xlinker -object_path_lto -Xlinker /Users/dillion/Library/Developer/Xcode/DerivedData/Hither-bjrqgrflacigtpguwzhgemabgmon/Build/Intermediates.noindex/Hither.build/Debug-iphonesimulator/WidgetsExtension.build/Objects-normal/arm64/WidgetsExtension_lto.o -rdynamic -Xlinker -no_deduplicate -Xlinker -objc_abi_version -Xlinker 2 -Xlinker -debug_variant -Xlinker -dependency_info -Xlinker /Users/dillion/Library/Developer/Xcode/DerivedData/Hither-bjrqgrflacigtpguwzhgemabgmon/Build/Intermediates.noindex/Hither.build/Debug-iphonesimulator/WidgetsExtension.build/Objects-normal/arm64/WidgetsExtension_dependency_info.dat -fapplication-extension -fobjc-link-runtime -fprofile-instr-generate -L/Applications/Xcode.app/Contents/Developer/Toolchains/XcodeDefault.xctoolchain/usr/lib/swift/iphonesimulator -L/usr/lib/swift -Xlinker -add_ast_path -Xlinker /Users/dillion/Library/Developer/Xcode/DerivedData/Hither-bjrqgrflacigtpguwzhgemabgmon/Build/Intermediates.noindex/Hither.build/Debug-iphonesimulator/WidgetsExtension.build/Objects-normal/arm64/WidgetsExtension.swiftmodule -Xlinker -alias -Xlinker _NSExtensionMain -Xlinker ___debug_main_executable_dylib_entry_point -framework SwiftUI -framework WidgetKit -Xlinker -no_adhoc_codesign -o /Users/dillion/Library/Developer/Xcode/DerivedData/Hither-bjrqgrflacigtpguwzhgemabgmon/Build/Products/Debug-iphonesimulator/WidgetsExtension.appex/WidgetsExtension.debug.dylib

SwiftEmitModule normal arm64 Emitting\ module\ for\ Hither (in target 'Hither' from project 'Hither')

EmitSwiftModule normal arm64 (in target 'Hither' from project 'Hither')
    cd /Users/dillion/Desktop/Hither
    
/Users/dillion/Desktop/Hither/Hither/Services/ThemeManager.swift:279:44: warning: main actor-isolated static property 'shared' can not be referenced from a nonisolated context; this is an error in the Swift 6 language mode
    static let defaultValue = ThemeManager.shared
                                           ^
/Users/dillion/Desktop/Hither/Hither/Services/ThemeManager.swift:15:16: note: static property declared here
    static let shared = ThemeManager()
               ^
/Users/dillion/Desktop/Hither/Hither/Services/LocationService.swift:332:10: warning: main actor-isolated instance method 'locationManager(_:didUpdateLocations:)' cannot be used to satisfy nonisolated requirement from protocol 'CLLocationManagerDelegate'; this is an error in the Swift 6 language mode
    func locationManager(_ manager: CLLocationManager, didUpdateLocations locations: [CLLocation]) {
         ^
/Users/dillion/Desktop/Hither/Hither/Services/LocationService.swift:332:10: note: add 'nonisolated' to 'locationManager(_:didUpdateLocations:)' to make this instance method not isolated to the actor
    func locationManager(_ manager: CLLocationManager, didUpdateLocations locations: [CLLocation]) {
         ^
    nonisolated 
/Users/dillion/Desktop/Hither/Hither/Services/LocationService.swift:331:28: note: add '@preconcurrency' to the 'CLLocationManagerDelegate' conformance to defer isolation checking to run time
extension LocationService: CLLocationManagerDelegate {
                           ^
                           @preconcurrency 
/Users/dillion/Desktop/Hither/Hither/Services/LocationService.swift:350:10: warning: main actor-isolated instance method 'locationManager(_:didFailWithError:)' cannot be used to satisfy nonisolated requirement from protocol 'CLLocationManagerDelegate'; this is an error in the Swift 6 language mode
    func locationManager(_ manager: CLLocationManager, didFailWithError error: Error) {
         ^
/Users/dillion/Desktop/Hither/Hither/Services/LocationService.swift:350:10: note: add 'nonisolated' to 'locationManager(_:didFailWithError:)' to make this instance method not isolated to the actor
    func locationManager(_ manager: CLLocationManager, didFailWithError error: Error) {
         ^
    nonisolated 
/Users/dillion/Desktop/Hither/Hither/Services/LocationService.swift:354:10: warning: main actor-isolated instance method 'locationManager(_:didChangeAuthorization:)' cannot be used to satisfy nonisolated requirement from protocol 'CLLocationManagerDelegate'; this is an error in the Swift 6 language mode
    func locationManager(_ manager: CLLocationManager, didChangeAuthorization status: CLAuthorizationStatus) {
         ^
/Users/dillion/Desktop/Hither/Hither/Services/LocationService.swift:354:10: note: add 'nonisolated' to 'locationManager(_:didChangeAuthorization:)' to make this instance method not isolated to the actor
    func locationManager(_ manager: CLLocationManager, didChangeAuthorization status: CLAuthorizationStatus) {
         ^
    nonisolated 
/Users/dillion/Desktop/Hither/Hither/Services/NotificationService.swift:377:10: warning: main actor-isolated instance method 'userNotificationCenter(_:willPresent:withCompletionHandler:)' cannot be used to satisfy nonisolated requirement from protocol 'UNUserNotificationCenterDelegate'; this is an error in the Swift 6 language mode
    func userNotificationCenter(
         ^
/Users/dillion/Desktop/Hither/Hither/Services/NotificationService.swift:377:10: note: add 'nonisolated' to 'userNotificationCenter(_:willPresent:withCompletionHandler:)' to make this instance method not isolated to the actor
    func userNotificationCenter(
         ^
    nonisolated 
/Users/dillion/Desktop/Hither/Hither/Services/NotificationService.swift:376:32: note: add '@preconcurrency' to the 'UNUserNotificationCenterDelegate' conformance to defer isolation checking to run time
extension NotificationService: UNUserNotificationCenterDelegate {
                               ^
                               @preconcurrency 
/Users/dillion/Desktop/Hither/Hither/Services/NotificationService.swift:386:10: warning: main actor-isolated instance method 'userNotificationCenter(_:didReceive:withCompletionHandler:)' cannot be used to satisfy nonisolated requirement from protocol 'UNUserNotificationCenterDelegate'; this is an error in the Swift 6 language mode
    func userNotificationCenter(
         ^
/Users/dillion/Desktop/Hither/Hither/Services/NotificationService.swift:386:10: note: add 'nonisolated' to 'userNotificationCenter(_:didReceive:withCompletionHandler:)' to make this instance method not isolated to the actor
    func userNotificationCenter(
         ^
    nonisolated 
/Users/dillion/Desktop/Hither/Hither/Services/DirectionService.swift:186:1: warning: @preconcurrency attribute on conformance to 'NISessionDelegate' has no effect
extension DirectionService: @preconcurrency NISessionDelegate {
^                           ~~~~~~~~~~~~~~~~
                            

SwiftCompile normal arm64 Compiling\ ExistingGroupsSection.swift,\ MainTabView.swift,\ LocationSelectionSheet.swift,\ WaypointComponents.swift,\ WaypointDetailsSheet.swift,\ ImportURLSheet.swift /Users/dillion/Desktop/Hither/Hither/Views/Group/Components/ExistingGroupsSection.swift /Users/dillion/Desktop/Hither/Hither/Views/Group/Components/MainTabView.swift /Users/dillion/Desktop/Hither/Hither/Views/Itinerary/LocationSelectionSheet.swift /Users/dillion/Desktop/Hither/Hither/Views/Itinerary/WaypointComponents.swift /Users/dillion/Desktop/Hither/Hither/Views/Itinerary/WaypointDetailsSheet.swift /Users/dillion/Desktop/Hither/Hither/Views/Itinerary/ImportURLSheet.swift (in target 'Hither' from project 'Hither')
SwiftCompile normal arm64 /Users/dillion/Desktop/Hither/Hither/Views/Group/Components/ExistingGroupsSection.swift (in target 'Hither' from project 'Hither')
    cd /Users/dillion/Desktop/Hither
    

SwiftCompile normal arm64 /Users/dillion/Desktop/Hither/Hither/Views/Group/Components/MainTabView.swift (in target 'Hither' from project 'Hither')
    cd /Users/dillion/Desktop/Hither
    

SwiftCompile normal arm64 /Users/dillion/Desktop/Hither/Hither/Views/Itinerary/LocationSelectionSheet.swift (in target 'Hither' from project 'Hither')
    cd /Users/dillion/Desktop/Hither
    
/Users/dillion/Desktop/Hither/Hither/Views/Itinerary/LocationSelectionSheet.swift:34:17: warning: 'init(coordinateRegion:interactionModes:showsUserLocation:userTrackingMode:annotationItems:annotationContent:)' was deprecated in iOS 17.0: Use Map initializers that take a MapContentBuilder instead.
                Map(coordinateRegion: $region, annotationItems: mapAnnotations) { item in
                ^
/Users/dillion/Desktop/Hither/Hither/Views/Itinerary/LocationSelectionSheet.swift:35:21: warning: 'MapAnnotation' was deprecated in iOS 17.0: Use Annotation along with Map initializers that take a MapContentBuilder instead.
                    MapAnnotation(coordinate: item.coordinate) {
                    ^
/Users/dillion/Desktop/Hither/Hither/Views/Itinerary/LocationSelectionSheet.swift:185:10: warning: 'onChange(of:perform:)' was deprecated in iOS 17.0: Use `onChange` with a two or zero parameter action closure instead.
        .onChange(of: searchText) { text in
         ^

SwiftCompile normal arm64 /Users/dillion/Desktop/Hither/Hither/Views/Itinerary/WaypointComponents.swift (in target 'Hither' from project 'Hither')
    cd /Users/dillion/Desktop/Hither
    

SwiftCompile normal arm64 /Users/dillion/Desktop/Hither/Hither/Views/Itinerary/WaypointDetailsSheet.swift (in target 'Hither' from project 'Hither')
    cd /Users/dillion/Desktop/Hither
    

SwiftCompile normal arm64 /Users/dillion/Desktop/Hither/Hither/Views/Itinerary/ImportURLSheet.swift (in target 'Hither' from project 'Hither')
    cd /Users/dillion/Desktop/Hither
    
/Users/dillion/Desktop/Hither/Hither/Views/Itinerary/ImportURLSheet.swift:37:26: warning: 'onChange(of:perform:)' was deprecated in iOS 17.0: Use `onChange` with a two or zero parameter action closure instead.
                        .onChange(of: urlText) { newValue in
                         ^

SwiftCompile normal arm64 Compiling\ AddWaypointSheet.swift,\ DirectionView.swift,\ LoginView.swift,\ ActivityAttributes.swift,\ RequestAuthorizationDialog.swift,\ ItineraryService.swift,\ BadgeSystemView.swift /Users/dillion/Desktop/Hither/Hither/Views/Itinerary/AddWaypointSheet.swift /Users/dillion/Desktop/Hither/Hither/Views/Direction/DirectionView.swift /Users/dillion/Desktop/Hither/Hither/Views/Authentication/LoginView.swift /Users/dillion/Desktop/Hither/Hither/Models/ActivityAttributes.swift /Users/dillion/Desktop/Hither/Hither/Views/Components/RequestAuthorizationDialog.swift /Users/dillion/Desktop/Hither/Hither/Services/ItineraryService.swift /Users/dillion/Desktop/Hither/Hither/Views/Settings/BadgeSystemView.swift (in target 'Hither' from project 'Hither')
SwiftCompile normal arm64 /Users/dillion/Desktop/Hither/Hither/Views/Itinerary/AddWaypointSheet.swift (in target 'Hither' from project 'Hither')
    cd /Users/dillion/Desktop/Hither
    
/Users/dillion/Desktop/Hither/Hither/Views/Itinerary/AddWaypointSheet.swift:110:13: warning: 'init(coordinateRegion:interactionModes:showsUserLocation:userTrackingMode:annotationItems:annotationContent:)' was deprecated in iOS 17.0: Use Map initializers that take a MapContentBuilder instead.
            Map(coordinateRegion: $region, annotationItems: mapAnnotations) { item in
            ^
/Users/dillion/Desktop/Hither/Hither/Views/Itinerary/AddWaypointSheet.swift:111:17: warning: 'MapAnnotation' was deprecated in iOS 17.0: Use Annotation along with Map initializers that take a MapContentBuilder instead.
                MapAnnotation(coordinate: item.coordinate) {
                ^
/Users/dillion/Desktop/Hither/Hither/Views/Itinerary/AddWaypointSheet.swift:227:25: warning: 'init(destination:isActive:label:)' was deprecated in iOS 16.0: use NavigationLink(value:label:), or navigationDestination(isPresented:destination:), inside a NavigationStack or NavigationSplitView
                        NavigationLink(
                        ^
/Users/dillion/Desktop/Hither/Hither/Views/Itinerary/AddWaypointSheet.swift:270:10: warning: 'onChange(of:perform:)' was deprecated in iOS 17.0: Use `onChange` with a two or zero parameter action closure instead.
        .onChange(of: searchText) { text in
         ^
/Users/dillion/Desktop/Hither/Hither/Views/Itinerary/AddWaypointSheet.swift:553:17: warning: 'init(coordinateRegion:interactionModes:showsUserLocation:userTrackingMode:annotationItems:annotationContent:)' was deprecated in iOS 17.0: Use Map initializers that take a MapContentBuilder instead.
                Map(coordinateRegion: .constant(MKCoordinateRegion(
                ^
/Users/dillion/Desktop/Hither/Hither/Views/Itinerary/AddWaypointSheet.swift:557:21: warning: 'MapAnnotation' was deprecated in iOS 17.0: Use Annotation along with Map initializers that take a MapContentBuilder instead.
                    MapAnnotation(coordinate: item.coordinate) {
                    ^

SwiftCompile normal arm64 /Users/dillion/Desktop/Hither/Hither/Views/Direction/DirectionView.swift (in target 'Hither' from project 'Hither')
    cd /Users/dillion/Desktop/Hither
    
/Users/dillion/Desktop/Hither/Hither/Views/Direction/DirectionView.swift:55:14: warning: 'onChange(of:perform:)' was deprecated in iOS 17.0: Use `onChange` with a two or zero parameter action closure instead.
            .onChange(of: groupService.currentGroup) { _ in
             ^

SwiftCompile normal arm64 /Users/dillion/Desktop/Hither/Hither/Views/Authentication/LoginView.swift (in target 'Hither' from project 'Hither')
    cd /Users/dillion/Desktop/Hither
    

SwiftCompile normal arm64 /Users/dillion/Desktop/Hither/Hither/Models/ActivityAttributes.swift (in target 'Hither' from project 'Hither')
    cd /Users/dillion/Desktop/Hither
    

SwiftCompile normal arm64 /Users/dillion/Desktop/Hither/Hither/Views/Components/RequestAuthorizationDialog.swift (in target 'Hither' from project 'Hither')
    cd /Users/dillion/Desktop/Hither
    

SwiftCompile normal arm64 /Users/dillion/Desktop/Hither/Hither/Services/ItineraryService.swift (in target 'Hither' from project 'Hither')
    cd /Users/dillion/Desktop/Hither
    
/Users/dillion/Desktop/Hither/Hither/Services/ItineraryService.swift:161:36: warning: expression implicitly coerced from 'String?' to 'Any'
                    "description": waypoint.description ?? "",
                                   ^~~~~~~~~~~~~~~~~~~~~~~~~~
/Users/dillion/Desktop/Hither/Hither/Services/ItineraryService.swift:161:57: note: provide a default value to avoid this warning
                    "description": waypoint.description ?? "",
                                   ~~~~~~~~~~~~~~~~~~~~~^~~~~
                                                              ?? <#default value#>
/Users/dillion/Desktop/Hither/Hither/Services/ItineraryService.swift:161:57: note: force-unwrap the value to avoid this warning
                    "description": waypoint.description ?? "",
                                   ~~~~~~~~~~~~~~~~~~~~~^~~~~
                                                             !
/Users/dillion/Desktop/Hither/Hither/Services/ItineraryService.swift:161:57: note: explicitly cast to 'Any' with 'as Any' to silence this warning
                    "description": waypoint.description ?? "",
                                   ~~~~~~~~~~~~~~~~~~~~~^~~~~
                                                              as Any
/Users/dillion/Desktop/Hither/Hither/Services/ItineraryService.swift:138:19: warning: variable 'itinerary' was never mutated; consider changing to 'let' constant
        guard var itinerary = currentItinerary,
              ~~~ ^
              let
/Users/dillion/Desktop/Hither/Hither/Services/ItineraryService.swift:255:19: warning: immutable value 'waypoint' was never used; consider replacing with '_' or removing it
              let waypoint = itinerary.waypoints.first(where: { $0.id == waypointId }) else {
              ~~~~^~~~~~~~
              _

SwiftCompile normal arm64 /Users/dillion/Desktop/Hither/Hither/Views/Settings/BadgeSystemView.swift (in target 'Hither' from project 'Hither')
    cd /Users/dillion/Desktop/Hither
    

SwiftCompile normal arm64 Compiling\ LocationService.swift,\ ItineraryView.swift,\ LiquidGlassTextField.swift,\ ThemeExampleView.swift,\ AuthenticationService.swift,\ GoogleMapsService.swift,\ GroupService.swift /Users/dillion/Desktop/Hither/Hither/Services/LocationService.swift /Users/dillion/Desktop/Hither/Hither/Views/Itinerary/ItineraryView.swift /Users/dillion/Desktop/Hither/Hither/Views/Components/UI/LiquidGlassTextField.swift /Users/dillion/Desktop/Hither/Hither/Views/Examples/ThemeExampleView.swift /Users/dillion/Desktop/Hither/Hither/Services/AuthenticationService.swift /Users/dillion/Desktop/Hither/Hither/Services/GoogleMapsService.swift /Users/dillion/Desktop/Hither/Hither/Services/GroupService.swift (in target 'Hither' from project 'Hither')

SwiftCompile normal arm64 /Users/dillion/Desktop/Hither/Hither/Services/LocationService.swift (in target 'Hither' from project 'Hither')
    cd /Users/dillion/Desktop/Hither
    
/Users/dillion/Desktop/Hither/Hither/Services/LocationService.swift:332:10: warning: main actor-isolated instance method 'locationManager(_:didUpdateLocations:)' cannot be used to satisfy nonisolated requirement from protocol 'CLLocationManagerDelegate'; this is an error in the Swift 6 language mode
    func locationManager(_ manager: CLLocationManager, didUpdateLocations locations: [CLLocation]) {
         ^
/Users/dillion/Desktop/Hither/Hither/Services/LocationService.swift:332:10: note: add 'nonisolated' to 'locationManager(_:didUpdateLocations:)' to make this instance method not isolated to the actor
    func locationManager(_ manager: CLLocationManager, didUpdateLocations locations: [CLLocation]) {
         ^
    nonisolated 
/Users/dillion/Desktop/Hither/Hither/Services/LocationService.swift:331:28: note: add '@preconcurrency' to the 'CLLocationManagerDelegate' conformance to defer isolation checking to run time
extension LocationService: CLLocationManagerDelegate {
                           ^
                           @preconcurrency 
/Users/dillion/Desktop/Hither/Hither/Services/LocationService.swift:350:10: warning: main actor-isolated instance method 'locationManager(_:didFailWithError:)' cannot be used to satisfy nonisolated requirement from protocol 'CLLocationManagerDelegate'; this is an error in the Swift 6 language mode
    func locationManager(_ manager: CLLocationManager, didFailWithError error: Error) {
         ^
/Users/dillion/Desktop/Hither/Hither/Services/LocationService.swift:350:10: note: add 'nonisolated' to 'locationManager(_:didFailWithError:)' to make this instance method not isolated to the actor
    func locationManager(_ manager: CLLocationManager, didFailWithError error: Error) {
         ^
    nonisolated 
/Users/dillion/Desktop/Hither/Hither/Services/LocationService.swift:354:10: warning: main actor-isolated instance method 'locationManager(_:didChangeAuthorization:)' cannot be used to satisfy nonisolated requirement from protocol 'CLLocationManagerDelegate'; this is an error in the Swift 6 language mode
    func locationManager(_ manager: CLLocationManager, didChangeAuthorization status: CLAuthorizationStatus) {
         ^
/Users/dillion/Desktop/Hither/Hither/Services/LocationService.swift:354:10: note: add 'nonisolated' to 'locationManager(_:didChangeAuthorization:)' to make this instance method not isolated to the actor
    func locationManager(_ manager: CLLocationManager, didChangeAuthorization status: CLAuthorizationStatus) {
         ^
    nonisolated 
/Users/dillion/Desktop/Hither/Hither/Services/LocationService.swift:62:18: warning: call to main actor-isolated instance method 'updateLocationFromDevelopmentService()' in a synchronous nonisolated context; this is an error in the Swift 6 language mode
            self.updateLocationFromDevelopmentService()
                 ^
/Users/dillion/Desktop/Hither/Hither/Services/LocationService.swift:66:18: note: calls to instance method 'updateLocationFromDevelopmentService()' from outside of its actor context are implicitly asynchronous
    private func updateLocationFromDevelopmentService() {
                 ^
/Users/dillion/Desktop/Hither/Hither/Services/LocationService.swift:185:16: warning: value 'lastLocation' was defined but never used; consider replacing with boolean test
        if let lastLocation = currentLocation {
           ~~~~^~~~~~~~~~~~~~~
                                              != nil

SwiftCompile normal arm64 /Users/dillion/Desktop/Hither/Hither/Views/Itinerary/ItineraryView.swift (in target 'Hither' from project 'Hither')
    cd /Users/dillion/Desktop/Hither
    

SwiftCompile normal arm64 /Users/dillion/Desktop/Hither/Hither/Views/Components/UI/LiquidGlassTextField.swift (in target 'Hither' from project 'Hither')
    cd /Users/dillion/Desktop/Hither
    

SwiftCompile normal arm64 /Users/dillion/Desktop/Hither/Hither/Views/Examples/ThemeExampleView.swift (in target 'Hither' from project 'Hither')
    cd /Users/dillion/Desktop/Hither
    

SwiftCompile normal arm64 /Users/dillion/Desktop/Hither/Hither/Services/AuthenticationService.swift (in target 'Hither' from project 'Hither')
    cd /Users/dillion/Desktop/Hither
    
/Users/dillion/Desktop/Hither/Hither/Services/AuthenticationService.swift:68:17: warning: initialization of immutable value 'authorizationController' was never used; consider replacing with assignment to '_' or removing it
            let authorizationController = ASAuthorizationController(authorizationRequests: [request])
            ~~~~^~~~~~~~~~~~~~~~~~~~~~~
            _
/Users/dillion/Desktop/Hither/Hither/Services/AuthenticationService.swift:72:11: warning: 'catch' block is unreachable because no errors are thrown in 'do' block
        } catch {
          ^

SwiftCompile normal arm64 /Users/dillion/Desktop/Hither/Hither/Services/GoogleMapsService.swift (in target 'Hither' from project 'Hither')
    cd /Users/dillion/Desktop/Hither
    

SwiftCompile normal arm64 /Users/dillion/Desktop/Hither/Hither/Services/GroupService.swift (in target 'Hither' from project 'Hither')
    cd /Users/dillion/Desktop/Hither
    
/Users/dillion/Desktop/Hither/Hither/Services/GroupService.swift:266:28: warning: value 'group' was defined but never used; consider replacing with boolean test
                    if let group = self?.currentGroup {
                       ~~~~^~~~~~~~
                       (                             ) != nil
/Users/dillion/Desktop/Hither/Hither/Services/GroupService.swift:871:13: warning: initialization of immutable value 'notificationService' was never used; consider replacing with assignment to '_' or removing it
        let notificationService = NotificationService()
        ~~~~^~~~~~~~~~~~~~~~~~~
        _

SwiftCompile normal arm64 Compiling\ ThemeTextStyles.swift,\ HitherApp.swift,\ CommandsView.swift,\ RouteMapView.swift,\ ErrorHandlingView.swift,\ DashboardView.swift,\ GoogleMapsNativeView.swift /Users/dillion/Desktop/Hither/Hither/Views/Components/ThemeTextStyles.swift /Users/dillion/Desktop/Hither/Hither/HitherApp.swift /Users/dillion/Desktop/Hither/Hither/Views/Commands/CommandsView.swift /Users/dillion/Desktop/Hither/Hither/Views/Map/RouteMapView.swift /Users/dillion/Desktop/Hither/Hither/Views/Components/ErrorHandlingView.swift /Users/dillion/Desktop/Hither/Hither/Views/Dashboard/DashboardView.swift /Users/dillion/Desktop/Hither/Hither/Views/Map/GoogleMapsNativeView.swift (in target 'Hither' from project 'Hither')

SwiftCompile normal arm64 /Users/dillion/Desktop/Hither/Hither/Views/Components/ThemeTextStyles.swift (in target 'Hither' from project 'Hither')
    cd /Users/dillion/Desktop/Hither
    

SwiftCompile normal arm64 /Users/dillion/Desktop/Hither/Hither/HitherApp.swift (in target 'Hither' from project 'Hither')
    cd /Users/dillion/Desktop/Hither
    
/Users/dillion/Desktop/Hither/Hither/HitherApp.swift:77:16: warning: value 'windowScene' was defined but never used; consider replacing with boolean test
        if let windowScene = UIApplication.shared.connectedScenes.first as? UIWindowScene {
           ~~~~^~~~~~~~~~~~~~                                           ~~~
                                                                        is

SwiftCompile normal arm64 /Users/dillion/Desktop/Hither/Hither/Views/Commands/CommandsView.swift (in target 'Hither' from project 'Hither')
    cd /Users/dillion/Desktop/Hither
    

SwiftCompile normal arm64 /Users/dillion/Desktop/Hither/Hither/Views/Map/RouteMapView.swift (in target 'Hither' from project 'Hither')
    cd /Users/dillion/Desktop/Hither
    

SwiftCompile normal arm64 /Users/dillion/Desktop/Hither/Hither/Views/Components/ErrorHandlingView.swift (in target 'Hither' from project 'Hither')
    cd /Users/dillion/Desktop/Hither
    

SwiftCompile normal arm64 /Users/dillion/Desktop/Hither/Hither/Views/Dashboard/DashboardView.swift (in target 'Hither' from project 'Hither')
    cd /Users/dillion/Desktop/Hither
    

SwiftCompile normal arm64 /Users/dillion/Desktop/Hither/Hither/Views/Map/GoogleMapsNativeView.swift (in target 'Hither' from project 'Hither')
    cd /Users/dillion/Desktop/Hither
    
/Users/dillion/Desktop/Hither/Hither/Views/Map/GoogleMapsNativeView.swift:40:34: warning: 'map(withFrame:camera:)' is deprecated: Use -init or -initWithOptions: instead.
        let mapView = GMSMapView.map(withFrame: .zero, camera: camera)
                                 ^

SwiftCompile normal arm64 Compiling\ FindRequestService.swift,\ Group.swift,\ MemberRowView.swift,\ FindRequestNotification.swift,\ InviteSheet.swift,\ LeaderDashboardView.swift,\ MapSearchBar.swift /Users/dillion/Desktop/Hither/Hither/Services/FindRequestService.swift /Users/dillion/Desktop/Hither/Hither/Models/Group.swift /Users/dillion/Desktop/Hither/Hither/Views/Group/Components/MemberRowView.swift /Users/dillion/Desktop/Hither/Hither/Views/Components/FindRequestNotification.swift /Users/dillion/Desktop/Hither/Hither/Views/Components/InviteSheet.swift /Users/dillion/Desktop/Hither/Hither/Views/Dashboard/LeaderDashboardView.swift /Users/dillion/Desktop/Hither/Hither/Views/Map/MapSearchBar.swift (in target 'Hither' from project 'Hither')

SwiftCompile normal arm64 /Users/dillion/Desktop/Hither/Hither/Services/FindRequestService.swift (in target 'Hither' from project 'Hither')
    cd /Users/dillion/Desktop/Hither
    

SwiftCompile normal arm64 /Users/dillion/Desktop/Hither/Hither/Models/Group.swift (in target 'Hither' from project 'Hither')
    cd /Users/dillion/Desktop/Hither
    

SwiftCompile normal arm64 /Users/dillion/Desktop/Hither/Hither/Views/Group/Components/MemberRowView.swift (in target 'Hither' from project 'Hither')
    cd /Users/dillion/Desktop/Hither
    

SwiftCompile normal arm64 /Users/dillion/Desktop/Hither/Hither/Views/Components/FindRequestNotification.swift (in target 'Hither' from project 'Hither')
    cd /Users/dillion/Desktop/Hither
    

SwiftCompile normal arm64 /Users/dillion/Desktop/Hither/Hither/Views/Components/InviteSheet.swift (in target 'Hither' from project 'Hither')
    cd /Users/dillion/Desktop/Hither
    

SwiftCompile normal arm64 /Users/dillion/Desktop/Hither/Hither/Views/Dashboard/LeaderDashboardView.swift (in target 'Hither' from project 'Hither')
    cd /Users/dillion/Desktop/Hither
    

SwiftCompile normal arm64 /Users/dillion/Desktop/Hither/Hither/Views/Map/MapSearchBar.swift (in target 'Hither' from project 'Hither')
    cd /Users/dillion/Desktop/Hither
    

SwiftCompile normal arm64 Compiling\ EditNameSheet.swift,\ SettingsView.swift,\ Itinerary.swift,\ AllGroupsView.swift,\ FindMemberView.swift,\ JoinGroupSection.swift,\ NativeQRScannerView.swift /Users/dillion/Desktop/Hither/Hither/Views/Components/EditNameSheet.swift /Users/dillion/Desktop/Hither/Hither/Views/Settings/SettingsView.swift /Users/dillion/Desktop/Hither/Hither/Models/Itinerary.swift /Users/dillion/Desktop/Hither/Hither/Views/Group/AllGroupsView.swift /Users/dillion/Desktop/Hither/Hither/Views/Direction/FindMemberView.swift /Users/dillion/Desktop/Hither/Hither/Views/Group/Components/JoinGroupSection.swift /Users/dillion/Desktop/Hither/Hither/Views/Components/NativeQRScannerView.swift (in target 'Hither' from project 'Hither')

SwiftCompile normal arm64 /Users/dillion/Desktop/Hither/Hither/Views/Components/EditNameSheet.swift (in target 'Hither' from project 'Hither')
    cd /Users/dillion/Desktop/Hither
    

SwiftCompile normal arm64 /Users/dillion/Desktop/Hither/Hither/Views/Settings/SettingsView.swift (in target 'Hither' from project 'Hither')
    cd /Users/dillion/Desktop/Hither
    
/Users/dillion/Desktop/Hither/Hither/Views/Settings/SettingsView.swift:468:30: warning: 'onChange(of:perform:)' was deprecated in iOS 17.0: Use `onChange` with a two or zero parameter action closure instead.
                            .onChange(of: isFreeRoamMode) { newValue in
                             ^
/Users/dillion/Desktop/Hither/Hither/Views/Settings/SettingsView.swift:630:13: warning: initialization of immutable value 'message' was never used; consider replacing with assignment to '_' or removing it
        let message = enabled ? "free_roam_mode_enabled".localized : "free_roam_mode_disabled".localized
        ~~~~^~~~~~~
        _

SwiftCompile normal arm64 /Users/dillion/Desktop/Hither/Hither/Models/Itinerary.swift (in target 'Hither' from project 'Hither')
    cd /Users/dillion/Desktop/Hither
    

SwiftCompile normal arm64 /Users/dillion/Desktop/Hither/Hither/Views/Group/AllGroupsView.swift (in target 'Hither' from project 'Hither')
    cd /Users/dillion/Desktop/Hither
    

SwiftCompile normal arm64 /Users/dillion/Desktop/Hither/Hither/Views/Direction/FindMemberView.swift (in target 'Hither' from project 'Hither')
    cd /Users/dillion/Desktop/Hither
    

SwiftCompile normal arm64 /Users/dillion/Desktop/Hither/Hither/Views/Group/Components/JoinGroupSection.swift (in target 'Hither' from project 'Hither')
    cd /Users/dillion/Desktop/Hither
    

SwiftCompile normal arm64 /Users/dillion/Desktop/Hither/Hither/Views/Components/NativeQRScannerView.swift (in target 'Hither' from project 'Hither')
    cd /Users/dillion/Desktop/Hither
    

SwiftCompile normal arm64 Compiling\ RoleIndicatorView.swift,\ EmojiAvatarPicker.swift,\ DarkBlueThemeSystem.swift,\ LiquidGlassComponents.swift,\ MemberInteractionMenu.swift,\ ContentView.swift,\ GroupSetupView.swift /Users/dillion/Desktop/Hither/Hither/Views/Components/RoleIndicatorView.swift /Users/dillion/Desktop/Hither/Hither/Views/Components/EmojiAvatarPicker.swift /Users/dillion/Desktop/Hither/Hither/Views/Components/DarkBlueThemeSystem.swift /Users/dillion/Desktop/Hither/Hither/Views/Components/LiquidGlassComponents.swift /Users/dillion/Desktop/Hither/Hither/Views/Components/MemberInteractionMenu.swift /Users/dillion/Desktop/Hither/Hither/ContentView.swift /Users/dillion/Desktop/Hither/Hither/Views/Group/GroupSetupView.swift (in target 'Hither' from project 'Hither')

SwiftCompile normal arm64 /Users/dillion/Desktop/Hither/Hither/Views/Components/RoleIndicatorView.swift (in target 'Hither' from project 'Hither')
    cd /Users/dillion/Desktop/Hither
    

SwiftCompile normal arm64 /Users/dillion/Desktop/Hither/Hither/Views/Components/EmojiAvatarPicker.swift (in target 'Hither' from project 'Hither')
    cd /Users/dillion/Desktop/Hither
    

SwiftCompile normal arm64 /Users/dillion/Desktop/Hither/Hither/Views/Components/DarkBlueThemeSystem.swift (in target 'Hither' from project 'Hither')
    cd /Users/dillion/Desktop/Hither
    

SwiftCompile normal arm64 /Users/dillion/Desktop/Hither/Hither/Views/Components/LiquidGlassComponents.swift (in target 'Hither' from project 'Hither')
    cd /Users/dillion/Desktop/Hither
    

SwiftCompile normal arm64 /Users/dillion/Desktop/Hither/Hither/Views/Components/MemberInteractionMenu.swift (in target 'Hither' from project 'Hither')
    cd /Users/dillion/Desktop/Hither
    

SwiftCompile normal arm64 /Users/dillion/Desktop/Hither/Hither/ContentView.swift (in target 'Hither' from project 'Hither')
    cd /Users/dillion/Desktop/Hither
    

SwiftCompile normal arm64 /Users/dillion/Desktop/Hither/Hither/Views/Group/GroupSetupView.swift (in target 'Hither' from project 'Hither')
    cd /Users/dillion/Desktop/Hither
    

ConstructStubExecutorLinkFileList /Users/dillion/Library/Developer/Xcode/DerivedData/Hither-bjrqgrflacigtpguwzhgemabgmon/Build/Intermediates.noindex/Hither.build/Debug-iphonesimulator/WidgetsExtension.build/WidgetsExtension-ExecutorLinkFileList-normal-arm64.txt (in target 'WidgetsExtension' from project 'Hither')
    cd /Users/dillion/Desktop/Hither
    construct-stub-executor-link-file-list /Users/dillion/Library/Developer/Xcode/DerivedData/Hither-bjrqgrflacigtpguwzhgemabgmon/Build/Products/Debug-iphonesimulator/WidgetsExtension.appex/WidgetsExtension.debug.dylib /Applications/Xcode.app/Contents/Developer/Platforms/iPhoneSimulator.platform/Developer/usr/lib/libPreviewsJITStubExecutor_no_swift_entry_point.a /Applications/Xcode.app/Contents/Developer/Platforms/iPhoneSimulator.platform/Developer/usr/lib/libPreviewsJITStubExecutor.a --output /Users/dillion/Library/Developer/Xcode/DerivedData/Hither-bjrqgrflacigtpguwzhgemabgmon/Build/Intermediates.noindex/Hither.build/Debug-iphonesimulator/WidgetsExtension.build/WidgetsExtension-ExecutorLinkFileList-normal-arm64.txt
note: Using stub executor library with Swift entry point. (in target 'WidgetsExtension' from project 'Hither')

SwiftDriverJobDiscovery normal arm64 Emitting module for Hither (in target 'Hither' from project 'Hither')

SwiftDriver\ Compilation\ Requirements Hither normal arm64 com.apple.xcode.tools.swift.compiler (in target 'Hither' from project 'Hither')
    cd /Users/dillion/Desktop/Hither
    builtin-Swift-Compilation-Requirements -- /Applications/Xcode.app/Contents/Developer/Toolchains/XcodeDefault.xctoolchain/usr/bin/swiftc -module-name Hither -Onone -enforce-exclusivity\=checked @/Users/dillion/Library/Developer/Xcode/DerivedData/Hither-bjrqgrflacigtpguwzhgemabgmon/Build/Intermediates.noindex/Hither.build/Debug-iphonesimulator/Hither.build/Objects-normal/arm64/Hither.SwiftFileList -DDEBUG -Xcc -fmodule-map-file\=/Users/dillion/Library/Developer/Xcode/DerivedData/Hither-bjrqgrflacigtpguwzhgemabgmon/Build/Intermediates.noindex/GeneratedModuleMaps-iphonesimulator/AppAuth.modulemap -Xcc -fmodule-map-file\=/Users/dillion/Library/Developer/Xcode/DerivedData/Hither-bjrqgrflacigtpguwzhgemabgmon/Build/Intermediates.noindex/GeneratedModuleMaps-iphonesimulator/AppAuthCore.modulemap -Xcc -fmodule-map-file\=/Users/dillion/Library/Developer/Xcode/DerivedData/Hither-bjrqgrflacigtpguwzhgemabgmon/Build/Intermediates.noindex/GeneratedModuleMaps-iphonesimulator/GoogleUtilities-UserDefaults.modulemap -Xcc -fmodule-map-file\=/Users/dillion/Library/Developer/Xcode/DerivedData/Hither-bjrqgrflacigtpguwzhgemabgmon/Build/Intermediates.noindex/GeneratedModuleMaps-iphonesimulator/AppCheckCore.modulemap -Xcc -fmodule-map-file\=/Users/dillion/Library/Developer/Xcode/DerivedData/Hither-bjrqgrflacigtpguwzhgemabgmon/Build/Intermediates.noindex/GeneratedModuleMaps-iphonesimulator/GoogleSignIn.modulemap -Xcc -fmodule-map-file\=/Users/dillion/Library/Developer/Xcode/DerivedData/Hither-bjrqgrflacigtpguwzhgemabgmon/Build/Intermediates.noindex/GeneratedModuleMaps-iphonesimulator/GoogleMapsTarget.modulemap -Xcc -fmodule-map-file\=/Users/dillion/Library/Developer/Xcode/DerivedData/Hither-bjrqgrflacigtpguwzhgemabgmon/Build/Intermediates.noindex/GeneratedModuleMaps-iphonesimulator/RecaptchaInterop.modulemap -Xcc -fmodule-map-file\=/Users/dillion/Library/Developer/Xcode/DerivedData/Hither-bjrqgrflacigtpguwzhgemabgmon/Build/Intermediates.noindex/GeneratedModuleMaps-iphonesimulator/GoogleUtilities-Network.modulemap -Xcc -fmodule-map-file\=/Users/dillion/Library/Developer/Xcode/DerivedData/Hither-bjrqgrflacigtpguwzhgemabgmon/Build/Intermediates.noindex/GeneratedModuleMaps-iphonesimulator/GoogleUtilities-Reachability.modulemap -Xcc -fmodule-map-file\=/Users/dillion/Library/Developer/Xcode/DerivedData/Hither-bjrqgrflacigtpguwzhgemabgmon/Build/Intermediates.noindex/GeneratedModuleMaps-iphonesimulator/GoogleUtilities-AppDelegateSwizzler.modulemap -Xcc -fmodule-map-file\=/Users/dillion/Library/Developer/Xcode/DerivedData/Hither-bjrqgrflacigtpguwzhgemabgmon/Build/Intermediates.noindex/GeneratedModuleMaps-iphonesimulator/GTMSessionFetcherCore.modulemap -Xcc -fmodule-map-file\=/Users/dillion/Library/Developer/Xcode/DerivedData/Hither-bjrqgrflacigtpguwzhgemabgmon/Build/Intermediates.noindex/GeneratedModuleMaps-iphonesimulator/FirebaseAuthInternal.modulemap -Xcc -fmodule-map-file\=/Users/dillion/Library/Developer/Xcode/DerivedData/Hither-bjrqgrflacigtpguwzhgemabgmon/Build/Intermediates.noindex/GeneratedModuleMaps-iphonesimulator/FirebaseAuthInterop.modulemap -Xcc -fmodule-map-file\=/Users/dillion/Library/Developer/Xcode/DerivedData/Hither-bjrqgrflacigtpguwzhgemabgmon/Build/Intermediates.noindex/GeneratedModuleMaps-iphonesimulator/GoogleUtilities-NSData.modulemap -Xcc -fmodule-map-file\=/Users/dillion/Library/Developer/Xcode/DerivedData/Hither-bjrqgrflacigtpguwzhgemabgmon/Build/Intermediates.noindex/GeneratedModuleMaps-iphonesimulator/GoogleUtilities-Environment.modulemap -Xcc -fmodule-map-file\=/Users/dillion/Library/Developer/Xcode/DerivedData/Hither-bjrqgrflacigtpguwzhgemabgmon/Build/Intermediates.noindex/GeneratedModuleMaps-iphonesimulator/third-party-IsAppEncrypted.modulemap -Xcc -fmodule-map-file\=/Users/dillion/Library/Developer/Xcode/DerivedData/Hither-bjrqgrflacigtpguwzhgemabgmon/Build/Intermediates.noindex/GeneratedModuleMaps-iphonesimulator/GoogleUtilities-Logger.modulemap -Xcc -fmodule-map-file\=/Users/dillion/Library/Developer/Xcode/DerivedData/Hither-bjrqgrflacigtpguwzhgemabgmon/Build/Intermediates.noindex/GeneratedModuleMaps-iphonesimulator/abslWrapper.modulemap -Xcc -fmodule-map-file\=/Users/dillion/Library/Developer/Xcode/DerivedData/Hither-bjrqgrflacigtpguwzhgemabgmon/Build/Intermediates.noindex/GeneratedModuleMaps-iphonesimulator/opensslWrapper.modulemap -Xcc -fmodule-map-file\=/Users/dillion/Library/Developer/Xcode/DerivedData/Hither-bjrqgrflacigtpguwzhgemabgmon/Build/Intermediates.noindex/GeneratedModuleMaps-iphonesimulator/grpcWrapper.modulemap -Xcc -fmodule-map-file\=/Users/dillion/Library/Developer/Xcode/DerivedData/Hither-bjrqgrflacigtpguwzhgemabgmon/Build/Intermediates.noindex/GeneratedModuleMaps-iphonesimulator/grpcppWrapper.modulemap -Xcc -fmodule-map-file\=/Users/dillion/Library/Developer/Xcode/DerivedData/Hither-bjrqgrflacigtpguwzhgemabgmon/Build/Intermediates.noindex/GeneratedModuleMaps-iphonesimulator/nanopb.modulemap -Xcc -fmodule-map-file\=/Users/dillion/Library/Developer/Xcode/DerivedData/Hither-bjrqgrflacigtpguwzhgemabgmon/Build/Intermediates.noindex/GeneratedModuleMaps-iphonesimulator/leveldb.modulemap -Xcc -fmodule-map-file\=/Users/dillion/Library/Developer/Xcode/DerivedData/Hither-bjrqgrflacigtpguwzhgemabgmon/Build/Intermediates.noindex/GeneratedModuleMaps-iphonesimulator/FirebaseCoreExtension.modulemap -Xcc -fmodule-map-file\=/Users/dillion/Library/Developer/Xcode/DerivedData/Hither-bjrqgrflacigtpguwzhgemabgmon/Build/Intermediates.noindex/GeneratedModuleMaps-iphonesimulator/FirebaseCore.modulemap -Xcc -fmodule-map-file\=/Users/dillion/Library/Developer/Xcode/DerivedData/Hither-bjrqgrflacigtpguwzhgemabgmon/Build/Intermediates.noindex/GeneratedModuleMaps-iphonesimulator/FirebaseAppCheckInterop.modulemap -Xcc -fmodule-map-file\=/Users/dillion/Library/Developer/Xcode/DerivedData/Hither-bjrqgrflacigtpguwzhgemabgmon/Build/Intermediates.noindex/GeneratedModuleMaps-iphonesimulator/FirebaseFirestoreInternalWrapper.modulemap -Xcc -fmodule-map-file\=/Users/dillion/Library/Developer/Xcode/DerivedData/Hither-bjrqgrflacigtpguwzhgemabgmon/Build/Intermediates.noindex/GeneratedModuleMaps-iphonesimulator/FirebaseFirestoreTarget.modulemap -enable-bare-slash-regex -enable-experimental-feature DebugDescriptionMacro -sdk /Applications/Xcode.app/Contents/Developer/Platforms/iPhoneSimulator.platform/Developer/SDKs/iPhoneSimulator18.5.sdk -target arm64-apple-ios18.5-simulator -g -module-cache-path /Users/dillion/Library/Developer/Xcode/DerivedData/ModuleCache.noindex -Xfrontend -serialize-debugging-options -profile-coverage-mapping -profile-generate -enable-testing -index-store-path /Users/dillion/Library/Developer/Xcode/DerivedData/Hither-bjrqgrflacigtpguwzhgemabgmon/Index.noindex/DataStore -swift-version 5 -I /Users/dillion/Library/Developer/Xcode/DerivedData/Hither-bjrqgrflacigtpguwzhgemabgmon/Build/Products/Debug-iphonesimulator -F /Users/dillion/Library/Developer/Xcode/DerivedData/Hither-bjrqgrflacigtpguwzhgemabgmon/Build/Products/Debug-iphonesimulator/PackageFrameworks -F /Users/dillion/Library/Developer/Xcode/DerivedData/Hither-bjrqgrflacigtpguwzhgemabgmon/Build/Products/Debug-iphonesimulator/PackageFrameworks -F /Users/dillion/Library/Developer/Xcode/DerivedData/Hither-bjrqgrflacigtpguwzhgemabgmon/Build/Products/Debug-iphonesimulator/PackageFrameworks -F /Users/dillion/Library/Developer/Xcode/DerivedData/Hither-bjrqgrflacigtpguwzhgemabgmon/Build/Products/Debug-iphonesimulator/PackageFrameworks -F /Users/dillion/Library/Developer/Xcode/DerivedData/Hither-bjrqgrflacigtpguwzhgemabgmon/Build/Products/Debug-iphonesimulator/PackageFrameworks -F /Users/dillion/Library/Developer/Xcode/DerivedData/Hither-bjrqgrflacigtpguwzhgemabgmon/Build/Products/Debug-iphonesimulator/PackageFrameworks -F /Users/dillion/Library/Developer/Xcode/DerivedData/Hither-bjrqgrflacigtpguwzhgemabgmon/Build/Products/Debug-iphonesimulator/PackageFrameworks -F /Users/dillion/Library/Developer/Xcode/DerivedData/Hither-bjrqgrflacigtpguwzhgemabgmon/Build/Products/Debug-iphonesimulator/PackageFrameworks -F /Users/dillion/Library/Developer/Xcode/DerivedData/Hither-bjrqgrflacigtpguwzhgemabgmon/Build/Products/Debug-iphonesimulator/PackageFrameworks -F /Users/dillion/Library/Developer/Xcode/DerivedData/Hither-bjrqgrflacigtpguwzhgemabgmon/Build/Products/Debug-iphonesimulator/PackageFrameworks -F /Users/dillion/Library/Developer/Xcode/DerivedData/Hither-bjrqgrflacigtpguwzhgemabgmon/Build/Products/Debug-iphonesimulator/PackageFrameworks -F /Users/dillion/Library/Developer/Xcode/DerivedData/Hither-bjrqgrflacigtpguwzhgemabgmon/Build/Products/Debug-iphonesimulator/PackageFrameworks -F /Users/dillion/Library/Developer/Xcode/DerivedData/Hither-bjrqgrflacigtpguwzhgemabgmon/Build/Products/Debug-iphonesimulator/PackageFrameworks -F /Users/dillion/Library/Developer/Xcode/DerivedData/Hither-bjrqgrflacigtpguwzhgemabgmon/Build/Products/Debug-iphonesimulator/PackageFrameworks -F /Users/dillion/Library/Developer/Xcode/DerivedData/Hither-bjrqgrflacigtpguwzhgemabgmon/Build/Products/Debug-iphonesimulator/PackageFrameworks -F /Users/dillion/Library/Developer/Xcode/DerivedData/Hither-bjrqgrflacigtpguwzhgemabgmon/Build/Products/Debug-iphonesimulator/PackageFrameworks -F /Users/dillion/Library/Developer/Xcode/DerivedData/Hither-bjrqgrflacigtpguwzhgemabgmon/Build/Products/Debug-iphonesimulator/PackageFrameworks -F /Users/dillion/Library/Developer/Xcode/DerivedData/Hither-bjrqgrflacigtpguwzhgemabgmon/Build/Products/Debug-iphonesimulator/PackageFrameworks -F /Users/dillion/Library/Developer/Xcode/DerivedData/Hither-bjrqgrflacigtpguwzhgemabgmon/Build/Products/Debug-iphonesimulator/PackageFrameworks -F /Users/dillion/Library/Developer/Xcode/DerivedData/Hither-bjrqgrflacigtpguwzhgemabgmon/Build/Products/Debug-iphonesimulator/PackageFrameworks -F /Users/dillion/Library/Developer/Xcode/DerivedData/Hither-bjrqgrflacigtpguwzhgemabgmon/Build/Products/Debug-iphonesimulator/PackageFrameworks -F /Users/dillion/Library/Developer/Xcode/DerivedData/Hither-bjrqgrflacigtpguwzhgemabgmon/Build/Products/Debug-iphonesimulator/PackageFrameworks -F /Users/dillion/Library/Developer/Xcode/DerivedData/Hither-bjrqgrflacigtpguwzhgemabgmon/Build/Products/Debug-iphonesimulator/PackageFrameworks -F /Users/dillion/Library/Developer/Xcode/DerivedData/Hither-bjrqgrflacigtpguwzhgemabgmon/Build/Products/Debug-iphonesimulator/PackageFrameworks -F /Users/dillion/Library/Developer/Xcode/DerivedData/Hither-bjrqgrflacigtpguwzhgemabgmon/Build/Products/Debug-iphonesimulator/PackageFrameworks -F /Users/dillion/Library/Developer/Xcode/DerivedData/Hither-bjrqgrflacigtpguwzhgemabgmon/Build/Products/Debug-iphonesimulator/PackageFrameworks -F /Users/dillion/Library/Developer/Xcode/DerivedData/Hither-bjrqgrflacigtpguwzhgemabgmon/Build/Products/Debug-iphonesimulator/PackageFrameworks -F /Users/dillion/Library/Developer/Xcode/DerivedData/Hither-bjrqgrflacigtpguwzhgemabgmon/Build/Products/Debug-iphonesimulator/PackageFrameworks -F /Users/dillion/Library/Developer/Xcode/DerivedData/Hither-bjrqgrflacigtpguwzhgemabgmon/Build/Products/Debug-iphonesimulator/PackageFrameworks -F /Users/dillion/Library/Developer/Xcode/DerivedData/Hither-bjrqgrflacigtpguwzhgemabgmon/Build/Products/Debug-iphonesimulator/PackageFrameworks -F /Users/dillion/Library/Developer/Xcode/DerivedData/Hither-bjrqgrflacigtpguwzhgemabgmon/Build/Products/Debug-iphonesimulator/PackageFrameworks -F /Users/dillion/Library/Developer/Xcode/DerivedData/Hither-bjrqgrflacigtpguwzhgemabgmon/Build/Products/Debug-iphonesimulator/PackageFrameworks -F /Users/dillion/Library/Developer/Xcode/DerivedData/Hither-bjrqgrflacigtpguwzhgemabgmon/Build/Products/Debug-iphonesimulator/PackageFrameworks -F /Users/dillion/Library/Developer/Xcode/DerivedData/Hither-bjrqgrflacigtpguwzhgemabgmon/Build/Products/Debug-iphonesimulator/PackageFrameworks -F /Users/dillion/Library/Developer/Xcode/DerivedData/Hither-bjrqgrflacigtpguwzhgemabgmon/Build/Products/Debug-iphonesimulator/PackageFrameworks -F /Users/dillion/Library/Developer/Xcode/DerivedData/Hither-bjrqgrflacigtpguwzhgemabgmon/Build/Products/Debug-iphonesimulator -emit-localized-strings -emit-localized-strings-path /Users/dillion/Library/Developer/Xcode/DerivedData/Hither-bjrqgrflacigtpguwzhgemabgmon/Build/Intermediates.noindex/Hither.build/Debug-iphonesimulator/Hither.build/Objects-normal/arm64 -c -j8 -enable-batch-mode -incremental -Xcc -ivfsstatcache -Xcc /Users/dillion/Library/Developer/Xcode/DerivedData/SDKStatCaches.noindex/iphonesimulator18.5-22F76-d5fc8ad4295d2ef488fb7d0f804ce0c4.sdkstatcache -output-file-map /Users/dillion/Library/Developer/Xcode/DerivedData/Hither-bjrqgrflacigtpguwzhgemabgmon/Build/Intermediates.noindex/Hither.build/Debug-iphonesimulator/Hither.build/Objects-normal/arm64/Hither-OutputFileMap.json -use-frontend-parseable-output -save-temps -no-color-diagnostics -serialize-diagnostics -emit-dependencies -emit-module -emit-module-path /Users/dillion/Library/Developer/Xcode/DerivedData/Hither-bjrqgrflacigtpguwzhgemabgmon/Build/Intermediates.noindex/Hither.build/Debug-iphonesimulator/Hither.build/Objects-normal/arm64/Hither.swiftmodule -validate-clang-modules-once -clang-build-session-file /Users/dillion/Library/Developer/Xcode/DerivedData/ModuleCache.noindex/Session.modulevalidation -Xcc -I/Users/dillion/Library/Developer/Xcode/DerivedData/Hither-bjrqgrflacigtpguwzhgemabgmon/Build/Intermediates.noindex/Hither.build/Debug-iphonesimulator/Hither.build/swift-overrides.hmap -emit-const-values -Xfrontend -const-gather-protocols-file -Xfrontend /Users/dillion/Library/Developer/Xcode/DerivedData/Hither-bjrqgrflacigtpguwzhgemabgmon/Build/Intermediates.noindex/Hither.build/Debug-iphonesimulator/Hither.build/Objects-normal/arm64/Hither_const_extract_protocols.json -Xcc -iquote -Xcc /Users/dillion/Library/Developer/Xcode/DerivedData/Hither-bjrqgrflacigtpguwzhgemabgmon/Build/Intermediates.noindex/Hither.build/Debug-iphonesimulator/Hither.build/Hither-generated-files.hmap -Xcc -I/Users/dillion/Library/Developer/Xcode/DerivedData/Hither-bjrqgrflacigtpguwzhgemabgmon/Build/Intermediates.noindex/Hither.build/Debug-iphonesimulator/Hither.build/Hither-own-target-headers.hmap -Xcc -I/Users/dillion/Library/Developer/Xcode/DerivedData/Hither-bjrqgrflacigtpguwzhgemabgmon/Build/Intermediates.noindex/Hither.build/Debug-iphonesimulator/Hither.build/Hither-all-non-framework-target-headers.hmap -Xcc -ivfsoverlay -Xcc /Users/dillion/Library/Developer/Xcode/DerivedData/Hither-bjrqgrflacigtpguwzhgemabgmon/Build/Intermediates.noindex/Hither.build/Debug-iphonesimulator/Hither-ecfb13dc523557e1f837c334d236a518-VFS-iphonesimulator/all-product-headers.yaml -Xcc -iquote -Xcc /Users/dillion/Library/Developer/Xcode/DerivedData/Hither-bjrqgrflacigtpguwzhgemabgmon/Build/Intermediates.noindex/Hither.build/Debug-iphonesimulator/Hither.build/Hither-project-headers.hmap -Xcc -I/Users/dillion/Library/Developer/Xcode/DerivedData/Hither-bjrqgrflacigtpguwzhgemabgmon/SourcePackages/checkouts/AppAuth-iOS/Sources/AppAuth -Xcc -I/Users/dillion/Library/Developer/Xcode/DerivedData/Hither-bjrqgrflacigtpguwzhgemabgmon/SourcePackages/checkouts/AppAuth-iOS/Sources/AppAuthCore -Xcc -I/Users/dillion/Library/Developer/Xcode/DerivedData/Hither-bjrqgrflacigtpguwzhgemabgmon/SourcePackages/checkouts/promises/Sources/FBLPromises/include -Xcc -I/Users/dillion/Library/Developer/Xcode/DerivedData/Hither-bjrqgrflacigtpguwzhgemabgmon/SourcePackages/checkouts/GoogleUtilities/GoogleUtilities/UserDefaults/Public -Xcc -I/Users/dillion/Library/Developer/Xcode/DerivedData/Hither-bjrqgrflacigtpguwzhgemabgmon/SourcePackages/checkouts/app-check/AppCheckCore/Sources/Public -Xcc -I/Users/dillion/Library/Developer/Xcode/DerivedData/Hither-bjrqgrflacigtpguwzhgemabgmon/SourcePackages/checkouts/GoogleSignIn-iOS/GoogleSignIn/Sources/Public -Xcc -I/Users/dillion/Library/Developer/Xcode/DerivedData/Hither-bjrqgrflacigtpguwzhgemabgmon/SourcePackages/checkouts/ios-maps-sdk/Maps/Sources -Xcc -I/Users/dillion/Library/Developer/Xcode/DerivedData/Hither-bjrqgrflacigtpguwzhgemabgmon/SourcePackages/checkouts/interop-ios-for-google-sdks/RecaptchaEnterprise/RecaptchaInterop/Public -Xcc -I/Users/dillion/Library/Developer/Xcode/DerivedData/Hither-bjrqgrflacigtpguwzhgemabgmon/SourcePackages/checkouts/GoogleUtilities/GoogleUtilities/Network/Public -Xcc -I/Users/dillion/Library/Developer/Xcode/DerivedData/Hither-bjrqgrflacigtpguwzhgemabgmon/SourcePackages/checkouts/GoogleUtilities/GoogleUtilities/Reachability/Public -Xcc -I/Users/dillion/Library/Developer/Xcode/DerivedData/Hither-bjrqgrflacigtpguwzhgemabgmon/SourcePackages/checkouts/GoogleUtilities/GoogleUtilities/AppDelegateSwizzler/Public -Xcc -I/Users/dillion/Library/Developer/Xcode/DerivedData/Hither-bjrqgrflacigtpguwzhgemabgmon/SourcePackages/checkouts/gtm-session-fetcher/Sources/Core/Public -Xcc -I/Users/dillion/Library/Developer/Xcode/DerivedData/Hither-bjrqgrflacigtpguwzhgemabgmon/SourcePackages/checkouts/firebase-ios-sdk/FirebaseAuth/Sources/Public -Xcc -I/Users/dillion/Library/Developer/Xcode/DerivedData/Hither-bjrqgrflacigtpguwzhgemabgmon/SourcePackages/checkouts/firebase-ios-sdk/FirebaseAuth/Interop/Public -Xcc -I/Users/dillion/Library/Developer/Xcode/DerivedData/Hither-bjrqgrflacigtpguwzhgemabgmon/SourcePackages/checkouts/GoogleUtilities/GoogleUtilities/NSData+zlib/Public -Xcc -I/Users/dillion/Library/Developer/Xcode/DerivedData/Hither-bjrqgrflacigtpguwzhgemabgmon/SourcePackages/checkouts/GoogleUtilities/GoogleUtilities/Environment/Public -Xcc -I/Users/dillion/Library/Developer/Xcode/DerivedData/Hither-bjrqgrflacigtpguwzhgemabgmon/SourcePackages/checkouts/GoogleUtilities/third_party/IsAppEncrypted/Public -Xcc -I/Users/dillion/Library/Developer/Xcode/DerivedData/Hither-bjrqgrflacigtpguwzhgemabgmon/SourcePackages/checkouts/GoogleUtilities/GoogleUtilities/Logger/Public -Xcc -I/Users/dillion/Library/Developer/Xcode/DerivedData/Hither-bjrqgrflacigtpguwzhgemabgmon/SourcePackages/checkouts/abseil-cpp-binary/absl-Wrapper/include -Xcc -I/Users/dillion/Library/Developer/Xcode/DerivedData/Hither-bjrqgrflacigtpguwzhgemabgmon/SourcePackages/checkouts/grpc-binary/openssl-grpc-Wrapper/include -Xcc -I/Users/dillion/Library/Developer/Xcode/DerivedData/Hither-bjrqgrflacigtpguwzhgemabgmon/SourcePackages/checkouts/grpc-binary/grpc-Wrapper/include -Xcc -I/Users/dillion/Library/Developer/Xcode/DerivedData/Hither-bjrqgrflacigtpguwzhgemabgmon/SourcePackages/checkouts/grpc-binary/grpcpp-Wrapper/include -Xcc -I/Users/dillion/Library/Developer/Xcode/DerivedData/Hither-bjrqgrflacigtpguwzhgemabgmon/SourcePackages/checkouts/nanopb/spm_headers -Xcc -I/Users/dillion/Library/Developer/Xcode/DerivedData/Hither-bjrqgrflacigtpguwzhgemabgmon/SourcePackages/checkouts/leveldb/include -Xcc -I/Users/dillion/Library/Developer/Xcode/DerivedData/Hither-bjrqgrflacigtpguwzhgemabgmon/SourcePackages/checkouts/firebase-ios-sdk/FirebaseCore/Extension -Xcc -I/Users/dillion/Library/Developer/Xcode/DerivedData/Hither-bjrqgrflacigtpguwzhgemabgmon/SourcePackages/checkouts/firebase-ios-sdk/FirebaseCore/Sources/Public -Xcc -I/Users/dillion/Library/Developer/Xcode/DerivedData/Hither-bjrqgrflacigtpguwzhgemabgmon/SourcePackages/checkouts/firebase-ios-sdk/CoreOnly/Sources -Xcc -I/Users/dillion/Library/Developer/Xcode/DerivedData/Hither-bjrqgrflacigtpguwzhgemabgmon/SourcePackages/checkouts/firebase-ios-sdk/FirebaseAppCheck/Interop/Public -Xcc -I/Users/dillion/Library/Developer/Xcode/DerivedData/Hither-bjrqgrflacigtpguwzhgemabgmon/SourcePackages/checkouts/firebase-ios-sdk/FirebaseFirestoreInternal -Xcc -I/Users/dillion/Library/Developer/Xcode/DerivedData/Hither-bjrqgrflacigtpguwzhgemabgmon/SourcePackages/checkouts/firebase-ios-sdk/SwiftPM-PlatformExclude/FirebaseFirestoreWrap/include -Xcc -I/Users/dillion/Library/Developer/Xcode/DerivedData/Hither-bjrqgrflacigtpguwzhgemabgmon/Build/Products/Debug-iphonesimulator/include -Xcc -I/Users/dillion/Library/Developer/Xcode/DerivedData/Hither-bjrqgrflacigtpguwzhgemabgmon/Build/Intermediates.noindex/Hither.build/Debug-iphonesimulator/Hither.build/DerivedSources-normal/arm64 -Xcc -I/Users/dillion/Library/Developer/Xcode/DerivedData/Hither-bjrqgrflacigtpguwzhgemabgmon/Build/Intermediates.noindex/Hither.build/Debug-iphonesimulator/Hither.build/DerivedSources/arm64 -Xcc -I/Users/dillion/Library/Developer/Xcode/DerivedData/Hither-bjrqgrflacigtpguwzhgemabgmon/Build/Intermediates.noindex/Hither.build/Debug-iphonesimulator/Hither.build/DerivedSources -Xcc -DDEBUG\=1 -emit-objc-header -emit-objc-header-path /Users/dillion/Library/Developer/Xcode/DerivedData/Hither-bjrqgrflacigtpguwzhgemabgmon/Build/Intermediates.noindex/Hither.build/Debug-iphonesimulator/Hither.build/Objects-normal/arm64/Hither-Swift.h -working-directory /Users/dillion/Desktop/Hither -experimental-emit-module-separately -disable-cmo

Ld /Users/dillion/Library/Developer/Xcode/DerivedData/Hither-bjrqgrflacigtpguwzhgemabgmon/Build/Products/Debug-iphonesimulator/WidgetsExtension.appex/WidgetsExtension normal (in target 'WidgetsExtension' from project 'Hither')
    cd /Users/dillion/Desktop/Hither
    /Applications/Xcode.app/Contents/Developer/Toolchains/XcodeDefault.xctoolchain/usr/bin/clang -Xlinker -reproducible -target arm64-apple-ios18.5-simulator -isysroot /Applications/Xcode.app/Contents/Developer/Platforms/iPhoneSimulator.platform/Developer/SDKs/iPhoneSimulator18.5.sdk -O0 -L/Users/dillion/Library/Developer/Xcode/DerivedData/Hither-bjrqgrflacigtpguwzhgemabgmon/Build/Products/Debug-iphonesimulator -F/Users/dillion/Library/Developer/Xcode/DerivedData/Hither-bjrqgrflacigtpguwzhgemabgmon/Build/Products/Debug-iphonesimulator -Xlinker -rpath -Xlinker @executable_path -Xlinker -rpath -Xlinker @executable_path/Frameworks -Xlinker -rpath -Xlinker @executable_path/../../Frameworks -rdynamic -Xlinker -no_deduplicate -Xlinker -objc_abi_version -Xlinker 2 -Xlinker -debug_variant -e ___debug_blank_executor_main -Xlinker -sectcreate -Xlinker __TEXT -Xlinker __debug_dylib -Xlinker /Users/dillion/Library/Developer/Xcode/DerivedData/Hither-bjrqgrflacigtpguwzhgemabgmon/Build/Intermediates.noindex/Hither.build/Debug-iphonesimulator/WidgetsExtension.build/WidgetsExtension-DebugDylibPath-normal-arm64.txt -Xlinker -sectcreate -Xlinker __TEXT -Xlinker __debug_entry -Xlinker /Users/dillion/Library/Developer/Xcode/DerivedData/Hither-bjrqgrflacigtpguwzhgemabgmon/Build/Intermediates.noindex/Hither.build/Debug-iphonesimulator/WidgetsExtension.build/WidgetsExtension-DebugEntryPoint-normal-arm64.txt -Xlinker -sectcreate -Xlinker __TEXT -Xlinker __debug_instlnm -Xlinker /Users/dillion/Library/Developer/Xcode/DerivedData/Hither-bjrqgrflacigtpguwzhgemabgmon/Build/Intermediates.noindex/Hither.build/Debug-iphonesimulator/WidgetsExtension.build/WidgetsExtension-DebugDylibInstallName-normal-arm64.txt -Xlinker -filelist -Xlinker /Users/dillion/Library/Developer/Xcode/DerivedData/Hither-bjrqgrflacigtpguwzhgemabgmon/Build/Intermediates.noindex/Hither.build/Debug-iphonesimulator/WidgetsExtension.build/WidgetsExtension-ExecutorLinkFileList-normal-arm64.txt -Xlinker -sectcreate -Xlinker __TEXT -Xlinker __entitlements -Xlinker /Users/dillion/Library/Developer/Xcode/DerivedData/Hither-bjrqgrflacigtpguwzhgemabgmon/Build/Intermediates.noindex/Hither.build/Debug-iphonesimulator/WidgetsExtension.build/WidgetsExtension.appex-Simulated.xcent -Xlinker -sectcreate -Xlinker __TEXT -Xlinker __ents_der -Xlinker /Users/dillion/Library/Developer/Xcode/DerivedData/Hither-bjrqgrflacigtpguwzhgemabgmon/Build/Intermediates.noindex/Hither.build/Debug-iphonesimulator/WidgetsExtension.build/WidgetsExtension.appex-Simulated.xcent.der /Users/dillion/Library/Developer/Xcode/DerivedData/Hither-bjrqgrflacigtpguwzhgemabgmon/Build/Products/Debug-iphonesimulator/WidgetsExtension.appex/WidgetsExtension.debug.dylib -Xlinker -no_adhoc_codesign -o /Users/dillion/Library/Developer/Xcode/DerivedData/Hither-bjrqgrflacigtpguwzhgemabgmon/Build/Products/Debug-iphonesimulator/WidgetsExtension.appex/WidgetsExtension

SwiftMergeGeneratedHeaders /Users/dillion/Library/Developer/Xcode/DerivedData/Hither-bjrqgrflacigtpguwzhgemabgmon/Build/Intermediates.noindex/Hither.build/Debug-iphonesimulator/Hither.build/DerivedSources/Hither-Swift.h /Users/dillion/Library/Developer/Xcode/DerivedData/Hither-bjrqgrflacigtpguwzhgemabgmon/Build/Intermediates.noindex/Hither.build/Debug-iphonesimulator/Hither.build/Objects-normal/arm64/Hither-Swift.h (in target 'Hither' from project 'Hither')
    cd /Users/dillion/Desktop/Hither
    builtin-swiftHeaderTool -arch arm64 /Users/dillion/Library/Developer/Xcode/DerivedData/Hither-bjrqgrflacigtpguwzhgemabgmon/Build/Intermediates.noindex/Hither.build/Debug-iphonesimulator/Hither.build/Objects-normal/arm64/Hither-Swift.h -o /Users/dillion/Library/Developer/Xcode/DerivedData/Hither-bjrqgrflacigtpguwzhgemabgmon/Build/Intermediates.noindex/Hither.build/Debug-iphonesimulator/Hither.build/DerivedSources/Hither-Swift.h

Copy /Users/dillion/Library/Developer/Xcode/DerivedData/Hither-bjrqgrflacigtpguwzhgemabgmon/Build/Products/Debug-iphonesimulator/Hither.swiftmodule/arm64-apple-ios-simulator.swiftmodule /Users/dillion/Library/Developer/Xcode/DerivedData/Hither-bjrqgrflacigtpguwzhgemabgmon/Build/Intermediates.noindex/Hither.build/Debug-iphonesimulator/Hither.build/Objects-normal/arm64/Hither.swiftmodule (in target 'Hither' from project 'Hither')
    cd /Users/dillion/Desktop/Hither
    builtin-copy -exclude .DS_Store -exclude CVS -exclude .svn -exclude .git -exclude .hg -resolve-src-symlinks -rename /Users/dillion/Library/Developer/Xcode/DerivedData/Hither-bjrqgrflacigtpguwzhgemabgmon/Build/Intermediates.noindex/Hither.build/Debug-iphonesimulator/Hither.build/Objects-normal/arm64/Hither.swiftmodule /Users/dillion/Library/Developer/Xcode/DerivedData/Hither-bjrqgrflacigtpguwzhgemabgmon/Build/Products/Debug-iphonesimulator/Hither.swiftmodule/arm64-apple-ios-simulator.swiftmodule

Copy /Users/dillion/Library/Developer/Xcode/DerivedData/Hither-bjrqgrflacigtpguwzhgemabgmon/Build/Products/Debug-iphonesimulator/Hither.swiftmodule/arm64-apple-ios-simulator.swiftdoc /Users/dillion/Library/Developer/Xcode/DerivedData/Hither-bjrqgrflacigtpguwzhgemabgmon/Build/Intermediates.noindex/Hither.build/Debug-iphonesimulator/Hither.build/Objects-normal/arm64/Hither.swiftdoc (in target 'Hither' from project 'Hither')
    cd /Users/dillion/Desktop/Hither
    builtin-copy -exclude .DS_Store -exclude CVS -exclude .svn -exclude .git -exclude .hg -resolve-src-symlinks -rename /Users/dillion/Library/Developer/Xcode/DerivedData/Hither-bjrqgrflacigtpguwzhgemabgmon/Build/Intermediates.noindex/Hither.build/Debug-iphonesimulator/Hither.build/Objects-normal/arm64/Hither.swiftdoc /Users/dillion/Library/Developer/Xcode/DerivedData/Hither-bjrqgrflacigtpguwzhgemabgmon/Build/Products/Debug-iphonesimulator/Hither.swiftmodule/arm64-apple-ios-simulator.swiftdoc

Copy /Users/dillion/Library/Developer/Xcode/DerivedData/Hither-bjrqgrflacigtpguwzhgemabgmon/Build/Products/Debug-iphonesimulator/Hither.swiftmodule/arm64-apple-ios-simulator.abi.json /Users/dillion/Library/Developer/Xcode/DerivedData/Hither-bjrqgrflacigtpguwzhgemabgmon/Build/Intermediates.noindex/Hither.build/Debug-iphonesimulator/Hither.build/Objects-normal/arm64/Hither.abi.json (in target 'Hither' from project 'Hither')
    cd /Users/dillion/Desktop/Hither
    builtin-copy -exclude .DS_Store -exclude CVS -exclude .svn -exclude .git -exclude .hg -resolve-src-symlinks -rename /Users/dillion/Library/Developer/Xcode/DerivedData/Hither-bjrqgrflacigtpguwzhgemabgmon/Build/Intermediates.noindex/Hither.build/Debug-iphonesimulator/Hither.build/Objects-normal/arm64/Hither.abi.json /Users/dillion/Library/Developer/Xcode/DerivedData/Hither-bjrqgrflacigtpguwzhgemabgmon/Build/Products/Debug-iphonesimulator/Hither.swiftmodule/arm64-apple-ios-simulator.abi.json

Copy /Users/dillion/Library/Developer/Xcode/DerivedData/Hither-bjrqgrflacigtpguwzhgemabgmon/Build/Products/Debug-iphonesimulator/Hither.swiftmodule/Project/arm64-apple-ios-simulator.swiftsourceinfo /Users/dillion/Library/Developer/Xcode/DerivedData/Hither-bjrqgrflacigtpguwzhgemabgmon/Build/Intermediates.noindex/Hither.build/Debug-iphonesimulator/Hither.build/Objects-normal/arm64/Hither.swiftsourceinfo (in target 'Hither' from project 'Hither')
    cd /Users/dillion/Desktop/Hither
    builtin-copy -exclude .DS_Store -exclude CVS -exclude .svn -exclude .git -exclude .hg -resolve-src-symlinks -rename /Users/dillion/Library/Developer/Xcode/DerivedData/Hither-bjrqgrflacigtpguwzhgemabgmon/Build/Intermediates.noindex/Hither.build/Debug-iphonesimulator/Hither.build/Objects-normal/arm64/Hither.swiftsourceinfo /Users/dillion/Library/Developer/Xcode/DerivedData/Hither-bjrqgrflacigtpguwzhgemabgmon/Build/Products/Debug-iphonesimulator/Hither.swiftmodule/Project/arm64-apple-ios-simulator.swiftsourceinfo

SwiftCompile normal arm64 Compiling\ LiveActivityService.swift,\ CommandService.swift,\ MapView.swift,\ DistanceThresholdPicker.swift,\ NotificationService.swift,\ DirectionService.swift /Users/dillion/Desktop/Hither/Hither/Services/LiveActivityService.swift /Users/dillion/Desktop/Hither/Hither/Services/CommandService.swift /Users/dillion/Desktop/Hither/Hither/Views/Map/MapView.swift /Users/dillion/Desktop/Hither/Hither/Views/Settings/DistanceThresholdPicker.swift /Users/dillion/Desktop/Hither/Hither/Services/NotificationService.swift /Users/dillion/Desktop/Hither/Hither/Services/DirectionService.swift (in target 'Hither' from project 'Hither')
SwiftCompile normal arm64 /Users/dillion/Desktop/Hither/Hither/Services/LiveActivityService.swift (in target 'Hither' from project 'Hither')
    cd /Users/dillion/Desktop/Hither
    
/Users/dillion/Desktop/Hither/Hither/Services/LiveActivityService.swift:143:11: warning: 'catch' block is unreachable because no errors are thrown in 'do' block
        } catch {
          ^
/Users/dillion/Desktop/Hither/Hither/Services/LiveActivityService.swift:177:11: warning: 'catch' block is unreachable because no errors are thrown in 'do' block
        } catch {
          ^
/Users/dillion/Desktop/Hither/Hither/Services/LiveActivityService.swift:217:11: warning: 'catch' block is unreachable because no errors are thrown in 'do' block
        } catch {
          ^
/Users/dillion/Desktop/Hither/Hither/Services/LiveActivityService.swift:248:11: warning: 'catch' block is unreachable because no errors are thrown in 'do' block
        } catch {
          ^
/Users/dillion/Desktop/Hither/Hither/Services/LiveActivityService.swift:279:11: warning: 'catch' block is unreachable because no errors are thrown in 'do' block
        } catch {
          ^
/Users/dillion/Desktop/Hither/Hither/Services/LiveActivityService.swift:293:38: warning: 'end(using:dismissalPolicy:)' was deprecated in iOS 16.2: Use end(content:dismissalPolicy:) instead
                await hitherActivity.end(dismissalPolicy: .immediate)
                                     ^
/Users/dillion/Desktop/Hither/Hither/Services/LiveActivityService.swift:297:11: warning: 'catch' block is unreachable because no errors are thrown in 'do' block
        } catch {
          ^
/Users/dillion/Desktop/Hither/Hither/Services/LiveActivityService.swift:323:11: warning: 'catch' block is unreachable because no errors are thrown in 'do' block
        } catch {
          ^

SwiftCompile normal arm64 /Users/dillion/Desktop/Hither/Hither/Services/CommandService.swift (in target 'Hither' from project 'Hither')
    cd /Users/dillion/Desktop/Hither
    
/Users/dillion/Desktop/Hither/Hither/Services/CommandService.swift:145:23: warning: value 'groupData' was defined but never used; consider replacing with boolean test
            guard let groupData = groupDoc.data() else {
                  ~~~~^~~~~~~~~~~~
                                                  != nil

SwiftCompile normal arm64 /Users/dillion/Desktop/Hither/Hither/Views/Map/MapView.swift (in target 'Hither' from project 'Hither')
    cd /Users/dillion/Desktop/Hither
    
/Users/dillion/Desktop/Hither/Hither/Views/Map/MapView.swift:99:55: error: extra argument 'userLocation' in call
                        userLocation: locationService.currentLocation
~~~~~~~~~~~~~~~~~~~~~~~~~~~~~~~~~~~~~~~~~~~~~~~~~~~~~~^~~~~~~~~~~~~~~
/Users/dillion/Desktop/Hither/Hither/Views/Map/MapView.swift:139:29: error: extra arguments at positions #10, #11 in call
        GoogleMapsNativeView(
                            ^
/Users/dillion/Desktop/Hither/Hither/Views/Map/GoogleMapsNativeView.swift:19:8: note: 'init(region:span:mapType:annotations:currentRoute:userLocation:onRegionChange:shouldUseTiltedCamera:onMemberTap:)' declared here
struct GoogleMapsNativeView: UIViewRepresentable {
       ^
/Users/dillion/Desktop/Hither/Hither/Views/Map/MapView.swift:416:56: error: missing argument for parameter 'onCenterMap' in call
                            currentIndex: selectedIndex
                                                       ^
                                                       , onCenterMap: <#((Waypoint) -> Void)?#>
/Users/dillion/Desktop/Hither/Hither/Views/Components/DestinationCarouselView.swift:327:8: note: 'init(waypoint:locationService:isCurrentDestination:totalCount:currentIndex:onCenterMap:)' declared here
struct CompactDestinationCard: View {
       ^
/Users/dillion/Desktop/Hither/Hither/Views/Map/MapView.swift:695:19: warning: immutable value 'currentUser' was never used; consider replacing with '_' or removing it
        guard let currentUser = authService.currentUser,
              ~~~~^~~~~~~~~~~
              _
/Users/dillion/Desktop/Hither/Hither/Views/Map/MapView.swift:757:17: warning: no calls to throwing functions occur within 'try' expression
                try await findRequestService.approveRequest(
                ^
/Users/dillion/Desktop/Hither/Hither/Views/Map/MapView.swift:762:15: warning: 'catch' block is unreachable because no errors are thrown in 'do' block
            } catch {
              ^
/Users/dillion/Desktop/Hither/Hither/Views/Map/MapView.swift:773:17: warning: no calls to throwing functions occur within 'try' expression
                try await findRequestService.denyRequest(
                ^
/Users/dillion/Desktop/Hither/Hither/Views/Map/MapView.swift:777:15: warning: 'catch' block is unreachable because no errors are thrown in 'do' block
            } catch {
              ^
/Users/dillion/Desktop/Hither/Hither/Views/Map/MapView.swift:809:19: warning: value 'itinerary' was defined but never used; consider replacing with boolean test
        guard let itinerary = itineraryService.currentItinerary else {
              ~~~~^~~~~~~~~~~~
                                                                != nil
/Users/dillion/Desktop/Hither/Hither/Views/Map/MapView.swift:902:65: error: value of type 'GoogleMapsService' has no member 'calculateRoute'
                let routeResponse = try await googleMapsService.calculateRoute(
                                              ~~~~~~~~~~~~~~~~~ ^~~~~~~~~~~~~~
/Users/dillion/Desktop/Hither/Hither/Views/Map/MapView.swift:1039:16: warning: value 'route' was defined but never used; consider replacing with boolean test
        if let route = currentRoute {
           ~~~~^~~~~~~~
                                    != nil
/Users/dillion/Desktop/Hither/Hither/Views/Map/MapView.swift:1206:50: warning: main actor-isolated property 'currentLocation' can not be referenced from a Sendable closure; this is an error in the Swift 6 language mode
            if let newLocation = locationService.currentLocation {
                                                 ^
/Users/dillion/Desktop/Hither/Hither/Services/LocationService.swift:15:20: note: property declared here
    @Published var currentLocation: CLLocation?
                   ^

SwiftCompile normal arm64 /Users/dillion/Desktop/Hither/Hither/Views/Settings/DistanceThresholdPicker.swift (in target 'Hither' from project 'Hither')
    cd /Users/dillion/Desktop/Hither
    

SwiftCompile normal arm64 /Users/dillion/Desktop/Hither/Hither/Services/NotificationService.swift (in target 'Hither' from project 'Hither')
    cd /Users/dillion/Desktop/Hither
    
/Users/dillion/Desktop/Hither/Hither/Services/NotificationService.swift:377:10: warning: main actor-isolated instance method 'userNotificationCenter(_:willPresent:withCompletionHandler:)' cannot be used to satisfy nonisolated requirement from protocol 'UNUserNotificationCenterDelegate'; this is an error in the Swift 6 language mode
    func userNotificationCenter(
         ^
/Users/dillion/Desktop/Hither/Hither/Services/NotificationService.swift:377:10: note: add 'nonisolated' to 'userNotificationCenter(_:willPresent:withCompletionHandler:)' to make this instance method not isolated to the actor
    func userNotificationCenter(
         ^
    nonisolated 
/Users/dillion/Desktop/Hither/Hither/Services/NotificationService.swift:376:32: note: add '@preconcurrency' to the 'UNUserNotificationCenterDelegate' conformance to defer isolation checking to run time
extension NotificationService: UNUserNotificationCenterDelegate {
                               ^
                               @preconcurrency 
/Users/dillion/Desktop/Hither/Hither/Services/NotificationService.swift:386:10: warning: main actor-isolated instance method 'userNotificationCenter(_:didReceive:withCompletionHandler:)' cannot be used to satisfy nonisolated requirement from protocol 'UNUserNotificationCenterDelegate'; this is an error in the Swift 6 language mode
    func userNotificationCenter(
         ^
/Users/dillion/Desktop/Hither/Hither/Services/NotificationService.swift:386:10: note: add 'nonisolated' to 'userNotificationCenter(_:didReceive:withCompletionHandler:)' to make this instance method not isolated to the actor
    func userNotificationCenter(
         ^
    nonisolated 
/Users/dillion/Desktop/Hither/Hither/Services/NotificationService.swift:37:17: warning: no 'async' operations occur within 'await' expression
                await UIApplication.shared.registerForRemoteNotifications()
                ^
/Users/dillion/Desktop/Hither/Hither/Services/NotificationService.swift:353:30: warning: 'applicationIconBadgeNumber' was deprecated in iOS 17.0: Use -[UNUserNotificationCenter setBadgeCount:withCompletionHandler:] instead.
        UIApplication.shared.applicationIconBadgeNumber = 0
                             ^
/Users/dillion/Desktop/Hither/Hither/Services/NotificationService.swift:357:30: warning: 'applicationIconBadgeNumber' was deprecated in iOS 17.0: Use -[UNUserNotificationCenter setBadgeCount:withCompletionHandler:] instead.
        UIApplication.shared.applicationIconBadgeNumber = count
                             ^
/Users/dillion/Desktop/Hither/Hither/Services/NotificationService.swift:459:17: warning: no calls to throwing functions occur within 'try' expression
                try await findRequestService.approveRequest(groupId: groupId, requestId: requestId, targetId: targetId)
                ^
/Users/dillion/Desktop/Hither/Hither/Services/NotificationService.swift:461:15: warning: 'catch' block is unreachable because no errors are thrown in 'do' block
            } catch {
              ^
/Users/dillion/Desktop/Hither/Hither/Services/NotificationService.swift:482:17: warning: no calls to throwing functions occur within 'try' expression
                try await findRequestService.denyRequest(groupId: groupId, requestId: requestId)
                ^
/Users/dillion/Desktop/Hither/Hither/Services/NotificationService.swift:484:15: warning: 'catch' block is unreachable because no errors are thrown in 'do' block
            } catch {
              ^

SwiftCompile normal arm64 /Users/dillion/Desktop/Hither/Hither/Services/DirectionService.swift (in target 'Hither' from project 'Hither')
    cd /Users/dillion/Desktop/Hither
    
/Users/dillion/Desktop/Hither/Hither/Services/DirectionService.swift:186:1: warning: @preconcurrency attribute on conformance to 'NISessionDelegate' has no effect
extension DirectionService: @preconcurrency NISessionDelegate {
^                           ~~~~~~~~~~~~~~~~
                            
/Users/dillion/Desktop/Hither/Hither/Services/DirectionService.swift:123:11: warning: 'catch' block is unreachable because no errors are thrown in 'do' block
        } catch {
          ^

Failed frontend command:
/Applications/Xcode.app/Contents/Developer/Toolchains/XcodeDefault.xctoolchain/usr/bin/swift-frontend -frontend -c /Users/dillion/Desktop/Hither/Hither/Views/Components/ThemeTextStyles.swift /Users/dillion/Desktop/Hither/Hither/HitherApp.swift /Users/dillion/Desktop/Hither/Hither/Views/Commands/CommandsView.swift /Users/dillion/Desktop/Hither/Hither/Views/Map/RouteMapView.swift /Users/dillion/Desktop/Hither/Hither/Views/Components/ErrorHandlingView.swift /Users/dillion/Desktop/Hither/Hither/Views/Map/GoogleMapsBottomSheet.swift /Users/dillion/Desktop/Hither/Hither/Models/User.swift /Users/dillion/Desktop/Hither/Hither/Views/Dashboard/DashboardView.swift /Users/dillion/Desktop/Hither/Hither/Views/Map/GoogleMapsNativeView.swift /Users/dillion/Desktop/Hither/Hither/Services/ServiceOperationHandler.swift /Users/dillion/Desktop/Hither/Hither/Services/FindRequestService.swift /Users/dillion/Desktop/Hither/Hither/Models/Group.swift /Users/dillion/Desktop/Hither/Hither/Views/Group/Components/MemberRowView.swift /Users/dillion/Desktop/Hither/Hither/Views/Components/FindRequestNotification.swift /Users/dillion/Desktop/Hither/Hither/Services/DistanceCalculationManager.swift /Users/dillion/Desktop/Hither/Hither/Views/Components/InviteSheet.swift /Users/dillion/Desktop/Hither/Hither/Services/FirebaseExtensions.swift /Users/dillion/Desktop/Hither/Hither/Views/Components/BottomSheetView.swift /Users/dillion/Desktop/Hither/Hither/Views/Dashboard/LeaderDashboardView.swift /Users/dillion/Desktop/Hither/Hither/Views/Map/MapSearchBar.swift /Users/dillion/Desktop/Hither/Hither/Services/ThemeConfiguration.swift /Users/dillion/Desktop/Hither/Hither/Views/Components/RoleIndicatorView.swift /Users/dillion/Desktop/Hither/Hither/Views/Components/EmojiAvatarPicker.swift /Users/dillion/Desktop/Hither/Hither/Views/Components/DarkBlueThemeSystem.swift /Users/dillion/Desktop/Hither/Hither/Views/Components/LiquidGlassComponents.swift /Users/dillion/Desktop/Hither/Hither/Views/Development/DevelopmentLocationSheet.swift /Users/dillion/Desktop/Hither/Hither/Views/Components/MemberInteractionMenu.swift /Users/dillion/Desktop/Hither/Hither/Views/Settings/ThemeSettingsView.swift /Users/dillion/Desktop/Hither/Hither/ContentView.swift /Users/dillion/Desktop/Hither/Hither/Views/Group/GroupSetupView.swift /Users/dillion/Desktop/Hither/Hither/Views/Components/SheepLoadingView.swift /Users/dillion/Desktop/Hither/Hither/Views/Itinerary/AddWaypointSheet.swift /Users/dillion/Desktop/Hither/Hither/Views/Direction/DirectionView.swift /Users/dillion/Desktop/Hither/Hither/Views/Authentication/LoginView.swift /Users/dillion/Desktop/Hither/Hither/Models/ActivityAttributes.swift /Users/dillion/Desktop/Hither/Hither/Views/Components/PlaceholderBottomSheetContent.swift /Users/dillion/Desktop/Hither/Hither/Utils/GoogleMapsParser.swift /Users/dillion/Desktop/Hither/Hither/Views/Components/RequestAuthorizationDialog.swift /Users/dillion/Desktop/Hither/Hither/Services/ItineraryService.swift /Users/dillion/Desktop/Hither/Hither/Services/ThemeManager.swift /Users/dillion/Desktop/Hither/Hither/Views/Components/MemberProfileSheet.swift /Users/dillion/Desktop/Hither/Hither/Services/LocalizedLogger.swift /Users/dillion/Desktop/Hither/Hither/Views/Settings/BadgeSystemView.swift /Users/dillion/Desktop/Hither/Hither/Views/Components/DestinationCarouselView.swift /Users/dillion/Desktop/Hither/Hither/Views/Components/EditNameSheet.swift /Users/dillion/Desktop/Hither/Hither/Views/Settings/SettingsView.swift /Users/dillion/Desktop/Hither/Hither/Models/Itinerary.swift /Users/dillion/Desktop/Hither/Hither/Models/MapTypes.swift /Users/dillion/Desktop/Hither/Hither/Views/Components/TabBarAnchoredDestinationView.swift /Users/dillion/Desktop/Hither/Hither/Views/Group/AllGroupsView.swift /Users/dillion/Desktop/Hither/Hither/Views/Direction/FindMemberView.swift /Users/dillion/Desktop/Hither/Hither/Models/Command.swift /Users/dillion/Desktop/Hither/Hither/Views/Group/Components/JoinGroupSection.swift /Users/dillion/Desktop/Hither/Hither/Services/LanguageService.swift /Users/dillion/Desktop/Hither/Hither/Views/Components/NativeQRScannerView.swift /Users/dillion/Desktop/Hither/Hither/Services/LocationService.swift /Users/dillion/Desktop/Hither/Hither/Views/Components/OnboardingView.swift /Users/dillion/Desktop/Hither/Hither/Views/Itinerary/ItineraryView.swift /Users/dillion/Desktop/Hither/Hither/Views/Components/UI/LiquidGlassTextField.swift /Users/dillion/Desktop/Hither/Hither/Views/Components/ItineraryBottomSheetContent.swift /Users/dillion/Desktop/Hither/Hither/Views/Components/LanguagePicker.swift /Users/dillion/Desktop/Hither/Hither/Views/Examples/ThemeExampleView.swift /Users/dillion/Desktop/Hither/Hither/Services/AuthenticationService.swift /Users/dillion/Desktop/Hither/Hither/Services/GoogleMapsService.swift /Users/dillion/Desktop/Hither/Hither/Services/GroupService.swift -primary-file /Users/dillion/Desktop/Hither/Hither/Services/LiveActivityService.swift -primary-file /Users/dillion/Desktop/Hither/Hither/Services/CommandService.swift /Users/dillion/Desktop/Hither/Hither/Views/Components/ThemeAwareComponents.swift -primary-file /Users/dillion/Desktop/Hither/Hither/Views/Map/MapView.swift -primary-file /Users/dillion/Desktop/Hither/Hither/Views/Settings/DistanceThresholdPicker.swift /Users/dillion/Desktop/Hither/Hither/Views/Dashboard/AllCommandsSheet.swift -primary-file /Users/dillion/Desktop/Hither/Hither/Services/NotificationService.swift /Users/dillion/Desktop/Hither/Hither/Services/DevelopmentService.swift -primary-file /Users/dillion/Desktop/Hither/Hither/Services/DirectionService.swift /Users/dillion/Desktop/Hither/Hither/Views/Components/UI/StandardErrorView.swift /Users/dillion/Desktop/Hither/Hither/Views/Group/Components/ExistingGroupsSection.swift /Users/dillion/Desktop/Hither/Hither/Views/Group/Components/MainTabView.swift /Users/dillion/Desktop/Hither/Hither/Views/Itinerary/LocationSelectionSheet.swift /Users/dillion/Desktop/Hither/Hither/Views/Itinerary/WaypointComponents.swift /Users/dillion/Desktop/Hither/Hither/Views/Itinerary/WaypointDetailsSheet.swift /Users/dillion/Desktop/Hither/Hither/Views/Itinerary/ImportURLSheet.swift /Users/dillion/Library/Developer/Xcode/DerivedData/Hither-bjrqgrflacigtpguwzhgemabgmon/Build/Intermediates.noindex/Hither.build/Debug-iphonesimulator/Hither.build/DerivedSources/GeneratedAssetSymbols.swift -supplementary-output-file-map /Users/dillion/Library/Developer/Xcode/DerivedData/Hither-bjrqgrflacigtpguwzhgemabgmon/Build/Intermediates.noindex/Hither.build/Debug-iphonesimulator/Hither.build/Objects-normal/arm64/supplementaryOutputs-7 -emit-localized-strings -emit-localized-strings-path /Users/dillion/Library/Developer/Xcode/DerivedData/Hither-bjrqgrflacigtpguwzhgemabgmon/Build/Intermediates.noindex/Hither.build/Debug-iphonesimulator/Hither.build/Objects-normal/arm64 -target arm64-apple-ios18.5-simulator -Xllvm -aarch64-use-tbi -enable-objc-interop -sdk /Applications/Xcode.app/Contents/Developer/Platforms/iPhoneSimulator.platform/Developer/SDKs/iPhoneSimulator18.5.sdk -I /Users/dillion/Library/Developer/Xcode/DerivedData/Hither-bjrqgrflacigtpguwzhgemabgmon/Build/Products/Debug-iphonesimulator -F /Users/dillion/Library/Developer/Xcode/DerivedData/Hither-bjrqgrflacigtpguwzhgemabgmon/Build/Products/Debug-iphonesimulator/PackageFrameworks -F /Users/dillion/Library/Developer/Xcode/DerivedData/Hither-bjrqgrflacigtpguwzhgemabgmon/Build/Products/Debug-iphonesimulator/PackageFrameworks -F /Users/dillion/Library/Developer/Xcode/DerivedData/Hither-bjrqgrflacigtpguwzhgemabgmon/Build/Products/Debug-iphonesimulator/PackageFrameworks -F /Users/dillion/Library/Developer/Xcode/DerivedData/Hither-bjrqgrflacigtpguwzhgemabgmon/Build/Products/Debug-iphonesimulator/PackageFrameworks -F /Users/dillion/Library/Developer/Xcode/DerivedData/Hither-bjrqgrflacigtpguwzhgemabgmon/Build/Products/Debug-iphonesimulator/PackageFrameworks -F /Users/dillion/Library/Developer/Xcode/DerivedData/Hither-bjrqgrflacigtpguwzhgemabgmon/Build/Products/Debug-iphonesimulator/PackageFrameworks -F /Users/dillion/Library/Developer/Xcode/DerivedData/Hither-bjrqgrflacigtpguwzhgemabgmon/Build/Products/Debug-iphonesimulator/PackageFrameworks -F /Users/dillion/Library/Developer/Xcode/DerivedData/Hither-bjrqgrflacigtpguwzhgemabgmon/Build/Products/Debug-iphonesimulator/PackageFrameworks -F /Users/dillion/Library/Developer/Xcode/DerivedData/Hither-bjrqgrflacigtpguwzhgemabgmon/Build/Products/Debug-iphonesimulator/PackageFrameworks -F /Users/dillion/Library/Developer/Xcode/DerivedData/Hither-bjrqgrflacigtpguwzhgemabgmon/Build/Products/Debug-iphonesimulator/PackageFrameworks -F /Users/dillion/Library/Developer/Xcode/DerivedData/Hither-bjrqgrflacigtpguwzhgemabgmon/Build/Products/Debug-iphonesimulator/PackageFrameworks -F /Users/dillion/Library/Developer/Xcode/DerivedData/Hither-bjrqgrflacigtpguwzhgemabgmon/Build/Products/Debug-iphonesimulator/PackageFrameworks -F /Users/dillion/Library/Developer/Xcode/DerivedData/Hither-bjrqgrflacigtpguwzhgemabgmon/Build/Products/Debug-iphonesimulator/PackageFrameworks -F /Users/dillion/Library/Developer/Xcode/DerivedData/Hither-bjrqgrflacigtpguwzhgemabgmon/Build/Products/Debug-iphonesimulator/PackageFrameworks -F /Users/dillion/Library/Developer/Xcode/DerivedData/Hither-bjrqgrflacigtpguwzhgemabgmon/Build/Products/Debug-iphonesimulator/PackageFrameworks -F /Users/dillion/Library/Developer/Xcode/DerivedData/Hither-bjrqgrflacigtpguwzhgemabgmon/Build/Products/Debug-iphonesimulator/PackageFrameworks -F /Users/dillion/Library/Developer/Xcode/DerivedData/Hither-bjrqgrflacigtpguwzhgemabgmon/Build/Products/Debug-iphonesimulator/PackageFrameworks -F /Users/dillion/Library/Developer/Xcode/DerivedData/Hither-bjrqgrflacigtpguwzhgemabgmon/Build/Products/Debug-iphonesimulator/PackageFrameworks -F /Users/dillion/Library/Developer/Xcode/DerivedData/Hither-bjrqgrflacigtpguwzhgemabgmon/Build/Products/Debug-iphonesimulator/PackageFrameworks -F /Users/dillion/Library/Developer/Xcode/DerivedData/Hither-bjrqgrflacigtpguwzhgemabgmon/Build/Products/Debug-iphonesimulator/PackageFrameworks -F /Users/dillion/Library/Developer/Xcode/DerivedData/Hither-bjrqgrflacigtpguwzhgemabgmon/Build/Products/Debug-iphonesimulator/PackageFrameworks -F /Users/dillion/Library/Developer/Xcode/DerivedData/Hither-bjrqgrflacigtpguwzhgemabgmon/Build/Products/Debug-iphonesimulator/PackageFrameworks -F /Users/dillion/Library/Developer/Xcode/DerivedData/Hither-bjrqgrflacigtpguwzhgemabgmon/Build/Products/Debug-iphonesimulator/PackageFrameworks -F /Users/dillion/Library/Developer/Xcode/DerivedData/Hither-bjrqgrflacigtpguwzhgemabgmon/Build/Products/Debug-iphonesimulator/PackageFrameworks -F /Users/dillion/Library/Developer/Xcode/DerivedData/Hither-bjrqgrflacigtpguwzhgemabgmon/Build/Products/Debug-iphonesimulator/PackageFrameworks -F /Users/dillion/Library/Developer/Xcode/DerivedData/Hither-bjrqgrflacigtpguwzhgemabgmon/Build/Products/Debug-iphonesimulator/PackageFrameworks -F /Users/dillion/Library/Developer/Xcode/DerivedData/Hither-bjrqgrflacigtpguwzhgemabgmon/Build/Products/Debug-iphonesimulator/PackageFrameworks -F /Users/dillion/Library/Developer/Xcode/DerivedData/Hither-bjrqgrflacigtpguwzhgemabgmon/Build/Products/Debug-iphonesimulator/PackageFrameworks -F /Users/dillion/Library/Developer/Xcode/DerivedData/Hither-bjrqgrflacigtpguwzhgemabgmon/Build/Products/Debug-iphonesimulator/PackageFrameworks -F /Users/dillion/Library/Developer/Xcode/DerivedData/Hither-bjrqgrflacigtpguwzhgemabgmon/Build/Products/Debug-iphonesimulator/PackageFrameworks -F /Users/dillion/Library/Developer/Xcode/DerivedData/Hither-bjrqgrflacigtpguwzhgemabgmon/Build/Products/Debug-iphonesimulator/PackageFrameworks -F /Users/dillion/Library/Developer/Xcode/DerivedData/Hither-bjrqgrflacigtpguwzhgemabgmon/Build/Products/Debug-iphonesimulator/PackageFrameworks -F /Users/dillion/Library/Developer/Xcode/DerivedData/Hither-bjrqgrflacigtpguwzhgemabgmon/Build/Products/Debug-iphonesimulator/PackageFrameworks -F /Users/dillion/Library/Developer/Xcode/DerivedData/Hither-bjrqgrflacigtpguwzhgemabgmon/Build/Products/Debug-iphonesimulator/PackageFrameworks -F /Users/dillion/Library/Developer/Xcode/DerivedData/Hither-bjrqgrflacigtpguwzhgemabgmon/Build/Products/Debug-iphonesimulator/PackageFrameworks -F /Users/dillion/Library/Developer/Xcode/DerivedData/Hither-bjrqgrflacigtpguwzhgemabgmon/Build/Products/Debug-iphonesimulator -no-color-diagnostics -enable-testing -g -debug-info-format\=dwarf -dwarf-version\=5 -module-cache-path /Users/dillion/Library/Developer/Xcode/DerivedData/ModuleCache.noindex -profile-generate -profile-coverage-mapping -swift-version 5 -enforce-exclusivity\=checked -Onone -D DEBUG -serialize-debugging-options -const-gather-protocols-file /Users/dillion/Library/Developer/Xcode/DerivedData/Hither-bjrqgrflacigtpguwzhgemabgmon/Build/Intermediates.noindex/Hither.build/Debug-iphonesimulator/Hither.build/Objects-normal/arm64/Hither_const_extract_protocols.json -enable-experimental-feature DebugDescriptionMacro -enable-bare-slash-regex -empty-abi-descriptor -validate-clang-modules-once -clang-build-session-file /Users/dillion/Library/Developer/Xcode/DerivedData/ModuleCache.noindex/Session.modulevalidation -Xcc -working-directory -Xcc /Users/dillion/Desktop/Hither -resource-dir /Applications/Xcode.app/Contents/Developer/Toolchains/XcodeDefault.xctoolchain/usr/lib/swift -enable-anonymous-context-mangled-names -file-compilation-dir /Users/dillion/Desktop/Hither -Xcc -fmodule-map-file\=/Users/dillion/Library/Developer/Xcode/DerivedData/Hither-bjrqgrflacigtpguwzhgemabgmon/Build/Intermediates.noindex/GeneratedModuleMaps-iphonesimulator/AppAuth.modulemap -Xcc -fmodule-map-file\=/Users/dillion/Library/Developer/Xcode/DerivedData/Hither-bjrqgrflacigtpguwzhgemabgmon/Build/Intermediates.noindex/GeneratedModuleMaps-iphonesimulator/AppAuthCore.modulemap -Xcc -fmodule-map-file\=/Users/dillion/Library/Developer/Xcode/DerivedData/Hither-bjrqgrflacigtpguwzhgemabgmon/Build/Intermediates.noindex/GeneratedModuleMaps-iphonesimulator/GoogleUtilities-UserDefaults.modulemap -Xcc -fmodule-map-file\=/Users/dillion/Library/Developer/Xcode/DerivedData/Hither-bjrqgrflacigtpguwzhgemabgmon/Build/Intermediates.noindex/GeneratedModuleMaps-iphonesimulator/AppCheckCore.modulemap -Xcc -fmodule-map-file\=/Users/dillion/Library/Developer/Xcode/DerivedData/Hither-bjrqgrflacigtpguwzhgemabgmon/Build/Intermediates.noindex/GeneratedModuleMaps-iphonesimulator/GoogleSignIn.modulemap -Xcc -fmodule-map-file\=/Users/dillion/Library/Developer/Xcode/DerivedData/Hither-bjrqgrflacigtpguwzhgemabgmon/Build/Intermediates.noindex/GeneratedModuleMaps-iphonesimulator/GoogleMapsTarget.modulemap -Xcc -fmodule-map-file\=/Users/dillion/Library/Developer/Xcode/DerivedData/Hither-bjrqgrflacigtpguwzhgemabgmon/Build/Intermediates.noindex/GeneratedModuleMaps-iphonesimulator/RecaptchaInterop.modulemap -Xcc -fmodule-map-file\=/Users/dillion/Library/Developer/Xcode/DerivedData/Hither-bjrqgrflacigtpguwzhgemabgmon/Build/Intermediates.noindex/GeneratedModuleMaps-iphonesimulator/GoogleUtilities-Network.modulemap -Xcc -fmodule-map-file\=/Users/dillion/Library/Developer/Xcode/DerivedData/Hither-bjrqgrflacigtpguwzhgemabgmon/Build/Intermediates.noindex/GeneratedModuleMaps-iphonesimulator/GoogleUtilities-Reachability.modulemap -Xcc -fmodule-map-file\=/Users/dillion/Library/Developer/Xcode/DerivedData/Hither-bjrqgrflacigtpguwzhgemabgmon/Build/Intermediates.noindex/GeneratedModuleMaps-iphonesimulator/GoogleUtilities-AppDelegateSwizzler.modulemap -Xcc -fmodule-map-file\=/Users/dillion/Library/Developer/Xcode/DerivedData/Hither-bjrqgrflacigtpguwzhgemabgmon/Build/Intermediates.noindex/GeneratedModuleMaps-iphonesimulator/GTMSessionFetcherCore.modulemap -Xcc -fmodule-map-file\=/Users/dillion/Library/Developer/Xcode/DerivedData/Hither-bjrqgrflacigtpguwzhgemabgmon/Build/Intermediates.noindex/GeneratedModuleMaps-iphonesimulator/FirebaseAuthInternal.modulemap -Xcc -fmodule-map-file\=/Users/dillion/Library/Developer/Xcode/DerivedData/Hither-bjrqgrflacigtpguwzhgemabgmon/Build/Intermediates.noindex/GeneratedModuleMaps-iphonesimulator/FirebaseAuthInterop.modulemap -Xcc -fmodule-map-file\=/Users/dillion/Library/Developer/Xcode/DerivedData/Hither-bjrqgrflacigtpguwzhgemabgmon/Build/Intermediates.noindex/GeneratedModuleMaps-iphonesimulator/GoogleUtilities-NSData.modulemap -Xcc -fmodule-map-file\=/Users/dillion/Library/Developer/Xcode/DerivedData/Hither-bjrqgrflacigtpguwzhgemabgmon/Build/Intermediates.noindex/GeneratedModuleMaps-iphonesimulator/GoogleUtilities-Environment.modulemap -Xcc -fmodule-map-file\=/Users/dillion/Library/Developer/Xcode/DerivedData/Hither-bjrqgrflacigtpguwzhgemabgmon/Build/Intermediates.noindex/GeneratedModuleMaps-iphonesimulator/third-party-IsAppEncrypted.modulemap -Xcc -fmodule-map-file\=/Users/dillion/Library/Developer/Xcode/DerivedData/Hither-bjrqgrflacigtpguwzhgemabgmon/Build/Intermediates.noindex/GeneratedModuleMaps-iphonesimulator/GoogleUtilities-Logger.modulemap -Xcc -fmodule-map-file\=/Users/dillion/Library/Developer/Xcode/DerivedData/Hither-bjrqgrflacigtpguwzhgemabgmon/Build/Intermediates.noindex/GeneratedModuleMaps-iphonesimulator/abslWrapper.modulemap -Xcc -fmodule-map-file\=/Users/dillion/Library/Developer/Xcode/DerivedData/Hither-bjrqgrflacigtpguwzhgemabgmon/Build/Intermediates.noindex/GeneratedModuleMaps-iphonesimulator/opensslWrapper.modulemap -Xcc -fmodule-map-file\=/Users/dillion/Library/Developer/Xcode/DerivedData/Hither-bjrqgrflacigtpguwzhgemabgmon/Build/Intermediates.noindex/GeneratedModuleMaps-iphonesimulator/grpcWrapper.modulemap -Xcc -fmodule-map-file\=/Users/dillion/Library/Developer/Xcode/DerivedData/Hither-bjrqgrflacigtpguwzhgemabgmon/Build/Intermediates.noindex/GeneratedModuleMaps-iphonesimulator/grpcppWrapper.modulemap -Xcc -fmodule-map-file\=/Users/dillion/Library/Developer/Xcode/DerivedData/Hither-bjrqgrflacigtpguwzhgemabgmon/Build/Intermediates.noindex/GeneratedModuleMaps-iphonesimulator/nanopb.modulemap -Xcc -fmodule-map-file\=/Users/dillion/Library/Developer/Xcode/DerivedData/Hither-bjrqgrflacigtpguwzhgemabgmon/Build/Intermediates.noindex/GeneratedModuleMaps-iphonesimulator/leveldb.modulemap -Xcc -fmodule-map-file\=/Users/dillion/Library/Developer/Xcode/DerivedData/Hither-bjrqgrflacigtpguwzhgemabgmon/Build/Intermediates.noindex/GeneratedModuleMaps-iphonesimulator/FirebaseCoreExtension.modulemap -Xcc -fmodule-map-file\=/Users/dillion/Library/Developer/Xcode/DerivedData/Hither-bjrqgrflacigtpguwzhgemabgmon/Build/Intermediates.noindex/GeneratedModuleMaps-iphonesimulator/FirebaseCore.modulemap -Xcc -fmodule-map-file\=/Users/dillion/Library/Developer/Xcode/DerivedData/Hither-bjrqgrflacigtpguwzhgemabgmon/Build/Intermediates.noindex/GeneratedModuleMaps-iphonesimulator/FirebaseAppCheckInterop.modulemap -Xcc -fmodule-map-file\=/Users/dillion/Library/Developer/Xcode/DerivedData/Hither-bjrqgrflacigtpguwzhgemabgmon/Build/Intermediates.noindex/GeneratedModuleMaps-iphonesimulator/FirebaseFirestoreInternalWrapper.modulemap -Xcc -fmodule-map-file\=/Users/dillion/Library/Developer/Xcode/DerivedData/Hither-bjrqgrflacigtpguwzhgemabgmon/Build/Intermediates.noindex/GeneratedModuleMaps-iphonesimulator/FirebaseFirestoreTarget.modulemap -Xcc -ivfsstatcache -Xcc /Users/dillion/Library/Developer/Xcode/DerivedData/SDKStatCaches.noindex/iphonesimulator18.5-22F76-d5fc8ad4295d2ef488fb7d0f804ce0c4.sdkstatcache -Xcc -I/Users/dillion/Library/Developer/Xcode/DerivedData/Hither-bjrqgrflacigtpguwzhgemabgmon/Build/Intermediates.noindex/Hither.build/Debug-iphonesimulator/Hither.build/swift-overrides.hmap -Xcc -iquote -Xcc /Users/dillion/Library/Developer/Xcode/DerivedData/Hither-bjrqgrflacigtpguwzhgemabgmon/Build/Intermediates.noindex/Hither.build/Debug-iphonesimulator/Hither.build/Hither-generated-files.hmap -Xcc -I/Users/dillion/Library/Developer/Xcode/DerivedData/Hither-bjrqgrflacigtpguwzhgemabgmon/Build/Intermediates.noindex/Hither.build/Debug-iphonesimulator/Hither.build/Hither-own-target-headers.hmap -Xcc -I/Users/dillion/Library/Developer/Xcode/DerivedData/Hither-bjrqgrflacigtpguwzhgemabgmon/Build/Intermediates.noindex/Hither.build/Debug-iphonesimulator/Hither.build/Hither-all-non-framework-target-headers.hmap -Xcc -ivfsoverlay -Xcc /Users/dillion/Library/Developer/Xcode/DerivedData/Hither-bjrqgrflacigtpguwzhgemabgmon/Build/Intermediates.noindex/Hither.build/Debug-iphonesimulator/Hither-ecfb13dc523557e1f837c334d236a518-VFS-iphonesimulator/all-product-headers.yaml -Xcc -iquote -Xcc /Users/dillion/Library/Developer/Xcode/DerivedData/Hither-bjrqgrflacigtpguwzhgemabgmon/Build/Intermediates.noindex/Hither.build/Debug-iphonesimulator/Hither.build/Hither-project-headers.hmap -Xcc -I/Users/dillion/Library/Developer/Xcode/DerivedData/Hither-bjrqgrflacigtpguwzhgemabgmon/SourcePackages/checkouts/AppAuth-iOS/Sources/AppAuth -Xcc -I/Users/dillion/Library/Developer/Xcode/DerivedData/Hither-bjrqgrflacigtpguwzhgemabgmon/SourcePackages/checkouts/AppAuth-iOS/Sources/AppAuthCore -Xcc -I/Users/dillion/Library/Developer/Xcode/DerivedData/Hither-bjrqgrflacigtpguwzhgemabgmon/SourcePackages/checkouts/promises/Sources/FBLPromises/include -Xcc -I/Users/dillion/Library/Developer/Xcode/DerivedData/Hither-bjrqgrflacigtpguwzhgemabgmon/SourcePackages/checkouts/GoogleUtilities/GoogleUtilities/UserDefaults/Public -Xcc -I/Users/dillion/Library/Developer/Xcode/DerivedData/Hither-bjrqgrflacigtpguwzhgemabgmon/SourcePackages/checkouts/app-check/AppCheckCore/Sources/Public -Xcc -I/Users/dillion/Library/Developer/Xcode/DerivedData/Hither-bjrqgrflacigtpguwzhgemabgmon/SourcePackages/checkouts/GoogleSignIn-iOS/GoogleSignIn/Sources/Public -Xcc -I/Users/dillion/Library/Developer/Xcode/DerivedData/Hither-bjrqgrflacigtpguwzhgemabgmon/SourcePackages/checkouts/ios-maps-sdk/Maps/Sources -Xcc -I/Users/dillion/Library/Developer/Xcode/DerivedData/Hither-bjrqgrflacigtpguwzhgemabgmon/SourcePackages/checkouts/interop-ios-for-google-sdks/RecaptchaEnterprise/RecaptchaInterop/Public -Xcc -I/Users/dillion/Library/Developer/Xcode/DerivedData/Hither-bjrqgrflacigtpguwzhgemabgmon/SourcePackages/checkouts/GoogleUtilities/GoogleUtilities/Network/Public -Xcc -I/Users/dillion/Library/Developer/Xcode/DerivedData/Hither-bjrqgrflacigtpguwzhgemabgmon/SourcePackages/checkouts/GoogleUtilities/GoogleUtilities/Reachability/Public -Xcc -I/Users/dillion/Library/Developer/Xcode/DerivedData/Hither-bjrqgrflacigtpguwzhgemabgmon/SourcePackages/checkouts/GoogleUtilities/GoogleUtilities/AppDelegateSwizzler/Public -Xcc -I/Users/dillion/Library/Developer/Xcode/DerivedData/Hither-bjrqgrflacigtpguwzhgemabgmon/SourcePackages/checkouts/gtm-session-fetcher/Sources/Core/Public -Xcc -I/Users/dillion/Library/Developer/Xcode/DerivedData/Hither-bjrqgrflacigtpguwzhgemabgmon/SourcePackages/checkouts/firebase-ios-sdk/FirebaseAuth/Sources/Public -Xcc -I/Users/dillion/Library/Developer/Xcode/DerivedData/Hither-bjrqgrflacigtpguwzhgemabgmon/SourcePackages/checkouts/firebase-ios-sdk/FirebaseAuth/Interop/Public -Xcc -I/Users/dillion/Library/Developer/Xcode/DerivedData/Hither-bjrqgrflacigtpguwzhgemabgmon/SourcePackages/checkouts/GoogleUtilities/GoogleUtilities/NSData+zlib/Public -Xcc -I/Users/dillion/Library/Developer/Xcode/DerivedData/Hither-bjrqgrflacigtpguwzhgemabgmon/SourcePackages/checkouts/GoogleUtilities/GoogleUtilities/Environment/Public -Xcc -I/Users/dillion/Library/Developer/Xcode/DerivedData/Hither-bjrqgrflacigtpguwzhgemabgmon/SourcePackages/checkouts/GoogleUtilities/third_party/IsAppEncrypted/Public -Xcc -I/Users/dillion/Library/Developer/Xcode/DerivedData/Hither-bjrqgrflacigtpguwzhgemabgmon/SourcePackages/checkouts/GoogleUtilities/GoogleUtilities/Logger/Public -Xcc -I/Users/dillion/Library/Developer/Xcode/DerivedData/Hither-bjrqgrflacigtpguwzhgemabgmon/SourcePackages/checkouts/abseil-cpp-binary/absl-Wrapper/include -Xcc -I/Users/dillion/Library/Developer/Xcode/DerivedData/Hither-bjrqgrflacigtpguwzhgemabgmon/SourcePackages/checkouts/grpc-binary/openssl-grpc-Wrapper/include -Xcc -I/Users/dillion/Library/Developer/Xcode/DerivedData/Hither-bjrqgrflacigtpguwzhgemabgmon/SourcePackages/checkouts/grpc-binary/grpc-Wrapper/include -Xcc -I/Users/dillion/Library/Developer/Xcode/DerivedData/Hither-bjrqgrflacigtpguwzhgemabgmon/SourcePackages/checkouts/grpc-binary/grpcpp-Wrapper/include -Xcc -I/Users/dillion/Library/Developer/Xcode/DerivedData/Hither-bjrqgrflacigtpguwzhgemabgmon/SourcePackages/checkouts/nanopb/spm_headers -Xcc -I/Users/dillion/Library/Developer/Xcode/DerivedData/Hither-bjrqgrflacigtpguwzhgemabgmon/SourcePackages/checkouts/leveldb/include -Xcc -I/Users/dillion/Library/Developer/Xcode/DerivedData/Hither-bjrqgrflacigtpguwzhgemabgmon/SourcePackages/checkouts/firebase-ios-sdk/FirebaseCore/Extension -Xcc -I/Users/dillion/Library/Developer/Xcode/DerivedData/Hither-bjrqgrflacigtpguwzhgemabgmon/SourcePackages/checkouts/firebase-ios-sdk/FirebaseCore/Sources/Public -Xcc -I/Users/dillion/Library/Developer/Xcode/DerivedData/Hither-bjrqgrflacigtpguwzhgemabgmon/SourcePackages/checkouts/firebase-ios-sdk/CoreOnly/Sources -Xcc -I/Users/dillion/Library/Developer/Xcode/DerivedData/Hither-bjrqgrflacigtpguwzhgemabgmon/SourcePackages/checkouts/firebase-ios-sdk/FirebaseAppCheck/Interop/Public -Xcc -I/Users/dillion/Library/Developer/Xcode/DerivedData/Hither-bjrqgrflacigtpguwzhgemabgmon/SourcePackages/checkouts/firebase-ios-sdk/FirebaseFirestoreInternal -Xcc -I/Users/dillion/Library/Developer/Xcode/DerivedData/Hither-bjrqgrflacigtpguwzhgemabgmon/SourcePackages/checkouts/firebase-ios-sdk/SwiftPM-PlatformExclude/FirebaseFirestoreWrap/include -Xcc -I/Users/dillion/Library/Developer/Xcode/DerivedData/Hither-bjrqgrflacigtpguwzhgemabgmon/Build/Products/Debug-iphonesimulator/include -Xcc -I/Users/dillion/Library/Developer/Xcode/DerivedData/Hither-bjrqgrflacigtpguwzhgemabgmon/Build/Intermediates.noindex/Hither.build/Debug-iphonesimulator/Hither.build/DerivedSources-normal/arm64 -Xcc -I/Users/dillion/Library/Developer/Xcode/DerivedData/Hither-bjrqgrflacigtpguwzhgemabgmon/Build/Intermediates.noindex/Hither.build/Debug-iphonesimulator/Hither.build/DerivedSources/arm64 -Xcc -I/Users/dillion/Library/Developer/Xcode/DerivedData/Hither-bjrqgrflacigtpguwzhgemabgmon/Build/Intermediates.noindex/Hither.build/Debug-iphonesimulator/Hither.build/DerivedSources -Xcc -DDEBUG\=1 -module-name Hither -frontend-parseable-output -disable-clang-spi -target-sdk-version 18.5 -target-sdk-name iphonesimulator18.5 -external-plugin-path /Applications/Xcode.app/Contents/Developer/Platforms/iPhoneOS.platform/Developer/usr/lib/swift/host/plugins\#/Applications/Xcode.app/Contents/Developer/Platforms/iPhoneOS.platform/Developer/usr/bin/swift-plugin-server -external-plugin-path /Applications/Xcode.app/Contents/Developer/Platforms/iPhoneOS.platform/Developer/usr/local/lib/swift/host/plugins\#/Applications/Xcode.app/Contents/Developer/Platforms/iPhoneOS.platform/Developer/usr/bin/swift-plugin-server -in-process-plugin-server-path /Applications/Xcode.app/Contents/Developer/Toolchains/XcodeDefault.xctoolchain/usr/lib/swift/host/libSwiftInProcPluginServer.dylib -plugin-path /Applications/Xcode.app/Contents/Developer/Toolchains/XcodeDefault.xctoolchain/usr/lib/swift/host/plugins -plugin-path /Applications/Xcode.app/Contents/Developer/Toolchains/XcodeDefault.xctoolchain/usr/local/lib/swift/host/plugins -o /Users/dillion/Library/Developer/Xcode/DerivedData/Hither-bjrqgrflacigtpguwzhgemabgmon/Build/Intermediates.noindex/Hither.build/Debug-iphonesimulator/Hither.build/Objects-normal/arm64/LiveActivityService.o -o /Users/dillion/Library/Developer/Xcode/DerivedData/Hither-bjrqgrflacigtpguwzhgemabgmon/Build/Intermediates.noindex/Hither.build/Debug-iphonesimulator/Hither.build/Objects-normal/arm64/CommandService.o -o /Users/dillion/Library/Developer/Xcode/DerivedData/Hither-bjrqgrflacigtpguwzhgemabgmon/Build/Intermediates.noindex/Hither.build/Debug-iphonesimulator/Hither.build/Objects-normal/arm64/MapView.o -o /Users/dillion/Library/Developer/Xcode/DerivedData/Hither-bjrqgrflacigtpguwzhgemabgmon/Build/Intermediates.noindex/Hither.build/Debug-iphonesimulator/Hither.build/Objects-normal/arm64/DistanceThresholdPicker.o -o /Users/dillion/Library/Developer/Xcode/DerivedData/Hither-bjrqgrflacigtpguwzhgemabgmon/Build/Intermediates.noindex/Hither.build/Debug-iphonesimulator/Hither.build/Objects-normal/arm64/NotificationService.o -o /Users/dillion/Library/Developer/Xcode/DerivedData/Hither-bjrqgrflacigtpguwzhgemabgmon/Build/Intermediates.noindex/Hither.build/Debug-iphonesimulator/Hither.build/Objects-normal/arm64/DirectionService.o -index-unit-output-path /Hither.build/Debug-iphonesimulator/Hither.build/Objects-normal/arm64/LiveActivityService.o -index-unit-output-path /Hither.build/Debug-iphonesimulator/Hither.build/Objects-normal/arm64/CommandService.o -index-unit-output-path /Hither.build/Debug-iphonesimulator/Hither.build/Objects-normal/arm64/MapView.o -index-unit-output-path /Hither.build/Debug-iphonesimulator/Hither.build/Objects-normal/arm64/DistanceThresholdPicker.o -index-unit-output-path /Hither.build/Debug-iphonesimulator/Hither.build/Objects-normal/arm64/NotificationService.o -index-unit-output-path /Hither.build/Debug-iphonesimulator/Hither.build/Objects-normal/arm64/DirectionService.o -index-store-path /Users/dillion/Library/Developer/Xcode/DerivedData/Hither-bjrqgrflacigtpguwzhgemabgmon/Index.noindex/DataStore -index-system-modules
SwiftDriverJobDiscovery normal arm64 Compiling ExistingGroupsSection.swift, MainTabView.swift, LocationSelectionSheet.swift, WaypointComponents.swift, WaypointDetailsSheet.swift, ImportURLSheet.swift (in target 'Hither' from project 'Hither')

SwiftDriverJobDiscovery normal arm64 Compiling ThemeTextStyles.swift, HitherApp.swift, CommandsView.swift, RouteMapView.swift, ErrorHandlingView.swift, DashboardView.swift, GoogleMapsNativeView.swift (in target 'Hither' from project 'Hither')

ExtractAppIntentsMetadata (in target 'WidgetsExtension' from project 'Hither')
    cd /Users/dillion/Desktop/Hither
    /Applications/Xcode.app/Contents/Developer/Toolchains/XcodeDefault.xctoolchain/usr/bin/appintentsmetadataprocessor --toolchain-dir /Applications/Xcode.app/Contents/Developer/Toolchains/XcodeDefault.xctoolchain --module-name WidgetsExtension --sdk-root /Applications/Xcode.app/Contents/Developer/Platforms/iPhoneSimulator.platform/Developer/SDKs/iPhoneSimulator18.5.sdk --xcode-version 16F6 --platform-family iOS --deployment-target 18.5 --bundle-identifier com.qza.Hither.Widgets --output /Users/dillion/Library/Developer/Xcode/DerivedData/Hither-bjrqgrflacigtpguwzhgemabgmon/Build/Products/Debug-iphonesimulator/WidgetsExtension.appex --target-triple arm64-apple-ios18.5-simulator --binary-file /Users/dillion/Library/Developer/Xcode/DerivedData/Hither-bjrqgrflacigtpguwzhgemabgmon/Build/Products/Debug-iphonesimulator/WidgetsExtension.appex/WidgetsExtension --dependency-file /Users/dillion/Library/Developer/Xcode/DerivedData/Hither-bjrqgrflacigtpguwzhgemabgmon/Build/Intermediates.noindex/Hither.build/Debug-iphonesimulator/WidgetsExtension.build/Objects-normal/arm64/WidgetsExtension_dependency_info.dat --stringsdata-file /Users/dillion/Library/Developer/Xcode/DerivedData/Hither-bjrqgrflacigtpguwzhgemabgmon/Build/Intermediates.noindex/Hither.build/Debug-iphonesimulator/WidgetsExtension.build/Objects-normal/arm64/ExtractedAppShortcutsMetadata.stringsdata --source-file-list /Users/dillion/Library/Developer/Xcode/DerivedData/Hither-bjrqgrflacigtpguwzhgemabgmon/Build/Intermediates.noindex/Hither.build/Debug-iphonesimulator/WidgetsExtension.build/Objects-normal/arm64/WidgetsExtension.SwiftFileList --metadata-file-list /Users/dillion/Library/Developer/Xcode/DerivedData/Hither-bjrqgrflacigtpguwzhgemabgmon/Build/Intermediates.noindex/Hither.build/Debug-iphonesimulator/WidgetsExtension.build/WidgetsExtension.DependencyMetadataFileList --static-metadata-file-list /Users/dillion/Library/Developer/Xcode/DerivedData/Hither-bjrqgrflacigtpguwzhgemabgmon/Build/Intermediates.noindex/Hither.build/Debug-iphonesimulator/WidgetsExtension.build/WidgetsExtension.DependencyStaticMetadataFileList --swift-const-vals-list /Users/dillion/Library/Developer/Xcode/DerivedData/Hither-bjrqgrflacigtpguwzhgemabgmon/Build/Intermediates.noindex/Hither.build/Debug-iphonesimulator/WidgetsExtension.build/Objects-normal/arm64/WidgetsExtension.SwiftConstValuesFileList --compile-time-extraction --deployment-aware-processing --validate-assistant-intents --no-app-shortcuts-localization
2025-09-01 01:34:59.541 appintentsmetadataprocessor[53261:2714092] Starting appintentsmetadataprocessor export
2025-09-01 01:34:59.698 appintentsmetadataprocessor[53261:2714092] Writing Metadata.appintents
2025-09-01 01:34:59.699 appintentsmetadataprocessor[53261:2714092] Metadata root: /Users/dillion/Library/Developer/Xcode/DerivedData/Hither-bjrqgrflacigtpguwzhgemabgmon/Build/Products/Debug-iphonesimulator/WidgetsExtension.appex/Metadata.appintents

SwiftCompile normal arm64 Compiling\ LanguagePicker.swift,\ ThemeAwareComponents.swift,\ AllCommandsSheet.swift /Users/dillion/Desktop/Hither/Hither/Views/Components/LanguagePicker.swift /Users/dillion/Desktop/Hither/Hither/Views/Components/ThemeAwareComponents.swift /Users/dillion/Desktop/Hither/Hither/Views/Dashboard/AllCommandsSheet.swift (in target 'Hither' from project 'Hither')

SwiftCompile normal arm64 /Users/dillion/Desktop/Hither/Hither/Views/Components/LanguagePicker.swift (in target 'Hither' from project 'Hither')
    cd /Users/dillion/Desktop/Hither
    

SwiftCompile normal arm64 /Users/dillion/Desktop/Hither/Hither/Views/Components/ThemeAwareComponents.swift (in target 'Hither' from project 'Hither')
    cd /Users/dillion/Desktop/Hither
    

SwiftCompile normal arm64 /Users/dillion/Desktop/Hither/Hither/Views/Dashboard/AllCommandsSheet.swift (in target 'Hither' from project 'Hither')
    cd /Users/dillion/Desktop/Hither
    

SwiftCompile normal arm64 Compiling\ MapTypes.swift,\ TabBarAnchoredDestinationView.swift,\ Command.swift /Users/dillion/Desktop/Hither/Hither/Models/MapTypes.swift /Users/dillion/Desktop/Hither/Hither/Views/Components/TabBarAnchoredDestinationView.swift /Users/dillion/Desktop/Hither/Hither/Models/Command.swift (in target 'Hither' from project 'Hither')

SwiftCompile normal arm64 /Users/dillion/Desktop/Hither/Hither/Models/MapTypes.swift (in target 'Hither' from project 'Hither')
    cd /Users/dillion/Desktop/Hither
    

SwiftCompile normal arm64 /Users/dillion/Desktop/Hither/Hither/Views/Components/TabBarAnchoredDestinationView.swift (in target 'Hither' from project 'Hither')
    cd /Users/dillion/Desktop/Hither
    

SwiftCompile normal arm64 /Users/dillion/Desktop/Hither/Hither/Models/Command.swift (in target 'Hither' from project 'Hither')
    cd /Users/dillion/Desktop/Hither
    

SwiftDriverJobDiscovery normal arm64 Compiling FindRequestService.swift, Group.swift, MemberRowView.swift, FindRequestNotification.swift, InviteSheet.swift, LeaderDashboardView.swift, MapSearchBar.swift (in target 'Hither' from project 'Hither')

SwiftCompile normal arm64 Compiling\ FirebaseExtensions.swift,\ BottomSheetView.swift,\ ThemeConfiguration.swift,\ ThemeSettingsView.swift /Users/dillion/Desktop/Hither/Hither/Services/FirebaseExtensions.swift /Users/dillion/Desktop/Hither/Hither/Views/Components/BottomSheetView.swift /Users/dillion/Desktop/Hither/Hither/Services/ThemeConfiguration.swift /Users/dillion/Desktop/Hither/Hither/Views/Settings/ThemeSettingsView.swift (in target 'Hither' from project 'Hither')

SwiftCompile normal arm64 /Users/dillion/Desktop/Hither/Hither/Services/FirebaseExtensions.swift (in target 'Hither' from project 'Hither')
    cd /Users/dillion/Desktop/Hither
    

SwiftCompile normal arm64 /Users/dillion/Desktop/Hither/Hither/Views/Components/BottomSheetView.swift (in target 'Hither' from project 'Hither')
    cd /Users/dillion/Desktop/Hither
    

SwiftCompile normal arm64 /Users/dillion/Desktop/Hither/Hither/Services/ThemeConfiguration.swift (in target 'Hither' from project 'Hither')
    cd /Users/dillion/Desktop/Hither
    

SwiftCompile normal arm64 /Users/dillion/Desktop/Hither/Hither/Views/Settings/ThemeSettingsView.swift (in target 'Hither' from project 'Hither')
    cd /Users/dillion/Desktop/Hither
    

SwiftCompile normal arm64 Compiling\ DevelopmentLocationSheet.swift /Users/dillion/Desktop/Hither/Hither/Views/Development/DevelopmentLocationSheet.swift (in target 'Hither' from project 'Hither')

SwiftCompile normal arm64 /Users/dillion/Desktop/Hither/Hither/Views/Development/DevelopmentLocationSheet.swift (in target 'Hither' from project 'Hither')
    cd /Users/dillion/Desktop/Hither
    

SwiftDriverJobDiscovery normal arm64 Compiling LocationService.swift, ItineraryView.swift, LiquidGlassTextField.swift, ThemeExampleView.swift, AuthenticationService.swift, GoogleMapsService.swift, GroupService.swift (in target 'Hither' from project 'Hither')

SwiftCompile normal arm64 Compiling\ LanguageService.swift,\ OnboardingView.swift,\ ItineraryBottomSheetContent.swift /Users/dillion/Desktop/Hither/Hither/Services/LanguageService.swift /Users/dillion/Desktop/Hither/Hither/Views/Components/OnboardingView.swift /Users/dillion/Desktop/Hither/Hither/Views/Components/ItineraryBottomSheetContent.swift (in target 'Hither' from project 'Hither')

SwiftCompile normal arm64 /Users/dillion/Desktop/Hither/Hither/Services/LanguageService.swift (in target 'Hither' from project 'Hither')
    cd /Users/dillion/Desktop/Hither
    

SwiftCompile normal arm64 /Users/dillion/Desktop/Hither/Hither/Views/Components/OnboardingView.swift (in target 'Hither' from project 'Hither')
    cd /Users/dillion/Desktop/Hither
    

SwiftCompile normal arm64 /Users/dillion/Desktop/Hither/Hither/Views/Components/ItineraryBottomSheetContent.swift (in target 'Hither' from project 'Hither')
    cd /Users/dillion/Desktop/Hither
    

SwiftDriverJobDiscovery normal arm64 Compiling MapTypes.swift, TabBarAnchoredDestinationView.swift, Command.swift (in target 'Hither' from project 'Hither')

SwiftCompile normal arm64 Compiling\ DevelopmentService.swift,\ StandardErrorView.swift,\ GeneratedAssetSymbols.swift /Users/dillion/Desktop/Hither/Hither/Services/DevelopmentService.swift /Users/dillion/Desktop/Hither/Hither/Views/Components/UI/StandardErrorView.swift /Users/dillion/Library/Developer/Xcode/DerivedData/Hither-bjrqgrflacigtpguwzhgemabgmon/Build/Intermediates.noindex/Hither.build/Debug-iphonesimulator/Hither.build/DerivedSources/GeneratedAssetSymbols.swift (in target 'Hither' from project 'Hither')

SwiftCompile normal arm64 /Users/dillion/Desktop/Hither/Hither/Services/DevelopmentService.swift (in target 'Hither' from project 'Hither')
    cd /Users/dillion/Desktop/Hither
    
/Users/dillion/Desktop/Hither/Hither/Services/DevelopmentService.swift:26:52: warning: 'unarchiveTopLevelObjectWithData' was deprecated in iOS 12.0: Use unarchivedObject(ofClass:from:) instead
           let coordinate = try? NSKeyedUnarchiver.unarchiveTopLevelObjectWithData(data) as? CLLocation {
                                                   ^

SwiftCompile normal arm64 /Users/dillion/Desktop/Hither/Hither/Views/Components/UI/StandardErrorView.swift (in target 'Hither' from project 'Hither')
    cd /Users/dillion/Desktop/Hither
    

SwiftCompile normal arm64 /Users/dillion/Library/Developer/Xcode/DerivedData/Hither-bjrqgrflacigtpguwzhgemabgmon/Build/Intermediates.noindex/Hither.build/Debug-iphonesimulator/Hither.build/DerivedSources/GeneratedAssetSymbols.swift (in target 'Hither' from project 'Hither')
    cd /Users/dillion/Desktop/Hither
    

SwiftDriverJobDiscovery normal arm64 Compiling DevelopmentLocationSheet.swift (in target 'Hither' from project 'Hither')

SwiftCompile normal arm64 Compiling\ GoogleMapsBottomSheet.swift,\ User.swift,\ ServiceOperationHandler.swift,\ DistanceCalculationManager.swift /Users/dillion/Desktop/Hither/Hither/Views/Map/GoogleMapsBottomSheet.swift /Users/dillion/Desktop/Hither/Hither/Models/User.swift /Users/dillion/Desktop/Hither/Hither/Services/ServiceOperationHandler.swift /Users/dillion/Desktop/Hither/Hither/Services/DistanceCalculationManager.swift (in target 'Hither' from project 'Hither')

SwiftCompile normal arm64 /Users/dillion/Desktop/Hither/Hither/Views/Map/GoogleMapsBottomSheet.swift (in target 'Hither' from project 'Hither')
    cd /Users/dillion/Desktop/Hither
    

SwiftCompile normal arm64 /Users/dillion/Desktop/Hither/Hither/Models/User.swift (in target 'Hither' from project 'Hither')
    cd /Users/dillion/Desktop/Hither
    

SwiftCompile normal arm64 /Users/dillion/Desktop/Hither/Hither/Services/ServiceOperationHandler.swift (in target 'Hither' from project 'Hither')
    cd /Users/dillion/Desktop/Hither
    
/Users/dillion/Desktop/Hither/Hither/Services/ServiceOperationHandler.swift:24:31: warning: main actor-isolated static property 'performanceMetrics' can not be referenced from a Sendable closure; this is an error in the Swift 6 language mode
            if var existing = performanceMetrics[operationName] {
                              ^
/Users/dillion/Desktop/Hither/Hither/Services/ServiceOperationHandler.swift:18:24: note: static property declared here
    private static var performanceMetrics: [String: (totalTime: TimeInterval, queryCount: Int, callCount: Int)] = [:]
                       ^
/Users/dillion/Desktop/Hither/Hither/Services/ServiceOperationHandler.swift:28:17: warning: main actor-isolated static property 'performanceMetrics' can not be mutated from a Sendable closure; this is an error in the Swift 6 language mode
                performanceMetrics[operationName] = existing
                ^
/Users/dillion/Desktop/Hither/Hither/Services/ServiceOperationHandler.swift:18:24: note: mutation of this static property is only permitted within the actor
    private static var performanceMetrics: [String: (totalTime: TimeInterval, queryCount: Int, callCount: Int)] = [:]
                       ^
/Users/dillion/Desktop/Hither/Hither/Services/ServiceOperationHandler.swift:30:17: warning: main actor-isolated static property 'performanceMetrics' can not be mutated from a Sendable closure; this is an error in the Swift 6 language mode
                performanceMetrics[operationName] = (duration, queryCount, 1)
                ^
/Users/dillion/Desktop/Hither/Hither/Services/ServiceOperationHandler.swift:18:24: note: mutation of this static property is only permitted within the actor
    private static var performanceMetrics: [String: (totalTime: TimeInterval, queryCount: Int, callCount: Int)] = [:]
                       ^
/Users/dillion/Desktop/Hither/Hither/Services/ServiceOperationHandler.swift:54:13: warning: main actor-isolated static property 'performanceMetrics' can not be mutated from a Sendable closure; this is an error in the Swift 6 language mode
            performanceMetrics.removeAll()
            ^
/Users/dillion/Desktop/Hither/Hither/Services/ServiceOperationHandler.swift:18:24: note: mutation of this static property is only permitted within the actor
    private static var performanceMetrics: [String: (totalTime: TimeInterval, queryCount: Int, callCount: Int)] = [:]
                       ^

SwiftCompile normal arm64 /Users/dillion/Desktop/Hither/Hither/Services/DistanceCalculationManager.swift (in target 'Hither' from project 'Hither')
    cd /Users/dillion/Desktop/Hither
    

SwiftDriverJobDiscovery normal arm64 Compiling EditNameSheet.swift, SettingsView.swift, Itinerary.swift, AllGroupsView.swift, FindMemberView.swift, JoinGroupSection.swift, NativeQRScannerView.swift (in target 'Hither' from project 'Hither')

SwiftCompile normal arm64 Compiling\ MemberProfileSheet.swift,\ LocalizedLogger.swift,\ DestinationCarouselView.swift /Users/dillion/Desktop/Hither/Hither/Views/Components/MemberProfileSheet.swift /Users/dillion/Desktop/Hither/Hither/Services/LocalizedLogger.swift /Users/dillion/Desktop/Hither/Hither/Views/Components/DestinationCarouselView.swift (in target 'Hither' from project 'Hither')
SwiftCompile normal arm64 /Users/dillion/Desktop/Hither/Hither/Views/Components/MemberProfileSheet.swift (in target 'Hither' from project 'Hither')
    cd /Users/dillion/Desktop/Hither
    

SwiftCompile normal arm64 /Users/dillion/Desktop/Hither/Hither/Services/LocalizedLogger.swift (in target 'Hither' from project 'Hither')
    cd /Users/dillion/Desktop/Hither
    

SwiftCompile normal arm64 /Users/dillion/Desktop/Hither/Hither/Views/Components/DestinationCarouselView.swift (in target 'Hither' from project 'Hither')
    cd /Users/dillion/Desktop/Hither
    

SwiftDriverJobDiscovery normal arm64 Compiling DevelopmentService.swift, StandardErrorView.swift, GeneratedAssetSymbols.swift (in target 'Hither' from project 'Hither')

SwiftCompile normal arm64 Compiling\ SheepLoadingView.swift,\ PlaceholderBottomSheetContent.swift,\ GoogleMapsParser.swift,\ ThemeManager.swift /Users/dillion/Desktop/Hither/Hither/Views/Components/SheepLoadingView.swift /Users/dillion/Desktop/Hither/Hither/Views/Components/PlaceholderBottomSheetContent.swift /Users/dillion/Desktop/Hither/Hither/Utils/GoogleMapsParser.swift /Users/dillion/Desktop/Hither/Hither/Services/ThemeManager.swift (in target 'Hither' from project 'Hither')

SwiftCompile normal arm64 /Users/dillion/Desktop/Hither/Hither/Views/Components/SheepLoadingView.swift (in target 'Hither' from project 'Hither')
    cd /Users/dillion/Desktop/Hither
    

SwiftCompile normal arm64 /Users/dillion/Desktop/Hither/Hither/Views/Components/PlaceholderBottomSheetContent.swift (in target 'Hither' from project 'Hither')
    cd /Users/dillion/Desktop/Hither
    

SwiftCompile normal arm64 /Users/dillion/Desktop/Hither/Hither/Utils/GoogleMapsParser.swift (in target 'Hither' from project 'Hither')
    cd /Users/dillion/Desktop/Hither
    

SwiftCompile normal arm64 /Users/dillion/Desktop/Hither/Hither/Services/ThemeManager.swift (in target 'Hither' from project 'Hither')
    cd /Users/dillion/Desktop/Hither
    
/Users/dillion/Desktop/Hither/Hither/Services/ThemeManager.swift:279:44: warning: main actor-isolated static property 'shared' can not be referenced from a nonisolated context; this is an error in the Swift 6 language mode
    static let defaultValue = ThemeManager.shared
                                           ^
/Users/dillion/Desktop/Hither/Hither/Services/ThemeManager.swift:15:16: note: static property declared here
    static let shared = ThemeManager()
               ^

SwiftDriverJobDiscovery normal arm64 Compiling RoleIndicatorView.swift, EmojiAvatarPicker.swift, DarkBlueThemeSystem.swift, LiquidGlassComponents.swift, MemberInteractionMenu.swift, ContentView.swift, GroupSetupView.swift (in target 'Hither' from project 'Hither')

SwiftDriverJobDiscovery normal arm64 Compiling FirebaseExtensions.swift, BottomSheetView.swift, ThemeConfiguration.swift, ThemeSettingsView.swift (in target 'Hither' from project 'Hither')

CodeSign /Users/dillion/Library/Developer/Xcode/DerivedData/Hither-bjrqgrflacigtpguwzhgemabgmon/Build/Products/Debug-iphonesimulator/WidgetsExtension.appex/WidgetsExtension.debug.dylib (in target 'WidgetsExtension' from project 'Hither')
    cd /Users/dillion/Desktop/Hither
    
    Signing Identity:     "Sign to Run Locally"
    
    /usr/bin/codesign --force --sign - --timestamp\=none --generate-entitlement-der /Users/dillion/Library/Developer/Xcode/DerivedData/Hither-bjrqgrflacigtpguwzhgemabgmon/Build/Products/Debug-iphonesimulator/WidgetsExtension.appex/WidgetsExtension.debug.dylib

SwiftDriverJobDiscovery normal arm64 Compiling LanguagePicker.swift, ThemeAwareComponents.swift, AllCommandsSheet.swift (in target 'Hither' from project 'Hither')

CodeSign /Users/dillion/Library/Developer/Xcode/DerivedData/Hither-bjrqgrflacigtpguwzhgemabgmon/Build/Products/Debug-iphonesimulator/WidgetsExtension.appex/__preview.dylib (in target 'WidgetsExtension' from project 'Hither')
    cd /Users/dillion/Desktop/Hither
    
    Signing Identity:     "Sign to Run Locally"
    
    /usr/bin/codesign --force --sign - --timestamp\=none --generate-entitlement-der /Users/dillion/Library/Developer/Xcode/DerivedData/Hither-bjrqgrflacigtpguwzhgemabgmon/Build/Products/Debug-iphonesimulator/WidgetsExtension.appex/__preview.dylib
/Users/dillion/Library/Developer/Xcode/DerivedData/Hither-bjrqgrflacigtpguwzhgemabgmon/Build/Products/Debug-iphonesimulator/WidgetsExtension.appex/__preview.dylib: replacing existing signature

CodeSign /Users/dillion/Library/Developer/Xcode/DerivedData/Hither-bjrqgrflacigtpguwzhgemabgmon/Build/Products/Debug-iphonesimulator/WidgetsExtension.appex (in target 'WidgetsExtension' from project 'Hither')
    cd /Users/dillion/Desktop/Hither
    
    Signing Identity:     "Sign to Run Locally"
    
    /usr/bin/codesign --force --sign - --timestamp\=none --generate-entitlement-der /Users/dillion/Library/Developer/Xcode/DerivedData/Hither-bjrqgrflacigtpguwzhgemabgmon/Build/Products/Debug-iphonesimulator/WidgetsExtension.appex

CopyStringsFile /Users/dillion/Library/Developer/Xcode/DerivedData/Hither-bjrqgrflacigtpguwzhgemabgmon/Build/Products/Debug-iphonesimulator/Hither.app/zh-Hant.lproj/Localizable.strings /Users/dillion/Desktop/Hither/Hither/zh-Hant.lproj/Localizable.strings (in target 'Hither' from project 'Hither')
    cd /Users/dillion/Desktop/Hither
    builtin-copyStrings --validate --outputencoding binary --outfilename Localizable.strings --outdir /Users/dillion/Library/Developer/Xcode/DerivedData/Hither-bjrqgrflacigtpguwzhgemabgmon/Build/Products/Debug-iphonesimulator/Hither.app/zh-Hant.lproj -- /Users/dillion/Desktop/Hither/Hither/zh-Hant.lproj/Localizable.strings
/Users/dillion/Desktop/Hither/Hither/zh-Hant.lproj/Localizable.strings:1:1: note: detected encoding of input file as Unicode (UTF-8) (in target 'Hither' from project 'Hither')

CopyStringsFile /Users/dillion/Library/Developer/Xcode/DerivedData/Hither-bjrqgrflacigtpguwzhgemabgmon/Build/Products/Debug-iphonesimulator/Hither.app/Localizable.strings /Users/dillion/Desktop/Hither/Hither/Localizable.strings (in target 'Hither' from project 'Hither')
    cd /Users/dillion/Desktop/Hither
    builtin-copyStrings --validate --outputencoding binary --outfilename Localizable.strings --outdir /Users/dillion/Library/Developer/Xcode/DerivedData/Hither-bjrqgrflacigtpguwzhgemabgmon/Build/Products/Debug-iphonesimulator/Hither.app -- /Users/dillion/Desktop/Hither/Hither/Localizable.strings
/Users/dillion/Desktop/Hither/Hither/Localizable.strings:1:1: note: detected encoding of input file as Unicode (UTF-8) (in target 'Hither' from project 'Hither')

SwiftDriverJobDiscovery normal arm64 Compiling LanguageService.swift, OnboardingView.swift, ItineraryBottomSheetContent.swift (in target 'Hither' from project 'Hither')

SwiftDriverJobDiscovery normal arm64 Compiling AddWaypointSheet.swift, DirectionView.swift, LoginView.swift, ActivityAttributes.swift, RequestAuthorizationDialog.swift, ItineraryService.swift, BadgeSystemView.swift (in target 'Hither' from project 'Hither')

SwiftDriverJobDiscovery normal arm64 Compiling GoogleMapsBottomSheet.swift, User.swift, ServiceOperationHandler.swift, DistanceCalculationManager.swift (in target 'Hither' from project 'Hither')

SwiftDriverJobDiscovery normal arm64 Compiling SheepLoadingView.swift, PlaceholderBottomSheetContent.swift, GoogleMapsParser.swift, ThemeManager.swift (in target 'Hither' from project 'Hither')

** BUILD FAILED **


The following build commands failed:
	SwiftCompile normal arm64 /Users/dillion/Desktop/Hither/Hither/Views/Map/MapView.swift (in target 'Hither' from project 'Hither')
	SwiftCompile normal arm64 Compiling\ LiveActivityService.swift,\ CommandService.swift,\ MapView.swift,\ DistanceThresholdPicker.swift,\ NotificationService.swift,\ DirectionService.swift /Users/dillion/Desktop/Hither/Hither/Services/LiveActivityService.swift /Users/dillion/Desktop/Hither/Hither/Services/CommandService.swift /Users/dillion/Desktop/Hither/Hither/Views/Map/MapView.swift /Users/dillion/Desktop/Hither/Hither/Views/Settings/DistanceThresholdPicker.swift /Users/dillion/Desktop/Hither/Hither/Services/NotificationService.swift /Users/dillion/Desktop/Hither/Hither/Services/DirectionService.swift (in target 'Hither' from project 'Hither')
	Building project Hither with scheme Hither
(3 failures)
